/Users/kiran/Documents/MCUXpressoIDE_11.7.0_9198/workspace/Assignment4_KiranJojare/CMSIS/core_cm0plus.h:804:22:NVIC_SetPriority	24	static
../source/Timing.c:62:6:init_systick	8	static
../source/Timing.c:86:6:SysTick_Handler	8	static
../source/Timing.c:101:12:now	8	static
../source/Timing.c:105:12:now_tick	8	static
../source/Timing.c:117:6:reset_timer	8	static
../source/Timing.c:129:12:get_timer	8	static
../source/Timing.c:141:6:reset_crosswalk_timer	8	static
../source/Timing.c:153:12:get_crosswalk_timer	8	static
