/Users/kiran/Documents/GitHub/assignment-7-waveforms-kiranj26/CMSIS/core_cm0plus.h:745:22:NVIC_EnableIRQ	16	static
/Users/kiran/Documents/GitHub/assignment-7-waveforms-kiranj26/CMSIS/core_cm0plus.h:791:22:NVIC_ClearPendingIRQ	16	static
/Users/kiran/Documents/GitHub/assignment-7-waveforms-kiranj26/CMSIS/core_cm0plus.h:804:22:NVIC_SetPriority	24	static
../source/audio_output.c:63:6:DAC_initialise	8	static
../source/audio_output.c:85:6:generate_sine_waveform	40	static
../source/audio_output.c:105:6:generate_triangle_waveform	40	static
../source/audio_output.c:125:6:tone_to_samples	8	static
../source/audio_output.c:139:6:generate_audio	32	static
../source/audio_output.c:169:6:audio_output	16	static
../source/audio_output.c:192:6:init_dma_for_playback	16	static
../source/audio_output.c:216:6:start_dma_playback	8	static
../source/audio_output.c:229:6:DMA0_IRQHandler	8	static
