Archive member included to satisfy reference by file (symbol)

/Applications/MCUXpressoIDE_11.7.0_9198/ide/plugins/com.nxp.mcuxpresso.tools.macosx_11.7.0.202209140929/tools/bin/../lib/gcc/arm-none-eabi/10.3.1/../../../../arm-none-eabi/lib/thumb/v6-m/nofp/libcr_semihost_nf.a(__ciob.o)
                              ./source/Accumulate_Line.o (__Ciob)
/Applications/MCUXpressoIDE_11.7.0_9198/ide/plugins/com.nxp.mcuxpresso.tools.macosx_11.7.0.202209140929/tools/bin/../lib/gcc/arm-none-eabi/10.3.1/../../../../arm-none-eabi/lib/thumb/v6-m/nofp/libcr_semihost_nf.a(_cr__main.o)
                              ./startup/startup_mkl25z4.o (__main)
/Applications/MCUXpressoIDE_11.7.0_9198/ide/plugins/com.nxp.mcuxpresso.tools.macosx_11.7.0.202209140929/tools/bin/../lib/gcc/arm-none-eabi/10.3.1/../../../../arm-none-eabi/lib/thumb/v6-m/nofp/libcr_semihost_nf.a(_cr_assert.o)
                              ./source/test_cbfifo.o (__assertion_failed)
/Applications/MCUXpressoIDE_11.7.0_9198/ide/plugins/com.nxp.mcuxpresso.tools.macosx_11.7.0.202209140929/tools/bin/../lib/gcc/arm-none-eabi/10.3.1/../../../../arm-none-eabi/lib/thumb/v6-m/nofp/libcr_semihost_nf.a(__sys_appexit.o)
                              /Applications/MCUXpressoIDE_11.7.0_9198/ide/plugins/com.nxp.mcuxpresso.tools.macosx_11.7.0.202209140929/tools/bin/../lib/gcc/arm-none-eabi/10.3.1/../../../../arm-none-eabi/lib/thumb/v6-m/nofp/libcr_semihost_nf.a(_cr_assert.o) (__sys_appexit)
/Applications/MCUXpressoIDE_11.7.0_9198/ide/plugins/com.nxp.mcuxpresso.tools.macosx_11.7.0.202209140929/tools/bin/../lib/gcc/arm-none-eabi/10.3.1/../../../../arm-none-eabi/lib/thumb/v6-m/nofp/libcr_c.a(memcpy.o)
                              ./source/test_cbfifo.o (memcpy)
/Applications/MCUXpressoIDE_11.7.0_9198/ide/plugins/com.nxp.mcuxpresso.tools.macosx_11.7.0.202209140929/tools/bin/../lib/gcc/arm-none-eabi/10.3.1/../../../../arm-none-eabi/lib/thumb/v6-m/nofp/libcr_c.a(memset.o)
                              ./source/process_command.o (memset)
/Applications/MCUXpressoIDE_11.7.0_9198/ide/plugins/com.nxp.mcuxpresso.tools.macosx_11.7.0.202209140929/tools/bin/../lib/gcc/arm-none-eabi/10.3.1/../../../../arm-none-eabi/lib/thumb/v6-m/nofp/libcr_c.a(_deferredlazyseek.o)
                              ./source/Accumulate_Line.o (__flsbuf)
/Applications/MCUXpressoIDE_11.7.0_9198/ide/plugins/com.nxp.mcuxpresso.tools.macosx_11.7.0.202209140929/tools/bin/../lib/gcc/arm-none-eabi/10.3.1/../../../../arm-none-eabi/lib/thumb/v6-m/nofp/libcr_c.a(_fflush.o)
                              /Applications/MCUXpressoIDE_11.7.0_9198/ide/plugins/com.nxp.mcuxpresso.tools.macosx_11.7.0.202209140929/tools/bin/../lib/gcc/arm-none-eabi/10.3.1/../../../../arm-none-eabi/lib/thumb/v6-m/nofp/libcr_c.a(_deferredlazyseek.o) (_fflush)
/Applications/MCUXpressoIDE_11.7.0_9198/ide/plugins/com.nxp.mcuxpresso.tools.macosx_11.7.0.202209140929/tools/bin/../lib/gcc/arm-none-eabi/10.3.1/../../../../arm-none-eabi/lib/thumb/v6-m/nofp/libcr_c.a(_writebuf.o)
                              /Applications/MCUXpressoIDE_11.7.0_9198/ide/plugins/com.nxp.mcuxpresso.tools.macosx_11.7.0.202209140929/tools/bin/../lib/gcc/arm-none-eabi/10.3.1/../../../../arm-none-eabi/lib/thumb/v6-m/nofp/libcr_c.a(_deferredlazyseek.o) (_Cwritebuf)
/Applications/MCUXpressoIDE_11.7.0_9198/ide/plugins/com.nxp.mcuxpresso.tools.macosx_11.7.0.202209140929/tools/bin/../lib/gcc/arm-none-eabi/10.3.1/../../../../arm-none-eabi/lib/thumb/v6-m/nofp/libcr_c.a(alloc.o)
                              /Applications/MCUXpressoIDE_11.7.0_9198/ide/plugins/com.nxp.mcuxpresso.tools.macosx_11.7.0.202209140929/tools/bin/../lib/gcc/arm-none-eabi/10.3.1/../../../../arm-none-eabi/lib/thumb/v6-m/nofp/libcr_c.a(_deferredlazyseek.o) (_Csys_alloc)
/Applications/MCUXpressoIDE_11.7.0_9198/ide/plugins/com.nxp.mcuxpresso.tools.macosx_11.7.0.202209140929/tools/bin/../lib/gcc/arm-none-eabi/10.3.1/../../../../arm-none-eabi/lib/thumb/v6-m/nofp/libcr_c.a(fpprintf.o)
                              ./source/Accumulate_Line.o (printf)
/Applications/MCUXpressoIDE_11.7.0_9198/ide/plugins/com.nxp.mcuxpresso.tools.macosx_11.7.0.202209140929/tools/bin/../lib/gcc/arm-none-eabi/10.3.1/../../../../arm-none-eabi/lib/thumb/v6-m/nofp/libcr_c.a(fputs.o)
                              /Applications/MCUXpressoIDE_11.7.0_9198/ide/plugins/com.nxp.mcuxpresso.tools.macosx_11.7.0.202209140929/tools/bin/../lib/gcc/arm-none-eabi/10.3.1/../../../../arm-none-eabi/lib/thumb/v6-m/nofp/libcr_semihost_nf.a(_cr_assert.o) (fputs)
/Applications/MCUXpressoIDE_11.7.0_9198/ide/plugins/com.nxp.mcuxpresso.tools.macosx_11.7.0.202209140929/tools/bin/../lib/gcc/arm-none-eabi/10.3.1/../../../../arm-none-eabi/lib/thumb/v6-m/nofp/libcr_c.a(fseek.o)
                              /Applications/MCUXpressoIDE_11.7.0_9198/ide/plugins/com.nxp.mcuxpresso.tools.macosx_11.7.0.202209140929/tools/bin/../lib/gcc/arm-none-eabi/10.3.1/../../../../arm-none-eabi/lib/thumb/v6-m/nofp/libcr_c.a(_deferredlazyseek.o) (fseek)
[...]
Memory Configuration

Name             Origin             Length             Attributes
PROGRAM_FLASH    0x0000000000000000 0x0000000000020000 xr
SRAM             0x000000001ffff000 0x0000000000004000 xrw
*default*        0x0000000000000000 0xffffffffffffffff

Linker script and memory map

LOAD ./utilities/fsl_debug_console.o
LOAD ./startup/startup_mkl25z4.o
LOAD ./source/Accumulate_Line.o
LOAD ./source/TSI.o
LOAD ./source/cbfifo.o
LOAD ./source/i2c.o
LOAD ./source/main.o
LOAD ./source/mtb.o
LOAD ./source/process_command.o
LOAD ./source/pwm.o
LOAD ./source/rgb_led.o
LOAD ./source/semihost_hardfault.o
LOAD ./source/sht21.o
LOAD ./source/state_machine.o
LOAD ./source/sysclock.o
LOAD ./source/test_cbfifo.o
LOAD ./source/test_sht21.o
LOAD ./source/timer.o
LOAD ./source/uart.o
LOAD ./source/wdt.o
LOAD ./drivers/fsl_clock.o
LOAD ./drivers/fsl_common.o
LOAD ./drivers/fsl_flash.o
LOAD ./drivers/fsl_gpio.o
LOAD ./drivers/fsl_lpsci.o
LOAD ./drivers/fsl_smc.o
LOAD ./drivers/fsl_uart.o
LOAD ./board/board.o
LOAD ./board/clock_config.o
LOAD ./board/peripherals.o
LOAD ./board/pin_mux.o
LOAD ./CMSIS/system_MKL25Z4.o
START GROUP
LOAD /Applications/MCUXpressoIDE_11.7.0_9198/ide/plugins/com.nxp.mcuxpresso.tools.macosx_11.7.0.202209140929/tools/bin/../lib/gcc/arm-none-eabi/10.3.1/../../../../arm-none-eabi/lib/thumb/v6-m/nofp/libcr_semihost_nf.a
LOAD /Applications/MCUXpressoIDE_11.7.0_9198/ide/plugins/com.nxp.mcuxpresso.tools.macosx_11.7.0.202209140929/tools/bin/../lib/gcc/arm-none-eabi/10.3.1/../../../../arm-none-eabi/lib/thumb/v6-m/nofp/libcr_c.a
LOAD /Applications/MCUXpressoIDE_11.7.0_9198/ide/plugins/com.nxp.mcuxpresso.tools.macosx_11.7.0.202209140929/tools/bin/../lib/gcc/arm-none-eabi/10.3.1/thumb/v6-m/nofp/libcr_eabihelpers.a
LOAD /Applications/MCUXpressoIDE_11.7.0_9198/ide/plugins/com.nxp.mcuxpresso.tools.macosx_11.7.0.202209140929/tools/bin/../lib/gcc/arm-none-eabi/10.3.1/thumb/v6-m/nofp/libgcc.a
END GROUP
                0x0000000000000000                __base_PROGRAM_FLASH = 0x0
                0x0000000000000000                __base_Flash = 0x0
                0x0000000000020000                __top_PROGRAM_FLASH = 0x20000
                0x0000000000020000                __top_Flash = 0x20000
                0x000000001ffff000                __base_SRAM = 0x1ffff000
                0x000000001ffff000                __base_RAM = 0x1ffff000
                0x0000000020003000                __top_SRAM = 0x20003000
                0x0000000020003000                __top_RAM = 0x20003000

.text           0x0000000000000000     0xa2dc
 FILL mask 0xff
                0x0000000000000000                __vectors_start__ = ABSOLUTE (.)
 *(SORT_BY_ALIGNMENT(.isr_vector))
 .isr_vector    0x0000000000000000       0xc0 ./startup/startup_mkl25z4.o
                0x0000000000000000                __Vectors
                0x0000000000000000                g_pfnVectors
                0x00000000000000c0                . = ALIGN (0x4)
                0x00000000000000c0                __section_table_start = .
                0x00000000000000c0                __data_section_table = .
                0x00000000000000c0        0x4 LONG 0xa2dc LOADADDR (.data)
                0x00000000000000c4        0x4 LONG 0x1ffff080 ADDR (.data)
                0x00000000000000c8        0x4 LONG 0x14 SIZEOF (.data)
                0x00000000000000cc                __data_section_table_end = .
                0x00000000000000cc                __bss_section_table = .
                0x00000000000000cc        0x4 LONG 0x1ffff094 ADDR (.bss)
                0x00000000000000d0        0x4 LONG 0x31c SIZEOF (.bss)
                0x00000000000000d4                __bss_section_table_end = .
                0x00000000000000d4                __section_table_end = .
 *(SORT_BY_ALIGNMENT(.after_vectors*))
 .after_vectors.reset
                0x00000000000000d4       0x4c ./startup/startup_mkl25z4.o
                0x00000000000000d4                ResetISR
 .after_vectors.init_data
                0x0000000000000120       0x12 ./startup/startup_mkl25z4.o
                0x0000000000000120                data_init
 .after_vectors.init_bss
                0x0000000000000132       0x10 ./startup/startup_mkl25z4.o
                0x0000000000000132                bss_init
 .after_vectors
                0x0000000000000142      0x10c ./startup/startup_mkl25z4.o
                0x0000000000000142                NMI_Handler
                0x0000000000000146                SVC_Handler
                0x0000000000000148                PendSV_Handler
                0x000000000000014c                DMA0_DriverIRQHandler
                0x000000000000014c                SPI1_DriverIRQHandler
                0x000000000000014c                LPTMR0_DriverIRQHandler
                0x000000000000014c                I2C0_DriverIRQHandler
                0x000000000000014c                PORTD_DriverIRQHandler
                0x000000000000014c                DMA2_DriverIRQHandler
                0x000000000000014c                TPM2_DriverIRQHandler
                0x000000000000014c                CMP0_DriverIRQHandler
                0x000000000000014c                ADC0_DriverIRQHandler
                0x000000000000014c                TSI0_DriverIRQHandler
                0x000000000000014c                RTC_Seconds_DriverIRQHandler
                0x000000000000014c                SPI0_DriverIRQHandler
                0x000000000000014c                LLWU_DriverIRQHandler
                0x000000000000014c                MCG_DriverIRQHandler
                0x000000000000014c                I2C1_DriverIRQHandler
                0x000000000000014c                DMA1_DriverIRQHandler
                0x000000000000014c                FTFA_DriverIRQHandler
                0x000000000000014c                IntDefaultHandler
                0x000000000000014c                USB0_DriverIRQHandler
                0x000000000000014c                DAC0_DriverIRQHandler
                0x000000000000014c                PORTA_DriverIRQHandler
                0x000000000000014c                Reserved39_DriverIRQHandler
                0x000000000000014c                PIT_DriverIRQHandler
                0x000000000000014c                Reserved45_DriverIRQHandler
                0x000000000000014c                LVD_LVW_DriverIRQHandler
                0x000000000000014c                TPM0_DriverIRQHandler
                0x000000000000014c                RTC_DriverIRQHandler
                0x000000000000014c                TPM1_DriverIRQHandler
                0x000000000000014c                Reserved20_DriverIRQHandler
                0x000000000000014c                DMA3_DriverIRQHandler
                0x000000000000014e                DMA0_IRQHandler
                0x0000000000000156                DMA1_IRQHandler
                0x000000000000015e                DMA2_IRQHandler
                0x0000000000000166                DMA3_IRQHandler
                0x000000000000016e                Reserved20_IRQHandler
                0x0000000000000176                FTFA_IRQHandler
                0x000000000000017e                LVD_LVW_IRQHandler
                0x0000000000000186                LLWU_IRQHandler
                0x000000000000018e                I2C0_IRQHandler
                0x0000000000000196                I2C1_IRQHandler
                0x000000000000019e                SPI0_IRQHandler
                0x00000000000001a6                SPI1_IRQHandler
                0x00000000000001b6                UART1_IRQHandler
                0x00000000000001be                UART2_IRQHandler
                0x00000000000001c6                ADC0_IRQHandler
                0x00000000000001ce                CMP0_IRQHandler
                0x00000000000001d6                TPM0_IRQHandler
                0x00000000000001de                TPM1_IRQHandler
                0x00000000000001e6                TPM2_IRQHandler
                0x00000000000001ee                RTC_IRQHandler
                0x00000000000001f6                RTC_Seconds_IRQHandler
                0x00000000000001fe                PIT_IRQHandler
                0x0000000000000206                Reserved39_IRQHandler
                0x000000000000020e                USB0_IRQHandler
                0x0000000000000216                DAC0_IRQHandler
                0x000000000000021e                TSI0_IRQHandler
                0x0000000000000226                MCG_IRQHandler
                0x000000000000022e                LPTMR0_IRQHandler
                0x0000000000000236                Reserved45_IRQHandler
                0x000000000000023e                PORTA_IRQHandler
                0x0000000000000246                PORTD_IRQHandler
                0x0000000000000400                . = 0x400
 *fill*         0x000000000000024e      0x1b2 ff
                0x0000000000000400                PROVIDE (__FLASH_CONFIG_START__ = .)
 *(SORT_BY_ALIGNMENT(.FlashConfig))
 .FlashConfig   0x0000000000000400       0x10 ./startup/startup_mkl25z4.o
                0x0000000000000400                Flash_Config
                0x0000000000000410                PROVIDE (__FLASH_CONFIG_END__ = .)
                0x0000000000000001                ASSERT (! ((__FLASH_CONFIG_START__ == __FLASH_CONFIG_END__)), Linker Flash Config Support Enabled, but no .FlashConfig section provided within application)
 *(SORT_BY_ALIGNMENT(.text*))
 .text.DbgConsole_Init
                0x0000000000000410       0xf4 ./utilities/fsl_debug_console.o
                0x0000000000000410                DbgConsole_Init
 .text.read_and_process_command
                0x0000000000000504      0x11c ./source/Accumulate_Line.o
                0x0000000000000504                read_and_process_command
 .text.init_TSI
                0x0000000000000620       0x30 ./source/TSI.o
                0x0000000000000620                init_TSI
 .text.load_val_TSI
                0x0000000000000650       0x5c ./source/TSI.o
                0x0000000000000650                load_val_TSI
 .text.cbfifo_enqueue
                0x00000000000006ac      0x1b8 ./source/cbfifo.o
                0x00000000000006ac                cbfifo_enqueue
 .text.cbfifo_dequeue
                0x0000000000000864      0x1ac ./source/cbfifo.o
                0x0000000000000864                cbfifo_dequeue
 .text.cbfifo_length
                0x0000000000000a10       0x30 ./source/cbfifo.o
                0x0000000000000a10                cbfifo_length
 .text.init_I2C1
                0x0000000000000a40       0x38 ./source/i2c.o
                0x0000000000000a40                init_I2C1
 .text.I2C1_Set_Flags
                0x0000000000000a78       0x5c ./source/i2c.o
                0x0000000000000a78                I2C1_Set_Flags
 .text.I2C1_read
                0x0000000000000ad4      0x1d0 ./source/i2c.o
                0x0000000000000ad4                I2C1_read
 .text.main     0x0000000000000ca4      0x108 ./source/main.o
                0x0000000000000ca4                main
 .text.handle_author
                0x0000000000000dac       0x2c ./source/process_command.o
                0x0000000000000dac                handle_author
 .text.handle_test
                0x0000000000000dd8       0x70 ./source/process_command.o
                0x0000000000000dd8                handle_test
 .text.handle_hum
                0x0000000000000e48       0x40 ./source/process_command.o
                0x0000000000000e48                handle_hum
 .text.handle_temp
                0x0000000000000e88       0x40 ./source/process_command.o
                0x0000000000000e88                handle_temp
 .text.handle_statemachine
                0x0000000000000ec8       0x34 ./source/process_command.o
                0x0000000000000ec8                handle_statemachine
 .text.delay_100ms
                0x0000000000000efc       0x28 ./source/process_command.o
                0x0000000000000efc                delay_100ms
 .text.handle_help
                0x0000000000000f24      0x10c ./source/process_command.o
                0x0000000000000f24                handle_help
 .text.process_command
                0x0000000000001030      0x164 ./source/process_command.o
                0x0000000000001030                process_command
 .text.Init_Blue_LED_PWM
                0x0000000000001194       0xbc ./source/pwm.o
                0x0000000000001194                Init_Blue_LED_PWM
 .text.Init_Red_LED_PWM
                0x0000000000001250       0xbc ./source/pwm.o
                0x0000000000001250                Init_Red_LED_PWM
 .text.Init_Green_LED_PWM
                0x000000000000130c       0xbc ./source/pwm.o
                0x000000000000130c                Init_Green_LED_PWM
 .text.Delay    0x00000000000013c8       0x2c ./source/rgb_led.o
                0x00000000000013c8                Delay
 .text.rgb_led  0x00000000000013f4       0x30 ./source/rgb_led.o
                0x00000000000013f4                rgb_led
 .text.HardFault_Handler
                0x0000000000001424       0x30 ./source/semihost_hardfault.o
                0x0000000000001424                HardFault_Handler
 .text.read_temperature
                0x0000000000001454       0x70 ./source/sht21.o
                0x0000000000001454                read_temperature
 .text.read_humidity
                0x00000000000014c4       0x68 ./source/sht21.o
                0x00000000000014c4                read_humidity
 .text.delay_1sec
                0x000000000000152c       0x28 ./source/state_machine.o
                0x000000000000152c                delay_1sec
 .text.check_temperature
                0x0000000000001554       0x40 ./source/state_machine.o
                0x0000000000001554                check_temperature
 .text.check_humidity
                0x0000000000001594       0x34 ./source/state_machine.o
                0x0000000000001594                check_humidity
 .text.print_temp_humd
                0x00000000000015c8       0x54 ./source/state_machine.o
                0x00000000000015c8                print_temp_humd
 .text.check_alert_mode_time
                0x000000000000161c       0x44 ./source/state_machine.o
                0x000000000000161c                check_alert_mode_time
 .text.check_slider_input
                0x0000000000001660       0x78 ./source/state_machine.o
                0x0000000000001660                check_slider_input
 .text.state_machine
                0x00000000000016d8      0x284 ./source/state_machine.o
                0x00000000000016d8                state_machine
 .text.sysclock_init
                0x000000000000195c       0x78 ./source/sysclock.o
                0x000000000000195c                sysclock_init
 .text.test_cbfifo_transmiter
                0x00000000000019d4      0x78c ./source/test_cbfifo.o
 .text.test_cbfifo_receiver
                0x0000000000002160      0x78c ./source/test_cbfifo.o
 .text.test_sht21
                0x00000000000028ec      0x108 ./source/test_sht21.o
                0x00000000000028ec                test_sht21
 .text.NVIC_SetPriority
                0x00000000000029f4       0xdc ./source/timer.o
 .text.init_systick
                0x0000000000002ad0       0x30 ./source/timer.o
                0x0000000000002ad0                init_systick
 .text.SysTick_Handler
                0x0000000000002b00       0x28 ./source/timer.o
                0x0000000000002b00                SysTick_Handler
 .text.now      0x0000000000002b28       0x14 ./source/timer.o
                0x0000000000002b28                now
 .text.now_alert_time
                0x0000000000002b3c       0x14 ./source/timer.o
                0x0000000000002b3c                now_alert_time
 .text.reset_timer
                0x0000000000002b50       0x1c ./source/timer.o
                0x0000000000002b50                reset_timer
 .text.reset_alert_mode_timer
                0x0000000000002b6c       0x1c ./source/timer.o
                0x0000000000002b6c                reset_alert_mode_timer
 .text.get_alert_time
                0x0000000000002b88       0x1c ./source/timer.o
                0x0000000000002b88                get_alert_time
 .text.NVIC_EnableIRQ
                0x0000000000002ba4       0x2c ./source/uart.o
 .text.NVIC_ClearPendingIRQ
                0x0000000000002bd0       0x30 ./source/uart.o
 .text.NVIC_SetPriority
                0x0000000000002c00       0xdc ./source/uart.o
 .text.Init_UART0
                0x0000000000002cdc      0x160 ./source/uart.o
                0x0000000000002cdc                Init_UART0
 .text.UART0_IRQHandler
                0x0000000000002e3c       0xb4 ./source/uart.o
                0x0000000000002e3c                UART0_IRQHandler
 .text.__sys_write
                0x0000000000002ef0       0x70 ./source/uart.o
                0x0000000000002ef0                __sys_write
 .text.print_UI
                0x0000000000002f60      0x134 ./source/uart.o
                0x0000000000002f60                print_UI
 .text.Init_wdt
                0x0000000000003094       0x40 ./source/wdt.o
                0x0000000000003094                Init_wdt
 .text.Refresh_wdt
                0x00000000000030d4       0x24 ./source/wdt.o
                0x00000000000030d4                Refresh_wdt
 .text.CLOCK_SetEr32kClock
                0x00000000000030f8       0x34 ./drivers/fsl_clock.o
 .text.CLOCK_SetPllFllSelClock
                0x000000000000312c       0x38 ./drivers/fsl_clock.o
 .text.CLOCK_GetMcgExtClkFreq
                0x0000000000003164       0x28 ./drivers/fsl_clock.o
 .text.CLOCK_GetFllExtRefClkFreq
                0x000000000000318c       0xa8 ./drivers/fsl_clock.o
 .text.CLOCK_GetFllRefClkFreq
                0x0000000000003234       0x2c ./drivers/fsl_clock.o
 .text.CLOCK_GetOscRangeFromFreq
                0x0000000000003260       0x4c ./drivers/fsl_clock.o
 .text.CLOCK_GetPllFllSelClkFreq
                0x00000000000032ac       0x4c ./drivers/fsl_clock.o
                0x00000000000032ac                CLOCK_GetPllFllSelClkFreq
 .text.CLOCK_SetSimConfig
                0x00000000000032f8       0x38 ./drivers/fsl_clock.o
                0x00000000000032f8                CLOCK_SetSimConfig
 .text.CLOCK_GetFllFreq
                0x0000000000003330       0x84 ./drivers/fsl_clock.o
                0x0000000000003330                CLOCK_GetFllFreq
 .text.CLOCK_GetPll0Freq
                0x00000000000033b4       0x70 ./drivers/fsl_clock.o
                0x00000000000033b4                CLOCK_GetPll0Freq
 .text.CLOCK_SetInternalRefClkConfig
                0x0000000000003424      0x124 ./drivers/fsl_clock.o
                0x0000000000003424                CLOCK_SetInternalRefClkConfig
 .text.CLOCK_EnablePll0
                0x0000000000003548       0x94 ./drivers/fsl_clock.o
                0x0000000000003548                CLOCK_EnablePll0
 .text.CLOCK_InitOsc0
                0x00000000000035dc       0x94 ./drivers/fsl_clock.o
                0x00000000000035dc                CLOCK_InitOsc0
 .text.CLOCK_SetPbeMode
                0x0000000000003670       0xb0 ./drivers/fsl_clock.o
                0x0000000000003670                CLOCK_SetPbeMode
 .text.CLOCK_BootToPeeMode
                0x0000000000003720       0x70 ./drivers/fsl_clock.o
                0x0000000000003720                CLOCK_BootToPeeMode
 .text.CLOCK_EnableClock
                0x0000000000003790       0x34 ./drivers/fsl_lpsci.o
 .text.LPSCI_GetInstance
                0x00000000000037c4       0x48 ./drivers/fsl_lpsci.o
                0x00000000000037c4                LPSCI_GetInstance
 .text.LPSCI_Init
                0x000000000000380c      0x258 ./drivers/fsl_lpsci.o
                0x000000000000380c                LPSCI_Init
 .text.LPSCI_GetDefaultConfig
                0x0000000000003a64       0x44 ./drivers/fsl_lpsci.o
                0x0000000000003a64                LPSCI_GetDefaultConfig
 .text.LPSCI_ClearStatusFlags
                0x0000000000003aa8       0x94 ./drivers/fsl_lpsci.o
                0x0000000000003aa8                LPSCI_ClearStatusFlags
 .text.LPSCI_WriteBlocking
                0x0000000000003b3c       0x4c ./drivers/fsl_lpsci.o
                0x0000000000003b3c                LPSCI_WriteBlocking
 .text.LPSCI_ReadBlocking
                0x0000000000003b88       0xc0 ./drivers/fsl_lpsci.o
                0x0000000000003b88                LPSCI_ReadBlocking
 .text.UART0_DriverIRQHandler
                0x0000000000003c48       0x24 ./drivers/fsl_lpsci.o
                0x0000000000003c48                UART0_DriverIRQHandler
 .text.CLOCK_EnableClock
                0x0000000000003c6c       0x34 ./drivers/fsl_uart.o
 .text.UART_GetInstance
                0x0000000000003ca0       0x54 ./drivers/fsl_uart.o
                0x0000000000003ca0                UART_GetInstance
 .text.UART_Init
                0x0000000000003cf4      0x1e0 ./drivers/fsl_uart.o
                0x0000000000003cf4                UART_Init
 .text.UART_GetDefaultConfig
                0x0000000000003ed4       0x44 ./drivers/fsl_uart.o
                0x0000000000003ed4                UART_GetDefaultConfig
 .text.UART_ReadBlocking
                0x0000000000003f18       0x98 ./drivers/fsl_uart.o
                0x0000000000003f18                UART_ReadBlocking
 .text.UART1_DriverIRQHandler
                0x0000000000003fb0       0x24 ./drivers/fsl_uart.o
                0x0000000000003fb0                UART1_DriverIRQHandler
 .text.UART2_DriverIRQHandler
                0x0000000000003fd4       0x24 ./drivers/fsl_uart.o
                0x0000000000003fd4                UART2_DriverIRQHandler
 .text.CLOCK_SetLpsci0Clock
                0x0000000000003ff8       0x38 ./board/board.o
 .text.BOARD_InitDebugConsole
                0x0000000000004030       0x30 ./board/board.o
                0x0000000000004030                BOARD_InitDebugConsole
 .text.CLOCK_SetSimSafeDivs
                0x0000000000004060       0x20 ./board/clock_config.o
 .text.CLOCK_SetXtal0Freq
                0x0000000000004080       0x1c ./board/clock_config.o
 .text.CLOCK_CONFIG_SetFllExtRefDiv
                0x000000000000409c       0x3c ./board/clock_config.o
 .text.BOARD_BootClockRUN
                0x00000000000040d8       0x64 ./board/clock_config.o
                0x00000000000040d8                BOARD_BootClockRUN
 .text.CLOCK_EnableClock
                0x000000000000413c       0x34 ./board/pin_mux.o
 .text.PORT_SetPinMux
                0x0000000000004170       0x40 ./board/pin_mux.o
 .text.BOARD_InitPins
                0x00000000000041b0       0x4c ./board/pin_mux.o
                0x00000000000041b0                BOARD_InitPins
 .text.SystemInit
                0x00000000000041fc       0x18 ./CMSIS/system_MKL25Z4.o
                0x00000000000041fc                SystemInit
 .text.__assertion_failed
                0x0000000000004214       0x4c /Applications/MCUXpressoIDE_11.7.0_9198/ide/plugins/com.nxp.mcuxpresso.tools.macosx_11.7.0.202209140929/tools/bin/../lib/gcc/arm-none-eabi/10.3.1/../../../../arm-none-eabi/lib/thumb/v6-m/nofp/libcr_semihost_nf.a(_cr_assert.o)
                0x0000000000004214                __assertion_failed
 .text.__sys_appexit
                0x0000000000004260        0xc /Applications/MCUXpressoIDE_11.7.0_9198/ide/plugins/com.nxp.mcuxpresso.tools.macosx_11.7.0.202209140929/tools/bin/../lib/gcc/arm-none-eabi/10.3.1/../../../../arm-none-eabi/lib/thumb/v6-m/nofp/libcr_semihost_nf.a(__sys_appexit.o)
                0x0000000000004260                __exit
                0x0000000000004260                __sys_appexit
 .text._deferredlazyseek
                0x000000000000426c       0x40 /Applications/MCUXpressoIDE_11.7.0_9198/ide/plugins/com.nxp.mcuxpresso.tools.macosx_11.7.0.202209140929/tools/bin/../lib/gcc/arm-none-eabi/10.3.1/../../../../arm-none-eabi/lib/thumb/v6-m/nofp/libcr_c.a(_deferredlazyseek.o)
                0x000000000000426c                _deferredlazyseek
 .text.__flsbuf
                0x00000000000042ac      0x150 /Applications/MCUXpressoIDE_11.7.0_9198/ide/plugins/com.nxp.mcuxpresso.tools.macosx_11.7.0.202209140929/tools/bin/../lib/gcc/arm-none-eabi/10.3.1/../../../../arm-none-eabi/lib/thumb/v6-m/nofp/libcr_c.a(_deferredlazyseek.o)
                0x00000000000042ac                __flsbuf
 .text._fflush  0x00000000000043fc       0x60 /Applications/MCUXpressoIDE_11.7.0_9198/ide/plugins/com.nxp.mcuxpresso.tools.macosx_11.7.0.202209140929/tools/bin/../lib/gcc/arm-none-eabi/10.3.1/../../../../arm-none-eabi/lib/thumb/v6-m/nofp/libcr_c.a(_fflush.o)
                0x00000000000043fc                _fflush
 .text._Cwritebuf
                0x000000000000445c       0x68 /Applications/MCUXpressoIDE_11.7.0_9198/ide/plugins/com.nxp.mcuxpresso.tools.macosx_11.7.0.202209140929/tools/bin/../lib/gcc/arm-none-eabi/10.3.1/../../../../arm-none-eabi/lib/thumb/v6-m/nofp/libcr_c.a(_writebuf.o)
                0x000000000000445c                _Cwritebuf
 .text.malloc   0x00000000000044c4       0xcc /Applications/MCUXpressoIDE_11.7.0_9198/ide/plugins/com.nxp.mcuxpresso.tools.macosx_11.7.0.202209140929/tools/bin/../lib/gcc/arm-none-eabi/10.3.1/../../../../arm-none-eabi/lib/thumb/v6-m/nofp/libcr_c.a(alloc.o)
                0x00000000000044c4                malloc
 .text._Csys_alloc
                0x0000000000004590       0x20 /Applications/MCUXpressoIDE_11.7.0_9198/ide/plugins/com.nxp.mcuxpresso.tools.macosx_11.7.0.202209140929/tools/bin/../lib/gcc/arm-none-eabi/10.3.1/../../../../arm-none-eabi/lib/thumb/v6-m/nofp/libcr_c.a(alloc.o)
                0x0000000000004590                _Csys_alloc
 .text.sprintf  0x00000000000045b0       0x6c /Applications/MCUXpressoIDE_11.7.0_9198/ide/plugins/com.nxp.mcuxpresso.tools.macosx_11.7.0.202209140929/tools/bin/../lib/gcc/arm-none-eabi/10.3.1/../../../../arm-none-eabi/lib/thumb/v6-m/nofp/libcr_c.a(fpprintf.o)
                0x00000000000045b0                sprintf
 .text.fp_display
                0x000000000000461c      0x97c /Applications/MCUXpressoIDE_11.7.0_9198/ide/plugins/com.nxp.mcuxpresso.tools.macosx_11.7.0.202209140929/tools/bin/../lib/gcc/arm-none-eabi/10.3.1/../../../../arm-none-eabi/lib/thumb/v6-m/nofp/libcr_c.a(fpprintf.o)
 .text.vsnprintf
                0x0000000000004f98       0x70 /Applications/MCUXpressoIDE_11.7.0_9198/ide/plugins/com.nxp.mcuxpresso.tools.macosx_11.7.0.202209140929/tools/bin/../lib/gcc/arm-none-eabi/10.3.1/../../../../arm-none-eabi/lib/thumb/v6-m/nofp/libcr_c.a(fpprintf.o)
                0x0000000000004f98                vsnprintf
 .text.printf   0x0000000000005008       0x50 /Applications/MCUXpressoIDE_11.7.0_9198/ide/plugins/com.nxp.mcuxpresso.tools.macosx_11.7.0.202209140929/tools/bin/../lib/gcc/arm-none-eabi/10.3.1/../../../../arm-none-eabi/lib/thumb/v6-m/nofp/libcr_c.a(fpprintf.o)
                0x0000000000005008                printf
 .text.fseek    0x0000000000005058       0xf0 /Applications/MCUXpressoIDE_11.7.0_9198/ide/plugins/com.nxp.mcuxpresso.tools.macosx_11.7.0.202209140929/tools/bin/../lib/gcc/arm-none-eabi/10.3.1/../../../../arm-none-eabi/lib/thumb/v6-m/nofp/libcr_c.a(fseek.o)
                0x0000000000005058                fseek
 .text.ftell    0x0000000000005148       0x48 /Applications/MCUXpressoIDE_11.7.0_9198/ide/plugins/com.nxp.mcuxpresso.tools.macosx_11.7.0.202209140929/tools/bin/../lib/gcc/arm-none-eabi/10.3.1/../../../../arm-none-eabi/lib/thumb/v6-m/nofp/libcr_c.a(ftell.o)
                0x0000000000005148                ftell
 .text._initio  0x0000000000005190       0x7c /Applications/MCUXpressoIDE_11.7.0_9198/ide/plugins/com.nxp.mcuxpresso.tools.macosx_11.7.0.202209140929/tools/bin/../lib/gcc/arm-none-eabi/10.3.1/../../../../arm-none-eabi/lib/thumb/v6-m/nofp/libcr_c.a(initio.o)
                0x0000000000005190                _initio
 .text.__vfprintf
                0x000000000000520c      0xd40 /Applications/MCUXpressoIDE_11.7.0_9198/ide/plugins/com.nxp.mcuxpresso.tools.macosx_11.7.0.202209140929/tools/bin/../lib/gcc/arm-none-eabi/10.3.1/../../../../arm-none-eabi/lib/thumb/v6-m/nofp/libcr_c.a(printf.o)
                0x000000000000520c                __vfprintf
 .text.setvbuf  0x0000000000005f4c       0x4c /Applications/MCUXpressoIDE_11.7.0_9198/ide/plugins/com.nxp.mcuxpresso.tools.macosx_11.7.0.202209140929/tools/bin/../lib/gcc/arm-none-eabi/10.3.1/../../../../arm-none-eabi/lib/thumb/v6-m/nofp/libcr_c.a(setvbuf.o)
                0x0000000000005f4c                setvbuf
 .text.strlen   0x0000000000005f98       0x58 /Applications/MCUXpressoIDE_11.7.0_9198/ide/plugins/com.nxp.mcuxpresso.tools.macosx_11.7.0.202209140929/tools/bin/../lib/gcc/arm-none-eabi/10.3.1/../../../../arm-none-eabi/lib/thumb/v6-m/nofp/libcr_c.a(strlen.o)
                0x0000000000005f98                strlen
 .text.strncmp  0x0000000000005ff0       0x50 /Applications/MCUXpressoIDE_11.7.0_9198/ide/plugins/com.nxp.mcuxpresso.tools.macosx_11.7.0.202209140929/tools/bin/../lib/gcc/arm-none-eabi/10.3.1/../../../../arm-none-eabi/lib/thumb/v6-m/nofp/libcr_c.a(strncmp.o)
                0x0000000000005ff0                strncmp
 .text._sbrk    0x0000000000006040       0x44 /Applications/MCUXpressoIDE_11.7.0_9198/ide/plugins/com.nxp.mcuxpresso.tools.macosx_11.7.0.202209140929/tools/bin/../lib/gcc/arm-none-eabi/10.3.1/../../../../arm-none-eabi/lib/thumb/v6-m/nofp/libcr_c.a(_cr_sbrk.o)
                0x0000000000006040                _sbrk
 .text._fdopen  0x0000000000006084       0x74 /Applications/MCUXpressoIDE_11.7.0_9198/ide/plugins/com.nxp.mcuxpresso.tools.macosx_11.7.0.202209140929/tools/bin/../lib/gcc/arm-none-eabi/10.3.1/../../../../arm-none-eabi/lib/thumb/v6-m/nofp/libcr_c.a(_fdopen.o)
                0x0000000000006084                _fdopen
 .text._frexpl  0x00000000000060f8       0x80 /Applications/MCUXpressoIDE_11.7.0_9198/ide/plugins/com.nxp.mcuxpresso.tools.macosx_11.7.0.202209140929/tools/bin/../lib/gcc/arm-none-eabi/10.3.1/../../../../arm-none-eabi/lib/thumb/v6-m/nofp/libcr_c.a(_frexpl.o)
                0x00000000000060f8                _frexpl
 .text._ldexpl  0x0000000000006178       0x58 /Applications/MCUXpressoIDE_11.7.0_9198/ide/plugins/com.nxp.mcuxpresso.tools.macosx_11.7.0.202209140929/tools/bin/../lib/gcc/arm-none-eabi/10.3.1/../../../../arm-none-eabi/lib/thumb/v6-m/nofp/libcr_c.a(_ldexpl.o)
                0x0000000000006178                _ldexpl
 .text.tolower  0x00000000000061d0       0x14 /Applications/MCUXpressoIDE_11.7.0_9198/ide/plugins/com.nxp.mcuxpresso.tools.macosx_11.7.0.202209140929/tools/bin/../lib/gcc/arm-none-eabi/10.3.1/../../../../arm-none-eabi/lib/thumb/v6-m/nofp/libcr_c.a(ctype.o)
                0x00000000000061d0                tolower
 .text.fclose   0x00000000000061e4       0x5c /Applications/MCUXpressoIDE_11.7.0_9198/ide/plugins/com.nxp.mcuxpresso.tools.macosx_11.7.0.202209140929/tools/bin/../lib/gcc/arm-none-eabi/10.3.1/../../../../arm-none-eabi/lib/thumb/v6-m/nofp/libcr_c.a(fclose.o)
                0x00000000000061e4                fclose
 .text.fflush   0x0000000000006240       0x44 /Applications/MCUXpressoIDE_11.7.0_9198/ide/plugins/com.nxp.mcuxpresso.tools.macosx_11.7.0.202209140929/tools/bin/../lib/gcc/arm-none-eabi/10.3.1/../../../../arm-none-eabi/lib/thumb/v6-m/nofp/libcr_c.a(fflush.o)
                0x0000000000006240                fflush
 .text.__check_heap_overflow
                0x0000000000006284       0x18 /Applications/MCUXpressoIDE_11.7.0_9198/ide/plugins/com.nxp.mcuxpresso.tools.macosx_11.7.0.202209140929/tools/bin/../lib/gcc/arm-none-eabi/10.3.1/../../../../arm-none-eabi/lib/thumb/v6-m/nofp/libcr_c.a(_cr_check_heap.o)
                0x0000000000006284                __check_heap_overflow
 .text._do_fflush
                0x000000000000629c       0x48 /Applications/MCUXpressoIDE_11.7.0_9198/ide/plugins/com.nxp.mcuxpresso.tools.macosx_11.7.0.202209140929/tools/bin/../lib/gcc/arm-none-eabi/10.3.1/../../../../arm-none-eabi/lib/thumb/v6-m/nofp/libcr_c.a(_do_fflush.o)
                0x000000000000629c                _do_fflush
 .text.__aeabi_dmul
                0x00000000000062e4      0x184 /Applications/MCUXpressoIDE_11.7.0_9198/ide/plugins/com.nxp.mcuxpresso.tools.macosx_11.7.0.202209140929/tools/bin/../lib/gcc/arm-none-eabi/10.3.1/thumb/v6-m/nofp/libcr_eabihelpers.a(double.o)
                0x00000000000062e4                __aeabi_dmul
 .text.__aeabi_ddiv
                0x0000000000006468      0x14c /Applications/MCUXpressoIDE_11.7.0_9198/ide/plugins/com.nxp.mcuxpresso.tools.macosx_11.7.0.202209140929/tools/bin/../lib/gcc/arm-none-eabi/10.3.1/thumb/v6-m/nofp/libcr_eabihelpers.a(double.o)
                0x0000000000006468                __aeabi_ddiv
 .text.__aeabi_dsub
                0x00000000000065b4      0x1c0 /Applications/MCUXpressoIDE_11.7.0_9198/ide/plugins/com.nxp.mcuxpresso.tools.macosx_11.7.0.202209140929/tools/bin/../lib/gcc/arm-none-eabi/10.3.1/thumb/v6-m/nofp/libcr_eabihelpers.a(double.o)
                0x00000000000065b4                __aeabi_dsub
 .text.__aeabi_dadd
                0x0000000000006774      0x134 /Applications/MCUXpressoIDE_11.7.0_9198/ide/plugins/com.nxp.mcuxpresso.tools.macosx_11.7.0.202209140929/tools/bin/../lib/gcc/arm-none-eabi/10.3.1/thumb/v6-m/nofp/libcr_eabihelpers.a(double.o)
                0x0000000000006774                __aeabi_dadd
 .text.__aeabi_d2f
                0x00000000000068a8       0x60 /Applications/MCUXpressoIDE_11.7.0_9198/ide/plugins/com.nxp.mcuxpresso.tools.macosx_11.7.0.202209140929/tools/bin/../lib/gcc/arm-none-eabi/10.3.1/thumb/v6-m/nofp/libcr_eabihelpers.a(double.o)
                0x00000000000068a8                __aeabi_d2f
 .text.__aeabi_d2iz
                0x0000000000006908       0x50 /Applications/MCUXpressoIDE_11.7.0_9198/ide/plugins/com.nxp.mcuxpresso.tools.macosx_11.7.0.202209140929/tools/bin/../lib/gcc/arm-none-eabi/10.3.1/thumb/v6-m/nofp/libcr_eabihelpers.a(double.o)
                0x0000000000006908                __aeabi_d2iz
 .text.__aeabi_d2uiz
                0x0000000000006958       0x38 /Applications/MCUXpressoIDE_11.7.0_9198/ide/plugins/com.nxp.mcuxpresso.tools.macosx_11.7.0.202209140929/tools/bin/../lib/gcc/arm-none-eabi/10.3.1/thumb/v6-m/nofp/libcr_eabihelpers.a(double.o)
                0x0000000000006958                __aeabi_d2uiz
 .text.__aeabi_dcmpeq
                0x0000000000006990       0x30 /Applications/MCUXpressoIDE_11.7.0_9198/ide/plugins/com.nxp.mcuxpresso.tools.macosx_11.7.0.202209140929/tools/bin/../lib/gcc/arm-none-eabi/10.3.1/thumb/v6-m/nofp/libcr_eabihelpers.a(double.o)
                0x0000000000006990                __aeabi_dcmpeq
 .text.__aeabi_dcmplt
                0x00000000000069c0       0x60 /Applications/MCUXpressoIDE_11.7.0_9198/ide/plugins/com.nxp.mcuxpresso.tools.macosx_11.7.0.202209140929/tools/bin/../lib/gcc/arm-none-eabi/10.3.1/thumb/v6-m/nofp/libcr_eabihelpers.a(double.o)
                0x00000000000069c0                __aeabi_dcmplt
 .text.__aeabi_dcmple
                0x0000000000006a20       0x5c /Applications/MCUXpressoIDE_11.7.0_9198/ide/plugins/com.nxp.mcuxpresso.tools.macosx_11.7.0.202209140929/tools/bin/../lib/gcc/arm-none-eabi/10.3.1/thumb/v6-m/nofp/libcr_eabihelpers.a(double.o)
                0x0000000000006a20                __aeabi_dcmple
 .text.__aeabi_dcmpge
                0x0000000000006a7c       0x5c /Applications/MCUXpressoIDE_11.7.0_9198/ide/plugins/com.nxp.mcuxpresso.tools.macosx_11.7.0.202209140929/tools/bin/../lib/gcc/arm-none-eabi/10.3.1/thumb/v6-m/nofp/libcr_eabihelpers.a(double.o)
                0x0000000000006a7c                __aeabi_dcmpge
 .text.__aeabi_f2d
                0x0000000000006ad8       0x40 /Applications/MCUXpressoIDE_11.7.0_9198/ide/plugins/com.nxp.mcuxpresso.tools.macosx_11.7.0.202209140929/tools/bin/../lib/gcc/arm-none-eabi/10.3.1/thumb/v6-m/nofp/libcr_eabihelpers.a(float.o)
                0x0000000000006ad8                __aeabi_f2d
 .text.UART_EnableTx
                0x0000000000006b18       0x40 ./utilities/fsl_debug_console.o
 .text.UART_EnableRx
                0x0000000000006b58       0x40 ./utilities/fsl_debug_console.o
 .text.LPSCI_EnableTx
                0x0000000000006b98       0x40 ./utilities/fsl_debug_console.o
 .text.LPSCI_EnableRx
                0x0000000000006bd8       0x40 ./utilities/fsl_debug_console.o
 .text.TSI_Polling
                0x0000000000006c18       0x7a ./source/TSI.o
                0x0000000000006c18                TSI_Polling
 .text.cbfifo_capacity
                0x0000000000006c92       0x14 ./source/cbfifo.o
                0x0000000000006c92                cbfifo_capacity
 .text.breathing_effect_blue
                0x0000000000006ca6       0x80 ./source/rgb_led.o
                0x0000000000006ca6                breathing_effect_blue
 .text.breathing_effect_red
                0x0000000000006d26       0x80 ./source/rgb_led.o
                0x0000000000006d26                breathing_effect_red
 .text.breathing_effect_green
                0x0000000000006da6       0x80 ./source/rgb_led.o
                0x0000000000006da6                breathing_effect_green
 .text.breathing_effect_cyan
                0x0000000000006e26       0x80 ./source/rgb_led.o
                0x0000000000006e26                breathing_effect_cyan
 .text.breathing_effect_white
                0x0000000000006ea6       0x80 ./source/rgb_led.o
                0x0000000000006ea6                breathing_effect_white
 .text.breathing_effect_gray
                0x0000000000006f26       0x80 ./source/rgb_led.o
                0x0000000000006f26                breathing_effect_gray
 .text.breathing_effect_yellow
                0x0000000000006fa6       0x80 ./source/rgb_led.o
                0x0000000000006fa6                breathing_effect_yellow
 .text.test_pwm
                0x0000000000007026       0x26 ./source/rgb_led.o
                0x0000000000007026                test_pwm
 .text.test_cbfifo
                0x000000000000704c       0x12 ./source/test_cbfifo.o
                0x000000000000704c                test_cbfifo
 .text.OSC_SetExtRefClkConfig
                0x000000000000705e       0x3e ./drivers/fsl_clock.o
 .text.OSC_SetCapLoad
                0x000000000000709c       0x42 ./drivers/fsl_clock.o
 .text.CLOCK_GetPll0RefFreq
                0x00000000000070de       0x10 ./drivers/fsl_clock.o
 .text.CLOCK_SetExternalRefClkConfig
                0x00000000000070ee       0x16 ./drivers/fsl_clock.o
                0x00000000000070ee                CLOCK_SetExternalRefClkConfig
 .text.LPSCI_GetStatusFlags
                0x0000000000007104       0x26 ./drivers/fsl_lpsci.o
                0x0000000000007104                LPSCI_GetStatusFlags
 .text.UART_GetStatusFlags
                0x000000000000712a       0x26 ./drivers/fsl_uart.o
                0x000000000000712a                UART_GetStatusFlags
 .text.UART_WriteBlocking
                0x0000000000007150       0x3c ./drivers/fsl_uart.o
                0x0000000000007150                UART_WriteBlocking
 .text.BOARD_InitBootClocks
                0x000000000000718c        0xe ./board/clock_config.o
                0x000000000000718c                BOARD_InitBootClocks
 .text.BOARD_InitBootPeripherals
                0x000000000000719a        0xa ./board/peripherals.o
                0x000000000000719a                BOARD_InitBootPeripherals
 .text.BOARD_InitBootPins
                0x00000000000071a4        0xe ./board/pin_mux.o
                0x00000000000071a4                BOARD_InitBootPins
 .text.__main   0x00000000000071b2        0xc /Applications/MCUXpressoIDE_11.7.0_9198/ide/plugins/com.nxp.mcuxpresso.tools.macosx_11.7.0.202209140929/tools/bin/../lib/gcc/arm-none-eabi/10.3.1/../../../../arm-none-eabi/lib/thumb/v6-m/nofp/libcr_semihost_nf.a(_cr__main.o)
                0x00000000000071b2                __main
                0x00000000000071b2                __CR_SEMIHOST
 .text.memcpy   0x00000000000071be        0x8 /Applications/MCUXpressoIDE_11.7.0_9198/ide/plugins/com.nxp.mcuxpresso.tools.macosx_11.7.0.202209140929/tools/bin/../lib/gcc/arm-none-eabi/10.3.1/../../../../arm-none-eabi/lib/thumb/v6-m/nofp/libcr_c.a(memcpy.o)
                0x00000000000071be                memcpy
 .text.memset   0x00000000000071c6        0x8 /Applications/MCUXpressoIDE_11.7.0_9198/ide/plugins/com.nxp.mcuxpresso.tools.macosx_11.7.0.202209140929/tools/bin/../lib/gcc/arm-none-eabi/10.3.1/../../../../arm-none-eabi/lib/thumb/v6-m/nofp/libcr_c.a(memset.o)
                0x00000000000071c6                memset
 .text.free     0x00000000000071ce       0x2c /Applications/MCUXpressoIDE_11.7.0_9198/ide/plugins/com.nxp.mcuxpresso.tools.macosx_11.7.0.202209140929/tools/bin/../lib/gcc/arm-none-eabi/10.3.1/../../../../arm-none-eabi/lib/thumb/v6-m/nofp/libcr_c.a(alloc.o)
                0x00000000000071ce                free
 .text.fp_round
                0x00000000000071fa       0x4a /Applications/MCUXpressoIDE_11.7.0_9198/ide/plugins/com.nxp.mcuxpresso.tools.macosx_11.7.0.202209140929/tools/bin/../lib/gcc/arm-none-eabi/10.3.1/../../../../arm-none-eabi/lib/thumb/v6-m/nofp/libcr_c.a(fpprintf.o)
 .text.pr_dec.constprop.0
                0x0000000000007244       0x30 /Applications/MCUXpressoIDE_11.7.0_9198/ide/plugins/com.nxp.mcuxpresso.tools.macosx_11.7.0.202209140929/tools/bin/../lib/gcc/arm-none-eabi/10.3.1/../../../../arm-none-eabi/lib/thumb/v6-m/nofp/libcr_c.a(fpprintf.o)
 .text.fputs    0x0000000000007274       0x2e /Applications/MCUXpressoIDE_11.7.0_9198/ide/plugins/com.nxp.mcuxpresso.tools.macosx_11.7.0.202209140929/tools/bin/../lib/gcc/arm-none-eabi/10.3.1/../../../../arm-none-eabi/lib/thumb/v6-m/nofp/libcr_c.a(fputs.o)
                0x0000000000007274                fputs
 .text.strcasecmp
                0x00000000000072a2       0x32 /Applications/MCUXpressoIDE_11.7.0_9198/ide/plugins/com.nxp.mcuxpresso.tools.macosx_11.7.0.202209140929/tools/bin/../lib/gcc/arm-none-eabi/10.3.1/../../../../arm-none-eabi/lib/thumb/v6-m/nofp/libcr_c.a(strcasecmp.o)
                0x00000000000072a2                strcasecmp
 .text.remove   0x00000000000072d4       0x12 /Applications/MCUXpressoIDE_11.7.0_9198/ide/plugins/com.nxp.mcuxpresso.tools.macosx_11.7.0.202209140929/tools/bin/../lib/gcc/arm-none-eabi/10.3.1/../../../../arm-none-eabi/lib/thumb/v6-m/nofp/libcr_c.a(remove.o)
                0x00000000000072d4                remove
 .text.__aeabi_division_idivmod
                0x00000000000072e6       0x78 /Applications/MCUXpressoIDE_11.7.0_9198/ide/plugins/com.nxp.mcuxpresso.tools.macosx_11.7.0.202209140929/tools/bin/../lib/gcc/arm-none-eabi/10.3.1/thumb/v6-m/nofp/libcr_eabihelpers.a(division_32.o)
                0x00000000000072e6                __aeabi_idiv
                0x00000000000072e6                __aeabi_idivmod
                0x00000000000072ec                __aeabi_uidiv
                0x00000000000072ec                __aeabi_uidivmod
 .text.__aeabi_division_idiv0
                0x000000000000735e        0x2 /Applications/MCUXpressoIDE_11.7.0_9198/ide/plugins/com.nxp.mcuxpresso.tools.macosx_11.7.0.202209140929/tools/bin/../lib/gcc/arm-none-eabi/10.3.1/thumb/v6-m/nofp/libcr_eabihelpers.a(division_idiv0.o)
                0x000000000000735e                __aeabi_idiv0
 .text.__bhs_ui2d
                0x0000000000007360       0x5e /Applications/MCUXpressoIDE_11.7.0_9198/ide/plugins/com.nxp.mcuxpresso.tools.macosx_11.7.0.202209140929/tools/bin/../lib/gcc/arm-none-eabi/10.3.1/thumb/v6-m/nofp/libcr_eabihelpers.a(double.o)
                0x0000000000007360                __bhs_ui2d
 .text.__aeabi_i2d
                0x00000000000073be       0x18 /Applications/MCUXpressoIDE_11.7.0_9198/ide/plugins/com.nxp.mcuxpresso.tools.macosx_11.7.0.202209140929/tools/bin/../lib/gcc/arm-none-eabi/10.3.1/thumb/v6-m/nofp/libcr_eabihelpers.a(double.o)
                0x00000000000073be                __aeabi_i2d
 .text.__aeabi_ui2d
                0x00000000000073d6        0xc /Applications/MCUXpressoIDE_11.7.0_9198/ide/plugins/com.nxp.mcuxpresso.tools.macosx_11.7.0.202209140929/tools/bin/../lib/gcc/arm-none-eabi/10.3.1/thumb/v6-m/nofp/libcr_eabihelpers.a(double.o)
                0x00000000000073d6                __aeabi_ui2d
 .text.__bhs_ui2f
                0x00000000000073e2       0x60 /Applications/MCUXpressoIDE_11.7.0_9198/ide/plugins/com.nxp.mcuxpresso.tools.macosx_11.7.0.202209140929/tools/bin/../lib/gcc/arm-none-eabi/10.3.1/thumb/v6-m/nofp/libcr_eabihelpers.a(float.o)
                0x00000000000073e2                __bhs_ui2f
 .text.__aeabi_ui2f
                0x0000000000007442        0xc /Applications/MCUXpressoIDE_11.7.0_9198/ide/plugins/com.nxp.mcuxpresso.tools.macosx_11.7.0.202209140929/tools/bin/../lib/gcc/arm-none-eabi/10.3.1/thumb/v6-m/nofp/libcr_eabihelpers.a(float.o)
                0x0000000000007442                __aeabi_ui2f
 .text.__aeabi_fcmpgt
                0x000000000000744e       0x3e /Applications/MCUXpressoIDE_11.7.0_9198/ide/plugins/com.nxp.mcuxpresso.tools.macosx_11.7.0.202209140929/tools/bin/../lib/gcc/arm-none-eabi/10.3.1/thumb/v6-m/nofp/libcr_eabihelpers.a(float.o)
                0x000000000000744e                __aeabi_fcmpgt
 .text.__aeabi_fcmple
                0x000000000000748c       0x44 /Applications/MCUXpressoIDE_11.7.0_9198/ide/plugins/com.nxp.mcuxpresso.tools.macosx_11.7.0.202209140929/tools/bin/../lib/gcc/arm-none-eabi/10.3.1/thumb/v6-m/nofp/libcr_eabihelpers.a(float.o)
                0x000000000000748c                __aeabi_fcmple
 .text.__aeabi_fcmpge
                0x00000000000074d0       0x42 /Applications/MCUXpressoIDE_11.7.0_9198/ide/plugins/com.nxp.mcuxpresso.tools.macosx_11.7.0.202209140929/tools/bin/../lib/gcc/arm-none-eabi/10.3.1/thumb/v6-m/nofp/libcr_eabihelpers.a(float.o)
                0x00000000000074d0                __aeabi_fcmpge
 .text.__aeabi_llong_lmul
                0x0000000000007512       0x2e /Applications/MCUXpressoIDE_11.7.0_9198/ide/plugins/com.nxp.mcuxpresso.tools.macosx_11.7.0.202209140929/tools/bin/../lib/gcc/arm-none-eabi/10.3.1/thumb/v6-m/nofp/libcr_eabihelpers.a(llong.o)
                0x0000000000007512                __aeabi_lmul
 .text.__aeabi_memcpy
                0x0000000000007540       0x2c /Applications/MCUXpressoIDE_11.7.0_9198/ide/plugins/com.nxp.mcuxpresso.tools.macosx_11.7.0.202209140929/tools/bin/../lib/gcc/arm-none-eabi/10.3.1/thumb/v6-m/nofp/libcr_eabihelpers.a(memcpy.o)
                0x0000000000007540                __aeabi_memcpy
                0x0000000000007540                __aeabi_memcpy4
                0x0000000000007540                __aeabi_memcpy8
 .text.__aeabi_memset_lowlevel
                0x000000000000756c       0x2a /Applications/MCUXpressoIDE_11.7.0_9198/ide/plugins/com.nxp.mcuxpresso.tools.macosx_11.7.0.202209140929/tools/bin/../lib/gcc/arm-none-eabi/10.3.1/thumb/v6-m/nofp/libcr_eabihelpers.a(memcpy.o)
                0x000000000000756c                __aeabi_lowlevel_memset
 .text.__gnu_thumb1_case_shi
                0x0000000000007596       0x10 /Applications/MCUXpressoIDE_11.7.0_9198/ide/plugins/com.nxp.mcuxpresso.tools.macosx_11.7.0.202209140929/tools/bin/../lib/gcc/arm-none-eabi/10.3.1/thumb/v6-m/nofp/libcr_eabihelpers.a(thumb1_switch_helpers.o)
                0x0000000000007596                __gnu_thumb1_case_shi
 .text.__sys_close
                0x00000000000075a6        0xc /Applications/MCUXpressoIDE_11.7.0_9198/ide/plugins/com.nxp.mcuxpresso.tools.macosx_11.7.0.202209140929/tools/bin/../lib/gcc/arm-none-eabi/10.3.1/../../../../arm-none-eabi/lib/thumb/v6-m/nofp/libcr_semihost_nf.a(__sys_close.o)
                0x00000000000075a6                __sys_close
 .text.__sys_flen
                0x00000000000075b2        0xc /Applications/MCUXpressoIDE_11.7.0_9198/ide/plugins/com.nxp.mcuxpresso.tools.macosx_11.7.0.202209140929/tools/bin/../lib/gcc/arm-none-eabi/10.3.1/../../../../arm-none-eabi/lib/thumb/v6-m/nofp/libcr_semihost_nf.a(__sys_flen.o)
                0x00000000000075b2                __sys_flen
 .text.__sys_istty
                0x00000000000075be        0xc /Applications/MCUXpressoIDE_11.7.0_9198/ide/plugins/com.nxp.mcuxpresso.tools.macosx_11.7.0.202209140929/tools/bin/../lib/gcc/arm-none-eabi/10.3.1/../../../../arm-none-eabi/lib/thumb/v6-m/nofp/libcr_semihost_nf.a(__sys_istty.o)
                0x00000000000075be                __sys_istty
 .text.__sys_remove
                0x00000000000075ca        0xc /Applications/MCUXpressoIDE_11.7.0_9198/ide/plugins/com.nxp.mcuxpresso.tools.macosx_11.7.0.202209140929/tools/bin/../lib/gcc/arm-none-eabi/10.3.1/../../../../arm-none-eabi/lib/thumb/v6-m/nofp/libcr_semihost_nf.a(__sys_remove.o)
                0x00000000000075ca                __sys_remove
 .text.__sys_seek
                0x00000000000075d6        0xc /Applications/MCUXpressoIDE_11.7.0_9198/ide/plugins/com.nxp.mcuxpresso.tools.macosx_11.7.0.202209140929/tools/bin/../lib/gcc/arm-none-eabi/10.3.1/../../../../arm-none-eabi/lib/thumb/v6-m/nofp/libcr_semihost_nf.a(__sys_seek.o)
                0x00000000000075d6                __sys_seek
 .text.__sys_tmpnam
                0x00000000000075e2        0xc /Applications/MCUXpressoIDE_11.7.0_9198/ide/plugins/com.nxp.mcuxpresso.tools.macosx_11.7.0.202209140929/tools/bin/../lib/gcc/arm-none-eabi/10.3.1/../../../../arm-none-eabi/lib/thumb/v6-m/nofp/libcr_semihost_nf.a(__sys_tmpnam.o)
                0x00000000000075e2                __sys_tmpnam
 *(SORT_BY_ALIGNMENT(.rodata) SORT_BY_ALIGNMENT(.rodata.*) SORT_BY_ALIGNMENT(.constdata) SORT_BY_ALIGNMENT(.constdata.*))
 *fill*         0x00000000000075ee        0x2 ff
 .rodata.read_and_process_command.str1.4
                0x00000000000075f0        0x3 ./source/Accumulate_Line.o
                                          0x7 (size before relaxing)
 *fill*         0x00000000000075f3        0x1 ff
 .rodata.main.str1.4
                0x00000000000075f4      0x17f ./source/main.o
 *fill*         0x0000000000007773        0x1 ff
 .rodata        0x0000000000007774        0x3 ./source/main.o
 *fill*         0x0000000000007777        0x1 ff
 .rodata.str1.4
                0x0000000000007778       0x83 ./source/process_command.o
                                         0x8b (size before relaxing)
 *fill*         0x00000000000077fb        0x1 ff
 .rodata.commands
                0x00000000000077fc       0x48 ./source/process_command.o
 .rodata.handle_author.str1.4
                0x0000000000007844       0x19 ./source/process_command.o
                                         0x1f (size before relaxing)
 .rodata.handle_test.str1.4
                0x000000000000785d       0xeb ./source/process_command.o
 *fill*         0x000000000000785d        0x3 ff
 .rodata.handle_hum.str1.4
                0x0000000000007860       0x15 ./source/process_command.o
 *fill*         0x0000000000007875        0x3 ff
 .rodata.handle_temp.str1.4
                0x0000000000007878       0x18 ./source/process_command.o
 .rodata.handle_statemachine.str1.4
                0x0000000000007890       0x2e ./source/process_command.o
                                         0x5e (size before relaxing)
 *fill*         0x00000000000078be        0x2 ff
 .rodata.handle_help.str1.4
                0x00000000000078c0      0x2cf ./source/process_command.o
 *fill*         0x0000000000007b8f        0x1 ff
 .rodata.process_command.str1.4
                0x0000000000007b90       0x1d ./source/process_command.o
 .rodata.print_temp_humd.str1.4
                0x0000000000007bad       0x2d ./source/state_machine.o
 *fill*         0x0000000000007bad        0x3 ff
 .rodata.state_machine.str1.4
                0x0000000000007bb0      0x288 ./source/state_machine.o
 .rodata.state_machine
                0x0000000000007e38       0x18 ./source/state_machine.o
 .rodata.test_cbfifo_transmiter.str1.4
                0x0000000000007e50      0xf16 ./source/test_cbfifo.o
 *fill*         0x0000000000008d66        0x2 ff
 .rodata.test_cbfifo_receiver.str1.4
                0x0000000000008d68      0xeae ./source/test_cbfifo.o
 *fill*         0x0000000000009c16        0x2 ff
 .rodata.test_sht21.str1.4
                0x0000000000009c18       0x90 ./source/test_sht21.o
 .rodata.print_UI.str1.4
                0x0000000000009ca8      0x1dd ./source/uart.o
                                        0x20d (size before relaxing)
 *fill*         0x0000000000009e85        0x3 ff
 .rodata.CLOCK_GetMcgExtClkFreq.str1.4
                0x0000000000009e88       0x1e ./drivers/fsl_clock.o
 *fill*         0x0000000000009ea6        0x2 ff
 .rodata.CLOCK_GetPll0Freq.str1.4
                0x0000000000009ea8       0x1d ./drivers/fsl_clock.o
 *fill*         0x0000000000009ec5        0x3 ff
 .rodata.CLOCK_EnablePll0.str1.4
                0x0000000000009ec8       0x19 ./drivers/fsl_clock.o
 *fill*         0x0000000000009ee1        0x3 ff
 .rodata.CLOCK_SetPbeMode.str1.4
                0x0000000000009ee4       0x1a ./drivers/fsl_clock.o
 *fill*         0x0000000000009efe        0x2 ff
 .rodata.CLOCK_BootToPeeMode.str1.4
                0x0000000000009f00       0x1a ./drivers/fsl_clock.o
 *fill*         0x0000000000009f1a        0x2 ff
 .rodata.fllFactorTable.1
                0x0000000000009f1c       0x10 ./drivers/fsl_clock.o
 .rodata.LPSCI_GetInstance.str1.4
                0x0000000000009f2c       0x36 ./drivers/fsl_lpsci.o
 *fill*         0x0000000000009f62        0x2 ff
 .rodata.LPSCI_Init.str1.4
                0x0000000000009f64       0x43 ./drivers/fsl_lpsci.o
 *fill*         0x0000000000009fa7        0x1 ff
 .rodata.LPSCI_GetDefaultConfig.str1.4
                0x0000000000009fa8       0x19 ./drivers/fsl_lpsci.o
 *fill*         0x0000000000009fc1        0x3 ff
 .rodata.LPSCI_WriteBlocking.str1.4
                0x0000000000009fc4       0x17 ./drivers/fsl_lpsci.o
 *fill*         0x0000000000009fdb        0x1 ff
 .rodata.LPSCI_ReadBlocking.str1.4
                0x0000000000009fdc       0x17 ./drivers/fsl_lpsci.o
 *fill*         0x0000000000009ff3        0x1 ff
 .rodata.s_uartBases
                0x0000000000009ff4        0xc ./drivers/fsl_uart.o
 .rodata.s_uartClock
                0x000000000000a000        0xc ./drivers/fsl_uart.o
 .rodata.UART_GetInstance.str1.4
                0x000000000000a00c       0x2b ./drivers/fsl_uart.o
 *fill*         0x000000000000a037        0x1 ff
 .rodata.UART_Init.str1.4
                0x000000000000a038       0x3e ./drivers/fsl_uart.o
 *fill*         0x000000000000a076        0x2 ff
 .rodata.UART_GetDefaultConfig.str1.4
                0x000000000000a078       0x18 ./drivers/fsl_uart.o
 .rodata.UART_ReadBlocking.str1.4
                0x000000000000a090       0x16 ./drivers/fsl_uart.o
 *fill*         0x000000000000a0a6        0x2 ff
 .rodata.mcgConfig_BOARD_BootClockRUN
                0x000000000000a0a8        0xa ./board/clock_config.o
                0x000000000000a0a8                mcgConfig_BOARD_BootClockRUN
 *fill*         0x000000000000a0b2        0x2 ff
 .rodata.simConfig_BOARD_BootClockRUN
                0x000000000000a0b4        0x8 ./board/clock_config.o
                0x000000000000a0b4                simConfig_BOARD_BootClockRUN
 .rodata.oscConfig_BOARD_BootClockRUN
                0x000000000000a0bc        0x8 ./board/clock_config.o
                0x000000000000a0bc                oscConfig_BOARD_BootClockRUN
 .rodata.__num_Ciob_streams
                0x000000000000a0c4        0x4 /Applications/MCUXpressoIDE_11.7.0_9198/ide/plugins/com.nxp.mcuxpresso.tools.macosx_11.7.0.202209140929/tools/bin/../lib/gcc/arm-none-eabi/10.3.1/../../../../arm-none-eabi/lib/thumb/v6-m/nofp/libcr_semihost_nf.a(__ciob.o)
                0x000000000000a0c4                __num_Ciob_streams
 .rodata.__assertion_failed.str1.1
                0x000000000000a0c8       0x15 /Applications/MCUXpressoIDE_11.7.0_9198/ide/plugins/com.nxp.mcuxpresso.tools.macosx_11.7.0.202209140929/tools/bin/../lib/gcc/arm-none-eabi/10.3.1/../../../../arm-none-eabi/lib/thumb/v6-m/nofp/libcr_semihost_nf.a(_cr_assert.o)
 .rodata._Csys_alloc.str1.1
                0x000000000000a0dd       0x18 /Applications/MCUXpressoIDE_11.7.0_9198/ide/plugins/com.nxp.mcuxpresso.tools.macosx_11.7.0.202209140929/tools/bin/../lib/gcc/arm-none-eabi/10.3.1/../../../../arm-none-eabi/lib/thumb/v6-m/nofp/libcr_c.a(alloc.o)
 .rodata.fp_display.str1.1
                0x000000000000a0f5       0x32 /Applications/MCUXpressoIDE_11.7.0_9198/ide/plugins/com.nxp.mcuxpresso.tools.macosx_11.7.0.202209140929/tools/bin/../lib/gcc/arm-none-eabi/10.3.1/../../../../arm-none-eabi/lib/thumb/v6-m/nofp/libcr_c.a(fpprintf.o)
                                         0x35 (size before relaxing)
 .rodata._initio.str1.1
                0x000000000000a127        0x4 /Applications/MCUXpressoIDE_11.7.0_9198/ide/plugins/com.nxp.mcuxpresso.tools.macosx_11.7.0.202209140929/tools/bin/../lib/gcc/arm-none-eabi/10.3.1/../../../../arm-none-eabi/lib/thumb/v6-m/nofp/libcr_c.a(initio.o)
 .rodata.__vfprintf.str1.1
                0x000000000000a12b       0x31 /Applications/MCUXpressoIDE_11.7.0_9198/ide/plugins/com.nxp.mcuxpresso.tools.macosx_11.7.0.202209140929/tools/bin/../lib/gcc/arm-none-eabi/10.3.1/../../../../arm-none-eabi/lib/thumb/v6-m/nofp/libcr_c.a(printf.o)
                                         0x38 (size before relaxing)
 .rodata.__ctype
                0x000000000000a15c      0x180 /Applications/MCUXpressoIDE_11.7.0_9198/ide/plugins/com.nxp.mcuxpresso.tools.macosx_11.7.0.202209140929/tools/bin/../lib/gcc/arm-none-eabi/10.3.1/../../../../arm-none-eabi/lib/thumb/v6-m/nofp/libcr_c.a(ctype.o)
                0x000000000000a15c                __ctype
                0x000000000000a2dc                . = ALIGN (0x4)

.glue_7         0x000000000000a2dc        0x0
 .glue_7        0x000000000000a2dc        0x0 linker stubs

.glue_7t        0x000000000000a2dc        0x0
 .glue_7t       0x000000000000a2dc        0x0 linker stubs

.vfp11_veneer   0x000000000000a2dc        0x0
 .vfp11_veneer  0x000000000000a2dc        0x0 linker stubs

.v4_bx          0x000000000000a2dc        0x0
 .v4_bx         0x000000000000a2dc        0x0 linker stubs

.iplt           0x000000000000a2dc        0x0
 .iplt          0x000000000000a2dc        0x0 ./utilities/fsl_debug_console.o

.rel.dyn        0x000000000000a2dc        0x0
 .rel.iplt      0x000000000000a2dc        0x0 ./utilities/fsl_debug_console.o

.ARM.extab
 *(SORT_BY_ALIGNMENT(.ARM.extab*) SORT_BY_ALIGNMENT(.gnu.linkonce.armextab.*))

.ARM.exidx      0x000000000000a2dc        0x0
                0x000000000000a2dc                __exidx_start = .
 *(SORT_BY_ALIGNMENT(.ARM.exidx*) SORT_BY_ALIGNMENT(.gnu.linkonce.armexidx.*))
                0x000000000000a2dc                __exidx_end = .
                0x000000000000a2dc                _etext = .

.m_usb_data
 *(SORT_BY_ALIGNMENT(m_usb_bdt))

.mtb_buffer_default
                0x000000001ffff000       0x80
 *(SORT_BY_ALIGNMENT(.mtb*))
 .mtb.$RAM1     0x000000001ffff000       0x80 ./source/mtb.o
                0x000000001ffff000                __mtb_buffer__

.uninit_RESERVED
                0x000000001ffff080        0x0
                0x000000001ffff080                _start_uninit_RESERVED = .
 *(SORT_BY_ALIGNMENT(.bss.$RESERVED*))
                0x000000001ffff080                . = ALIGN (0x4)
                0x000000001ffff080                _end_uninit_RESERVED = .

.data           0x000000001ffff080       0x14 load address 0x000000000000a2dc
 FILL mask 0xff
                0x000000001ffff080                _data = .
                [!provide]                        PROVIDE (__start_data_RAM = .)
                [!provide]                        PROVIDE (__start_data_SRAM = .)
 *(SORT_BY_ALIGNMENT(vtable))
 *(SORT_BY_ALIGNMENT(.ramfunc*))
 *(SORT_BY_ALIGNMENT(CodeQuickAccess))
 *(SORT_BY_ALIGNMENT(DataQuickAccess))
 *(SORT_BY_ALIGNMENT(RamFunction))
 *(SORT_BY_ALIGNMENT(.data*))
 .data.TEMP_THRESHOLD
                0x000000001ffff080        0x4 ./source/state_machine.o
 .data.HUMD_THRESHOLD
                0x000000001ffff084        0x4 ./source/state_machine.o
 .data.previous_touch
                0x000000001ffff088        0x4 ./source/state_machine.o
 .data.s_slowIrcFreq
                0x000000001ffff08c        0x4 ./drivers/fsl_clock.o
 .data.SystemCoreClock
                0x000000001ffff090        0x4 ./CMSIS/system_MKL25Z4.o
                0x000000001ffff090                SystemCoreClock
                0x000000001ffff094                . = ALIGN (0x4)
                0x000000001ffff094                _edata = .
                [!provide]                        PROVIDE (__end_data_RAM = .)
                [!provide]                        PROVIDE (__end_data_SRAM = .)

.igot.plt       0x000000001ffff094        0x0 load address 0x000000000000a2f0
 .igot.plt      0x000000001ffff094        0x0 ./utilities/fsl_debug_console.o

.bss            0x000000001ffff094      0x31c
                0x000000001ffff094                _bss = .
                [!provide]                        PROVIDE (__start_bss_RAM = .)
                [!provide]                        PROVIDE (__start_bss_SRAM = .)
 *(SORT_BY_ALIGNMENT(.bss*))
 .bss.s_debugConsole
                0x000000001ffff094       0x10 ./utilities/fsl_debug_console.o
 .bss.CB_fifo_type
                0x000000001ffff0a4      0x218 ./source/cbfifo.o
                0x000000001ffff0a4                CB_fifo_type
 .bss.time_alert_mode
                0x000000001ffff2bc        0x4 ./source/state_machine.o
 .bss.timer_value
                0x000000001ffff2c0        0x4 ./source/timer.o
                0x000000001ffff2c0                timer_value
 .bss.timer_reset_value
                0x000000001ffff2c4        0x4 ./source/timer.o
                0x000000001ffff2c4                timer_reset_value
 .bss.time_in_alert_mode
                0x000000001ffff2c8        0x4 ./source/timer.o
                0x000000001ffff2c8                time_in_alert_mode
 .bss.time_in_reset_alert_mode
                0x000000001ffff2cc        0x4 ./source/timer.o
                0x000000001ffff2cc                time_in_reset_alert_mode
 .bss.g_xtal0Freq
                0x000000001ffff2d0        0x4 ./drivers/fsl_clock.o
                0x000000001ffff2d0                g_xtal0Freq
 .bss.s_lpsciHandle
                0x000000001ffff2d4        0x4 ./drivers/fsl_lpsci.o
 .bss.s_lpsciIsr
                0x000000001ffff2d8        0x4 ./drivers/fsl_lpsci.o
 .bss.s_uartHandle
                0x000000001ffff2dc        0xc ./drivers/fsl_uart.o
 .bss.s_uartIsr
                0x000000001ffff2e8        0x4 ./drivers/fsl_uart.o
 .bss.__Ciob    0x000000001ffff2ec       0xb4 /Applications/MCUXpressoIDE_11.7.0_9198/ide/plugins/com.nxp.mcuxpresso.tools.macosx_11.7.0.202209140929/tools/bin/../lib/gcc/arm-none-eabi/10.3.1/../../../../arm-none-eabi/lib/thumb/v6-m/nofp/libcr_semihost_nf.a(__ciob.o)
                0x000000001ffff2ec                __Ciob
 .bss.__end_of_heap
                0x000000001ffff3a0        0x4 /Applications/MCUXpressoIDE_11.7.0_9198/ide/plugins/com.nxp.mcuxpresso.tools.macosx_11.7.0.202209140929/tools/bin/../lib/gcc/arm-none-eabi/10.3.1/../../../../arm-none-eabi/lib/thumb/v6-m/nofp/libcr_c.a(__init_alloc.o)
                0x000000001ffff3a0                __end_of_heap
 .bss.__heaps   0x000000001ffff3a4        0x4 /Applications/MCUXpressoIDE_11.7.0_9198/ide/plugins/com.nxp.mcuxpresso.tools.macosx_11.7.0.202209140929/tools/bin/../lib/gcc/arm-none-eabi/10.3.1/../../../../arm-none-eabi/lib/thumb/v6-m/nofp/libcr_c.a(__init_alloc.o)
                0x000000001ffff3a4                __heaps
 .bss.errno     0x000000001ffff3a8        0x4 /Applications/MCUXpressoIDE_11.7.0_9198/ide/plugins/com.nxp.mcuxpresso.tools.macosx_11.7.0.202209140929/tools/bin/../lib/gcc/arm-none-eabi/10.3.1/../../../../arm-none-eabi/lib/thumb/v6-m/nofp/libcr_c.a(errno.o)
                0x000000001ffff3a8                errno
 .bss.current_state
                0x000000001ffff3ac        0x1 ./source/state_machine.o
                0x000000001ffff3ac                current_state
 *(SORT_BY_ALIGNMENT(COMMON))
                0x000000001ffff3b0                . = ALIGN (0x4)
 *fill*         0x000000001ffff3ad        0x3 
                0x000000001ffff3b0                _ebss = .
                [!provide]                        PROVIDE (__end_bss_RAM = .)
                [!provide]                        PROVIDE (__end_bss_SRAM = .)
                [!provide]                        PROVIDE (end = .)

.noinit         0x000000001ffff3b0        0x0
                0x000000001ffff3b0                _noinit = .
                [!provide]                        PROVIDE (__start_noinit_RAM = .)
                [!provide]                        PROVIDE (__start_noinit_SRAM = .)
 *(SORT_BY_ALIGNMENT(.noinit*))
                0x000000001ffff3b0                . = ALIGN (0x4)
                0x000000001ffff3b0                _end_noinit = .
                [!provide]                        PROVIDE (__end_noinit_RAM = .)
                [!provide]                        PROVIDE (__end_noinit_SRAM = .)
                0x0000000000000400                _HeapSize = 0x400

.heap           0x000000001ffff3b0      0x400
                0x000000001ffff3b0                _pvHeapStart = .
                0x000000001ffff7b0                . = (. + _HeapSize)
 *fill*         0x000000001ffff3b0      0x400 
                0x000000001ffff7b0                . = ALIGN (0x4)
                0x000000001ffff7b0                _pvHeapLimit = .
                0x0000000000000400                _StackSize = 0x400

.heap2stackfill
                0x000000001ffff7b0      0x400
                0x000000001ffffbb0                . = (. + _StackSize)
 *fill*         0x000000001ffff7b0      0x400 

.stack          0x0000000020002c00        0x0
                0x0000000020002c00                _vStackBase = .
                0x0000000020002c00                . = ALIGN (0x4)
                0x0000000020003000                _vStackTop = (. + _StackSize)
                0x0000000000000000                _image_start = LOADADDR (.text)
                0x000000000000a2f0                _image_end = (LOADADDR (.data) + SIZEOF (.data))
                0x000000000000a2f0                _image_size = (_image_end - _image_start)
OUTPUT(Home-Safe.axf elf32-littlearm)
LOAD linker stubs

.debug_info     0x0000000000000000     0x9c44
 .debug_info    0x0000000000000000      0x84f ./utilities/fsl_debug_console.o
 .debug_info    0x000000000000084f      0x4eb ./startup/startup_mkl25z4.o
 .debug_info    0x0000000000000d3a      0x1fc ./source/Accumulate_Line.o
 .debug_info    0x0000000000000f36      0x4d9 ./source/TSI.o
 .debug_info    0x000000000000140f      0x36a ./source/cbfifo.o
 .debug_info    0x0000000000001779      0x468 ./source/i2c.o
 .debug_info    0x0000000000001be1       0xe6 ./source/main.o
 .debug_info    0x0000000000001cc7       0x53 ./source/mtb.o
 .debug_info    0x0000000000001d1a      0x4eb ./source/process_command.o
 .debug_info    0x0000000000002205      0x470 ./source/pwm.o
 .debug_info    0x0000000000002675      0x2eb ./source/rgb_led.o
 .debug_info    0x0000000000002960       0x3c ./source/semihost_hardfault.o
 .debug_info    0x000000000000299c       0xda ./source/sht21.o
 .debug_info    0x0000000000002a76      0x3fa ./source/state_machine.o
 .debug_info    0x0000000000002e70      0x194 ./source/sysclock.o
 .debug_info    0x0000000000003004      0x185 ./source/test_cbfifo.o
 .debug_info    0x0000000000003189       0xca ./source/test_sht21.o
 .debug_info    0x0000000000003253      0x4b9 ./source/timer.o
 .debug_info    0x000000000000370c      0x82d ./source/uart.o
 .debug_info    0x0000000000003f39      0x31b ./source/wdt.o
 .debug_info    0x0000000000004254     0x1a5a ./drivers/fsl_clock.o
 .debug_info    0x0000000000005cae     0x140d ./drivers/fsl_lpsci.o
 .debug_info    0x00000000000070bb     0x13ae ./drivers/fsl_uart.o
 .debug_info    0x0000000000008469      0x39b ./board/board.o
 .debug_info    0x0000000000008804      0xabc ./board/clock_config.o
 .debug_info    0x00000000000092c0       0x3c ./board/peripherals.o
 .debug_info    0x00000000000092fc      0x547 ./board/pin_mux.o
 .debug_info    0x0000000000009843      0x401 ./CMSIS/system_MKL25Z4.o

.debug_abbrev   0x0000000000000000     0x2490
 .debug_abbrev  0x0000000000000000      0x1d7 ./utilities/fsl_debug_console.o
 .debug_abbrev  0x00000000000001d7      0x198 ./startup/startup_mkl25z4.o
 .debug_abbrev  0x000000000000036f       0xf4 ./source/Accumulate_Line.o
 .debug_abbrev  0x0000000000000463      0x15d ./source/TSI.o
 .debug_abbrev  0x00000000000005c0      0x1c2 ./source/cbfifo.o
 .debug_abbrev  0x0000000000000782      0x11f ./source/i2c.o
 .debug_abbrev  0x00000000000008a1       0x89 ./source/main.o
 .debug_abbrev  0x000000000000092a       0x46 ./source/mtb.o
 .debug_abbrev  0x0000000000000970      0x14b ./source/process_command.o
 .debug_abbrev  0x0000000000000abb      0x10c ./source/pwm.o
 .debug_abbrev  0x0000000000000bc7      0x134 ./source/rgb_led.o
 .debug_abbrev  0x0000000000000cfb       0x31 ./source/semihost_hardfault.o
 .debug_abbrev  0x0000000000000d2c       0x87 ./source/sht21.o
 .debug_abbrev  0x0000000000000db3      0x143 ./source/state_machine.o
 .debug_abbrev  0x0000000000000ef6       0xb4 ./source/sysclock.o
 .debug_abbrev  0x0000000000000faa       0xc5 ./source/test_cbfifo.o
 .debug_abbrev  0x000000000000106f       0x74 ./source/test_sht21.o
 .debug_abbrev  0x00000000000010e3      0x194 ./source/timer.o
 .debug_abbrev  0x0000000000001277      0x1e1 ./source/uart.o
 .debug_abbrev  0x0000000000001458      0x115 ./source/wdt.o
 .debug_abbrev  0x000000000000156d      0x357 ./drivers/fsl_clock.o
 .debug_abbrev  0x00000000000018c4      0x2d7 ./drivers/fsl_lpsci.o
 .debug_abbrev  0x0000000000001b9b      0x2f1 ./drivers/fsl_uart.o
 .debug_abbrev  0x0000000000001e8c      0x11b ./board/board.o
 .debug_abbrev  0x0000000000001fa7      0x201 ./board/clock_config.o
 .debug_abbrev  0x00000000000021a8       0x31 ./board/peripherals.o
 .debug_abbrev  0x00000000000021d9      0x189 ./board/pin_mux.o
 .debug_abbrev  0x0000000000002362      0x12e ./CMSIS/system_MKL25Z4.o

.debug_aranges  0x0000000000000000      0xaa0
 .debug_aranges
                0x0000000000000000       0x48 ./utilities/fsl_debug_console.o
 .debug_aranges
                0x0000000000000048      0x160 ./startup/startup_mkl25z4.o
 .debug_aranges
                0x00000000000001a8       0x20 ./source/Accumulate_Line.o
 .debug_aranges
                0x00000000000001c8       0x30 ./source/TSI.o
 .debug_aranges
                0x00000000000001f8       0x40 ./source/cbfifo.o
 .debug_aranges
                0x0000000000000238       0x30 ./source/i2c.o
 .debug_aranges
                0x0000000000000268       0x20 ./source/main.o
 .debug_aranges
                0x0000000000000288       0x18 ./source/mtb.o
 .debug_aranges
                0x00000000000002a0       0x58 ./source/process_command.o
 .debug_aranges
                0x00000000000002f8       0x30 ./source/pwm.o
 .debug_aranges
                0x0000000000000328       0x68 ./source/rgb_led.o
 .debug_aranges
                0x0000000000000390       0x20 ./source/semihost_hardfault.o
 .debug_aranges
                0x00000000000003b0       0x28 ./source/sht21.o
 .debug_aranges
                0x00000000000003d8       0x50 ./source/state_machine.o
 .debug_aranges
                0x0000000000000428       0x20 ./source/sysclock.o
 .debug_aranges
                0x0000000000000448       0x30 ./source/test_cbfifo.o
 .debug_aranges
                0x0000000000000478       0x20 ./source/test_sht21.o
 .debug_aranges
                0x0000000000000498       0x60 ./source/timer.o
 .debug_aranges
                0x00000000000004f8       0x58 ./source/uart.o
 .debug_aranges
                0x0000000000000550       0x30 ./source/wdt.o
 .debug_aranges
                0x0000000000000580      0x1d8 ./drivers/fsl_clock.o
 .debug_aranges
                0x0000000000000758      0x118 ./drivers/fsl_lpsci.o
 .debug_aranges
                0x0000000000000870      0x130 ./drivers/fsl_uart.o
 .debug_aranges
                0x00000000000009a0       0x28 ./board/board.o
 .debug_aranges
                0x00000000000009c8       0x58 ./board/clock_config.o
 .debug_aranges
                0x0000000000000a20       0x20 ./board/peripherals.o
 .debug_aranges
                0x0000000000000a40       0x38 ./board/pin_mux.o
 .debug_aranges
                0x0000000000000a78       0x28 ./CMSIS/system_MKL25Z4.o

.debug_ranges   0x0000000000000000      0x8d8
 .debug_ranges  0x0000000000000000       0x38 ./utilities/fsl_debug_console.o
 .debug_ranges  0x0000000000000038      0x150 ./startup/startup_mkl25z4.o
 .debug_ranges  0x0000000000000188       0x10 ./source/Accumulate_Line.o
 .debug_ranges  0x0000000000000198       0x20 ./source/TSI.o
 .debug_ranges  0x00000000000001b8       0x30 ./source/cbfifo.o
 .debug_ranges  0x00000000000001e8       0x20 ./source/i2c.o
 .debug_ranges  0x0000000000000208       0x10 ./source/main.o
 .debug_ranges  0x0000000000000218       0x48 ./source/process_command.o
 .debug_ranges  0x0000000000000260       0x20 ./source/pwm.o
 .debug_ranges  0x0000000000000280       0x58 ./source/rgb_led.o
 .debug_ranges  0x00000000000002d8       0x10 ./source/semihost_hardfault.o
 .debug_ranges  0x00000000000002e8       0x18 ./source/sht21.o
 .debug_ranges  0x0000000000000300       0x40 ./source/state_machine.o
 .debug_ranges  0x0000000000000340       0x10 ./source/sysclock.o
 .debug_ranges  0x0000000000000350       0x20 ./source/test_cbfifo.o
 .debug_ranges  0x0000000000000370       0x10 ./source/test_sht21.o
 .debug_ranges  0x0000000000000380       0x50 ./source/timer.o
 .debug_ranges  0x00000000000003d0       0x48 ./source/uart.o
 .debug_ranges  0x0000000000000418       0x20 ./source/wdt.o
 .debug_ranges  0x0000000000000438      0x1c8 ./drivers/fsl_clock.o
 .debug_ranges  0x0000000000000600      0x108 ./drivers/fsl_lpsci.o
 .debug_ranges  0x0000000000000708      0x120 ./drivers/fsl_uart.o
 .debug_ranges  0x0000000000000828       0x18 ./board/board.o
 .debug_ranges  0x0000000000000840       0x48 ./board/clock_config.o
 .debug_ranges  0x0000000000000888       0x10 ./board/peripherals.o
 .debug_ranges  0x0000000000000898       0x28 ./board/pin_mux.o
 .debug_ranges  0x00000000000008c0       0x18 ./CMSIS/system_MKL25Z4.o

.debug_macro    0x0000000000000000     0xf30e
 .debug_macro   0x0000000000000000      0x13a ./utilities/fsl_debug_console.o
 .debug_macro   0x000000000000013a      0xa7e ./utilities/fsl_debug_console.o
 .debug_macro   0x0000000000000bb8       0x10 ./utilities/fsl_debug_console.o
 .debug_macro   0x0000000000000bc8       0x16 ./utilities/fsl_debug_console.o
 .debug_macro   0x0000000000000bde       0x10 ./utilities/fsl_debug_console.o
 .debug_macro   0x0000000000000bee      0x12e ./utilities/fsl_debug_console.o
 .debug_macro   0x0000000000000d1c       0x28 ./utilities/fsl_debug_console.o
 .debug_macro   0x0000000000000d44       0xc4 ./utilities/fsl_debug_console.o
 .debug_macro   0x0000000000000e08       0x16 ./utilities/fsl_debug_console.o
 .debug_macro   0x0000000000000e1e       0x22 ./utilities/fsl_debug_console.o
 .debug_macro   0x0000000000000e40      0x5b3 ./utilities/fsl_debug_console.o
 .debug_macro   0x00000000000013f3       0x10 ./utilities/fsl_debug_console.o
 .debug_macro   0x0000000000001403       0x3f ./utilities/fsl_debug_console.o
 .debug_macro   0x0000000000001442       0x3a ./utilities/fsl_debug_console.o
 .debug_macro   0x000000000000147c       0x26 ./utilities/fsl_debug_console.o
 .debug_macro   0x00000000000014a2      0x329 ./utilities/fsl_debug_console.o
 .debug_macro   0x00000000000017cb       0x30 ./utilities/fsl_debug_console.o
 .debug_macro   0x00000000000017fb     0x51e2 ./utilities/fsl_debug_console.o
 .debug_macro   0x00000000000069dd     0x1352 ./utilities/fsl_debug_console.o
 .debug_macro   0x0000000000007d2f       0x3a ./utilities/fsl_debug_console.o
 .debug_macro   0x0000000000007d69       0xf4 ./utilities/fsl_debug_console.o
 .debug_macro   0x0000000000007e5d       0x35 ./utilities/fsl_debug_console.o
 .debug_macro   0x0000000000007e92       0x9a ./utilities/fsl_debug_console.o
 .debug_macro   0x0000000000007f2c       0x2e ./utilities/fsl_debug_console.o
 .debug_macro   0x0000000000007f5a       0x10 ./utilities/fsl_debug_console.o
 .debug_macro   0x0000000000007f6a       0x10 ./utilities/fsl_debug_console.o
 .debug_macro   0x0000000000007f7a       0x29 ./startup/startup_mkl25z4.o
 .debug_macro   0x0000000000007fa3      0x1cc ./source/Accumulate_Line.o
 .debug_macro   0x000000000000816f       0xa0 ./source/Accumulate_Line.o
 .debug_macro   0x000000000000820f       0x3f ./source/Accumulate_Line.o
 .debug_macro   0x000000000000824e     0x51e2 ./source/Accumulate_Line.o
 .debug_macro   0x000000000000d430       0x7c ./source/Accumulate_Line.o
 .debug_macro   0x000000000000d4ac       0x10 ./source/Accumulate_Line.o
 .debug_macro   0x000000000000d4bc       0x22 ./source/Accumulate_Line.o
 .debug_macro   0x000000000000d4de       0x3a ./source/Accumulate_Line.o
 .debug_macro   0x000000000000d518       0x16 ./source/Accumulate_Line.o
 .debug_macro   0x000000000000d52e       0x16 ./source/Accumulate_Line.o
 .debug_macro   0x000000000000d544       0x16 ./source/Accumulate_Line.o
 .debug_macro   0x000000000000d55a      0x12d ./source/TSI.o
 .debug_macro   0x000000000000d687       0x34 ./source/TSI.o
 .debug_macro   0x000000000000d6bb       0x2e ./source/TSI.o
 .debug_macro   0x000000000000d6e9       0xcf ./source/cbfifo.o
 .debug_macro   0x000000000000d7b8      0x135 ./source/i2c.o
 .debug_macro   0x000000000000d8ed      0x247 ./source/main.o
 .debug_macro   0x000000000000db34       0x16 ./source/main.o
 .debug_macro   0x000000000000db4a       0x10 ./source/main.o
 .debug_macro   0x000000000000db5a      0x112 ./source/main.o
 .debug_macro   0x000000000000dc6c       0x34 ./source/main.o
 .debug_macro   0x000000000000dca0       0x10 ./source/main.o
 .debug_macro   0x000000000000dcb0       0x3a ./source/main.o
 .debug_macro   0x000000000000dcea       0x2f ./source/mtb.o
 .debug_macro   0x000000000000dd19       0x82 ./source/mtb.o
 .debug_macro   0x000000000000dd9b       0x10 ./source/mtb.o
 .debug_macro   0x000000000000ddab      0x1f1 ./source/process_command.o
 .debug_macro   0x000000000000df9c       0xdf ./source/pwm.o
 .debug_macro   0x000000000000e07b       0x10 ./source/pwm.o
 .debug_macro   0x000000000000e08b       0xf1 ./source/rgb_led.o
 .debug_macro   0x000000000000e17c       0x11 ./source/semihost_hardfault.o
 .debug_macro   0x000000000000e18d      0x14e ./source/sht21.o
 .debug_macro   0x000000000000e2db      0x1a2 ./source/state_machine.o
 .debug_macro   0x000000000000e47d       0x91 ./source/sysclock.o
 .debug_macro   0x000000000000e50e      0x1c3 ./source/test_cbfifo.o
 .debug_macro   0x000000000000e6d1      0x149 ./source/test_sht21.o
 .debug_macro   0x000000000000e81a       0xbd ./source/timer.o
 .debug_macro   0x000000000000e8d7      0x1ce ./source/uart.o
 .debug_macro   0x000000000000eaa5       0x91 ./source/wdt.o
 .debug_macro   0x000000000000eb36       0x34 ./source/wdt.o
 .debug_macro   0x000000000000eb6a      0x196 ./drivers/fsl_clock.o
 .debug_macro   0x000000000000ed00       0x1c ./drivers/fsl_clock.o
 .debug_macro   0x000000000000ed1c       0xec ./drivers/fsl_lpsci.o
 .debug_macro   0x000000000000ee08       0xf2 ./drivers/fsl_uart.o
 .debug_macro   0x000000000000eefa      0x12b ./board/board.o
 .debug_macro   0x000000000000f025      0x123 ./board/clock_config.o
 .debug_macro   0x000000000000f148       0x1b ./board/peripherals.o
 .debug_macro   0x000000000000f163      0x107 ./board/pin_mux.o
 .debug_macro   0x000000000000f26a       0x10 ./board/pin_mux.o
 .debug_macro   0x000000000000f27a       0x94 ./CMSIS/system_MKL25Z4.o

.debug_line     0x0000000000000000     0x8a79
 .debug_line    0x0000000000000000      0x46c ./utilities/fsl_debug_console.o
 .debug_line    0x000000000000046c      0x1ed ./startup/startup_mkl25z4.o
 .debug_line    0x0000000000000659      0x430 ./source/Accumulate_Line.o
 .debug_line    0x0000000000000a89      0x3d3 ./source/TSI.o
 .debug_line    0x0000000000000e5c      0x400 ./source/cbfifo.o
 .debug_line    0x000000000000125c      0x48c ./source/i2c.o
 .debug_line    0x00000000000016e8      0x4b8 ./source/main.o
 .debug_line    0x0000000000001ba0       0xd9 ./source/mtb.o
 .debug_line    0x0000000000001c79      0x5dc ./source/process_command.o
 .debug_line    0x0000000000002255      0x300 ./source/pwm.o
 .debug_line    0x0000000000002555      0x5f2 ./source/rgb_led.o
 .debug_line    0x0000000000002b47       0x59 ./source/semihost_hardfault.o
 .debug_line    0x0000000000002ba0      0x36e ./source/sht21.o
 .debug_line    0x0000000000002f0e      0x568 ./source/state_machine.o
 .debug_line    0x0000000000003476      0x238 ./source/sysclock.o
 .debug_line    0x00000000000036ae      0x82a ./source/test_cbfifo.o
 .debug_line    0x0000000000003ed8      0x39b ./source/test_sht21.o
 .debug_line    0x0000000000004273      0x38e ./source/timer.o
 .debug_line    0x0000000000004601      0x60a ./source/uart.o
 .debug_line    0x0000000000004c0b      0x26e ./source/wdt.o
 .debug_line    0x0000000000004e79     0x12f2 ./drivers/fsl_clock.o
 .debug_line    0x000000000000616b      0xd6b ./drivers/fsl_lpsci.o
 .debug_line    0x0000000000006ed6      0xd5a ./drivers/fsl_uart.o
 .debug_line    0x0000000000007c30      0x379 ./board/board.o
 .debug_line    0x0000000000007fa9      0x3d5 ./board/clock_config.o
 .debug_line    0x000000000000837e       0x5c ./board/peripherals.o
 .debug_line    0x00000000000083da      0x35c ./board/pin_mux.o
 .debug_line    0x0000000000008736      0x343 ./CMSIS/system_MKL25Z4.o

.debug_str      0x0000000000000000    0x369ac
 .debug_str     0x0000000000000000    0x31323 ./utilities/fsl_debug_console.o
                                      0x31570 (size before relaxing)
 .debug_str     0x0000000000031323      0x3cd ./startup/startup_mkl25z4.o
                                       0x30a7 (size before relaxing)
 .debug_str     0x00000000000316f0      0x5e4 ./source/Accumulate_Line.o
                                      0x30cb6 (size before relaxing)
 .debug_str     0x0000000000031cd4      0x220 ./source/TSI.o
                                      0x30ce6 (size before relaxing)
 .debug_str     0x0000000000031ef4       0xfb ./source/cbfifo.o
                                      0x29024 (size before relaxing)
 .debug_str     0x0000000000031fef       0x9f ./source/i2c.o
                                      0x30b8f (size before relaxing)
 .debug_str     0x000000000003208e      0xb3d ./source/main.o
                                      0x3176e (size before relaxing)
 .debug_str     0x0000000000032bcb      0x532 ./source/mtb.o
                                       0x31c7 (size before relaxing)
 .debug_str     0x00000000000330fd      0x148 ./source/process_command.o
                                      0x311f8 (size before relaxing)
 .debug_str     0x0000000000033245       0x70 ./source/pwm.o
                                      0x2908d (size before relaxing)
 .debug_str     0x00000000000332b5       0xea ./source/rgb_led.o
                                      0x2906a (size before relaxing)
 .debug_str     0x000000000003339f       0x1f ./source/semihost_hardfault.o
                                       0x2cb4 (size before relaxing)
 .debug_str     0x00000000000333be       0x72 ./source/sht21.o
                                      0x30a80 (size before relaxing)
 .debug_str     0x0000000000033430      0x12d ./source/state_machine.o
                                      0x311a0 (size before relaxing)
 .debug_str     0x000000000003355d       0x38 ./source/sysclock.o
                                      0x28c4b (size before relaxing)
 .debug_str     0x0000000000033595       0x8b ./source/test_cbfifo.o
                                      0x30c1a (size before relaxing)
 .debug_str     0x0000000000033620       0x22 ./source/test_sht21.o
                                      0x30a2c (size before relaxing)
 .debug_str     0x0000000000033642      0x2f8 ./source/timer.o
                                      0x2921d (size before relaxing)
 .debug_str     0x000000000003393a       0xcf ./source/uart.o
                                      0x30ff2 (size before relaxing)
 .debug_str     0x0000000000033a09       0x30 ./source/wdt.o
                                      0x28d9d (size before relaxing)
 .debug_str     0x0000000000033a39     0x1774 ./drivers/fsl_clock.o
                                      0x3217c (size before relaxing)
 .debug_str     0x00000000000351ad      0x95f ./drivers/fsl_lpsci.o
                                      0x3176b (size before relaxing)
 .debug_str     0x0000000000035b0c      0x832 ./drivers/fsl_uart.o
                                      0x3178e (size before relaxing)
 .debug_str     0x000000000003633e       0x4c ./board/board.o
                                      0x3114e (size before relaxing)
 .debug_str     0x000000000003638a      0x3c1 ./board/clock_config.o
                                      0x310ad (size before relaxing)
 .debug_str     0x000000000003674b       0x31 ./board/peripherals.o
                                       0x2cc5 (size before relaxing)
 .debug_str     0x000000000003677c      0x1e1 ./board/pin_mux.o
                                      0x307f4 (size before relaxing)
 .debug_str     0x000000000003695d       0x4f ./CMSIS/system_MKL25Z4.o
                                      0x2faf6 (size before relaxing)

.comment        0x0000000000000000       0x49
 .comment       0x0000000000000000       0x49 ./utilities/fsl_debug_console.o
                                         0x4a (size before relaxing)
 .comment       0x0000000000000049       0x4a ./startup/startup_mkl25z4.o
 .comment       0x0000000000000049       0x4a ./source/Accumulate_Line.o
 .comment       0x0000000000000049       0x4a ./source/TSI.o
 .comment       0x0000000000000049       0x4a ./source/cbfifo.o
 .comment       0x0000000000000049       0x4a ./source/i2c.o
 .comment       0x0000000000000049       0x4a ./source/main.o
 .comment       0x0000000000000049       0x4a ./source/mtb.o
 .comment       0x0000000000000049       0x4a ./source/process_command.o
 .comment       0x0000000000000049       0x4a ./source/pwm.o
 .comment       0x0000000000000049       0x4a ./source/rgb_led.o
 .comment       0x0000000000000049       0x4a ./source/semihost_hardfault.o
 .comment       0x0000000000000049       0x4a ./source/sht21.o
 .comment       0x0000000000000049       0x4a ./source/state_machine.o
 .comment       0x0000000000000049       0x4a ./source/sysclock.o
 .comment       0x0000000000000049       0x4a ./source/test_cbfifo.o
 .comment       0x0000000000000049       0x4a ./source/test_sht21.o
 .comment       0x0000000000000049       0x4a ./source/timer.o
 .comment       0x0000000000000049       0x4a ./source/uart.o
 .comment       0x0000000000000049       0x4a ./source/wdt.o
 .comment       0x0000000000000049       0x4a ./drivers/fsl_clock.o
 .comment       0x0000000000000049       0x4a ./drivers/fsl_lpsci.o
 .comment       0x0000000000000049       0x4a ./drivers/fsl_uart.o
 .comment       0x0000000000000049       0x4a ./board/board.o
 .comment       0x0000000000000049       0x4a ./board/clock_config.o
 .comment       0x0000000000000049       0x4a ./board/peripherals.o
 .comment       0x0000000000000049       0x4a ./board/pin_mux.o
 .comment       0x0000000000000049       0x4a ./CMSIS/system_MKL25Z4.o
 .comment       0x0000000000000049       0x4a /Applications/MCUXpressoIDE_11.7.0_9198/ide/plugins/com.nxp.mcuxpresso.tools.macosx_11.7.0.202209140929/tools/bin/../lib/gcc/arm-none-eabi/10.3.1/../../../../arm-none-eabi/lib/thumb/v6-m/nofp/libcr_semihost_nf.a(__ciob.o)
 .comment       0x0000000000000049       0x4a /Applications/MCUXpressoIDE_11.7.0_9198/ide/plugins/com.nxp.mcuxpresso.tools.macosx_11.7.0.202209140929/tools/bin/../lib/gcc/arm-none-eabi/10.3.1/../../../../arm-none-eabi/lib/thumb/v6-m/nofp/libcr_semihost_nf.a(_cr__main.o)
 .comment       0x0000000000000049       0x4a /Applications/MCUXpressoIDE_11.7.0_9198/ide/plugins/com.nxp.mcuxpresso.tools.macosx_11.7.0.202209140929/tools/bin/../lib/gcc/arm-none-eabi/10.3.1/../../../../arm-none-eabi/lib/thumb/v6-m/nofp/libcr_semihost_nf.a(_cr_assert.o)
 .comment       0x0000000000000049       0x4a /Applications/MCUXpressoIDE_11.7.0_9198/ide/plugins/com.nxp.mcuxpresso.tools.macosx_11.7.0.202209140929/tools/bin/../lib/gcc/arm-none-eabi/10.3.1/../../../../arm-none-eabi/lib/thumb/v6-m/nofp/libcr_c.a(memcpy.o)
 .comment       0x0000000000000049       0x4a /Applications/MCUXpressoIDE_11.7.0_9198/ide/plugins/com.nxp.mcuxpresso.tools.macosx_11.7.0.202209140929/tools/bin/../lib/gcc/arm-none-eabi/10.3.1/../../../../arm-none-eabi/lib/thumb/v6-m/nofp/libcr_c.a(memset.o)
 .comment       0x0000000000000049       0x4a /Applications/MCUXpressoIDE_11.7.0_9198/ide/plugins/com.nxp.mcuxpresso.tools.macosx_11.7.0.202209140929/tools/bin/../lib/gcc/arm-none-eabi/10.3.1/../../../../arm-none-eabi/lib/thumb/v6-m/nofp/libcr_c.a(_deferredlazyseek.o)
 .comment       0x0000000000000049       0x4a /Applications/MCUXpressoIDE_11.7.0_9198/ide/plugins/com.nxp.mcuxpresso.tools.macosx_11.7.0.202209140929/tools/bin/../lib/gcc/arm-none-eabi/10.3.1/../../../../arm-none-eabi/lib/thumb/v6-m/nofp/libcr_c.a(_fflush.o)
 .comment       0x0000000000000049       0x4a /Applications/MCUXpressoIDE_11.7.0_9198/ide/plugins/com.nxp.mcuxpresso.tools.macosx_11.7.0.202209140929/tools/bin/../lib/gcc/arm-none-eabi/10.3.1/../../../../arm-none-eabi/lib/thumb/v6-m/nofp/libcr_c.a(_writebuf.o)
 .comment       0x0000000000000049       0x4a /Applications/MCUXpressoIDE_11.7.0_9198/ide/plugins/com.nxp.mcuxpresso.tools.macosx_11.7.0.202209140929/tools/bin/../lib/gcc/arm-none-eabi/10.3.1/../../../../arm-none-eabi/lib/thumb/v6-m/nofp/libcr_c.a(alloc.o)
 .comment       0x0000000000000049       0x4a /Applications/MCUXpressoIDE_11.7.0_9198/ide/plugins/com.nxp.mcuxpresso.tools.macosx_11.7.0.202209140929/tools/bin/../lib/gcc/arm-none-eabi/10.3.1/../../../../arm-none-eabi/lib/thumb/v6-m/nofp/libcr_c.a(fpprintf.o)
 .comment       0x0000000000000049       0x4a /Applications/MCUXpressoIDE_11.7.0_9198/ide/plugins/com.nxp.mcuxpresso.tools.macosx_11.7.0.202209140929/tools/bin/../lib/gcc/arm-none-eabi/10.3.1/../../../../arm-none-eabi/lib/thumb/v6-m/nofp/libcr_c.a(fputs.o)
 .comment       0x0000000000000049       0x4a /Applications/MCUXpressoIDE_11.7.0_9198/ide/plugins/com.nxp.mcuxpresso.tools.macosx_11.7.0.202209140929/tools/bin/../lib/gcc/arm-none-eabi/10.3.1/../../../../arm-none-eabi/lib/thumb/v6-m/nofp/libcr_c.a(fseek.o)
 .comment       0x0000000000000049       0x4a /Applications/MCUXpressoIDE_11.7.0_9198/ide/plugins/com.nxp.mcuxpresso.tools.macosx_11.7.0.202209140929/tools/bin/../lib/gcc/arm-none-eabi/10.3.1/../../../../arm-none-eabi/lib/thumb/v6-m/nofp/libcr_c.a(ftell.o)
 .comment       0x0000000000000049       0x4a /Applications/MCUXpressoIDE_11.7.0_9198/ide/plugins/com.nxp.mcuxpresso.tools.macosx_11.7.0.202209140929/tools/bin/../lib/gcc/arm-none-eabi/10.3.1/../../../../arm-none-eabi/lib/thumb/v6-m/nofp/libcr_c.a(initio.o)
 .comment       0x0000000000000049       0x4a /Applications/MCUXpressoIDE_11.7.0_9198/ide/plugins/com.nxp.mcuxpresso.tools.macosx_11.7.0.202209140929/tools/bin/../lib/gcc/arm-none-eabi/10.3.1/../../../../arm-none-eabi/lib/thumb/v6-m/nofp/libcr_c.a(printf.o)
 .comment       0x0000000000000049       0x4a /Applications/MCUXpressoIDE_11.7.0_9198/ide/plugins/com.nxp.mcuxpresso.tools.macosx_11.7.0.202209140929/tools/bin/../lib/gcc/arm-none-eabi/10.3.1/../../../../arm-none-eabi/lib/thumb/v6-m/nofp/libcr_c.a(setvbuf.o)
 .comment       0x0000000000000049       0x4a /Applications/MCUXpressoIDE_11.7.0_9198/ide/plugins/com.nxp.mcuxpresso.tools.macosx_11.7.0.202209140929/tools/bin/../lib/gcc/arm-none-eabi/10.3.1/../../../../arm-none-eabi/lib/thumb/v6-m/nofp/libcr_c.a(strcasecmp.o)
 .comment       0x0000000000000049       0x4a /Applications/MCUXpressoIDE_11.7.0_9198/ide/plugins/com.nxp.mcuxpresso.tools.macosx_11.7.0.202209140929/tools/bin/../lib/gcc/arm-none-eabi/10.3.1/../../../../arm-none-eabi/lib/thumb/v6-m/nofp/libcr_c.a(strlen.o)
 .comment       0x0000000000000049       0x4a /Applications/MCUXpressoIDE_11.7.0_9198/ide/plugins/com.nxp.mcuxpresso.tools.macosx_11.7.0.202209140929/tools/bin/../lib/gcc/arm-none-eabi/10.3.1/../../../../arm-none-eabi/lib/thumb/v6-m/nofp/libcr_c.a(strncmp.o)
 .comment       0x0000000000000049       0x4a /Applications/MCUXpressoIDE_11.7.0_9198/ide/plugins/com.nxp.mcuxpresso.tools.macosx_11.7.0.202209140929/tools/bin/../lib/gcc/arm-none-eabi/10.3.1/../../../../arm-none-eabi/lib/thumb/v6-m/nofp/libcr_c.a(__init_alloc.o)
 .comment       0x0000000000000049       0x4a /Applications/MCUXpressoIDE_11.7.0_9198/ide/plugins/com.nxp.mcuxpresso.tools.macosx_11.7.0.202209140929/tools/bin/../lib/gcc/arm-none-eabi/10.3.1/../../../../arm-none-eabi/lib/thumb/v6-m/nofp/libcr_c.a(_cr_sbrk.o)
 .comment       0x0000000000000049       0x4a /Applications/MCUXpressoIDE_11.7.0_9198/ide/plugins/com.nxp.mcuxpresso.tools.macosx_11.7.0.202209140929/tools/bin/../lib/gcc/arm-none-eabi/10.3.1/../../../../arm-none-eabi/lib/thumb/v6-m/nofp/libcr_c.a(_fdopen.o)
 .comment       0x0000000000000049       0x4a /Applications/MCUXpressoIDE_11.7.0_9198/ide/plugins/com.nxp.mcuxpresso.tools.macosx_11.7.0.202209140929/tools/bin/../lib/gcc/arm-none-eabi/10.3.1/../../../../arm-none-eabi/lib/thumb/v6-m/nofp/libcr_c.a(_frexpl.o)
 .comment       0x0000000000000049       0x4a /Applications/MCUXpressoIDE_11.7.0_9198/ide/plugins/com.nxp.mcuxpresso.tools.macosx_11.7.0.202209140929/tools/bin/../lib/gcc/arm-none-eabi/10.3.1/../../../../arm-none-eabi/lib/thumb/v6-m/nofp/libcr_c.a(_ldexpl.o)
 .comment       0x0000000000000049       0x4a /Applications/MCUXpressoIDE_11.7.0_9198/ide/plugins/com.nxp.mcuxpresso.tools.macosx_11.7.0.202209140929/tools/bin/../lib/gcc/arm-none-eabi/10.3.1/../../../../arm-none-eabi/lib/thumb/v6-m/nofp/libcr_c.a(ctype.o)
 .comment       0x0000000000000049       0x4a /Applications/MCUXpressoIDE_11.7.0_9198/ide/plugins/com.nxp.mcuxpresso.tools.macosx_11.7.0.202209140929/tools/bin/../lib/gcc/arm-none-eabi/10.3.1/../../../../arm-none-eabi/lib/thumb/v6-m/nofp/libcr_c.a(errno.o)
 .comment       0x0000000000000049       0x4a /Applications/MCUXpressoIDE_11.7.0_9198/ide/plugins/com.nxp.mcuxpresso.tools.macosx_11.7.0.202209140929/tools/bin/../lib/gcc/arm-none-eabi/10.3.1/../../../../arm-none-eabi/lib/thumb/v6-m/nofp/libcr_c.a(fclose.o)