Archive member included to satisfy reference by file (symbol)

/Applications/MCUXpressoIDE_11.7.0_9198/ide/plugins/com.nxp.mcuxpresso.tools.macosx_11.7.0.202209140929/tools/bin/../lib/gcc/arm-none-eabi/10.3.1/../../../../arm-none-eabi/lib/thumb/v6-m/nofp/libcr_semihost_nf.a(__ciob.o)
                              ./source/Accumulate_Line.o (__Ciob)
/Applications/MCUXpressoIDE_11.7.0_9198/ide/plugins/com.nxp.mcuxpresso.tools.macosx_11.7.0.202209140929/tools/bin/../lib/gcc/arm-none-eabi/10.3.1/../../../../arm-none-eabi/lib/thumb/v6-m/nofp/libcr_semihost_nf.a(_cr__main.o)
                              ./startup/startup_mkl25z4.o (__main)
/Applications/MCUXpressoIDE_11.7.0_9198/ide/plugins/com.nxp.mcuxpresso.tools.macosx_11.7.0.202209140929/tools/bin/../lib/gcc/arm-none-eabi/10.3.1/../../../../arm-none-eabi/lib/thumb/v6-m/nofp/libcr_semihost_nf.a(_cr_assert.o)
                              ./source/test_cbfifo.o (__assertion_failed)
/Applications/MCUXpressoIDE_11.7.0_9198/ide/plugins/com.nxp.mcuxpresso.tools.macosx_11.7.0.202209140929/tools/bin/../lib/gcc/arm-none-eabi/10.3.1/../../../../arm-none-eabi/lib/thumb/v6-m/nofp/libcr_semihost_nf.a(__sys_appexit.o)
                              /Applications/MCUXpressoIDE_11.7.0_9198/ide/plugins/com.nxp.mcuxpresso.tools.macosx_11.7.0.202209140929/tools/bin/../lib/gcc/arm-none-eabi/10.3.1/../../../../arm-none-eabi/lib/thumb/v6-m/nofp/libcr_semihost_nf.a(_cr_assert.o) (__sys_appexit)
/Applications/MCUXpressoIDE_11.7.0_9198/ide/plugins/com.nxp.mcuxpresso.tools.macosx_11.7.0.202209140929/tools/bin/../lib/gcc/arm-none-eabi/10.3.1/../../../../arm-none-eabi/lib/thumb/v6-m/nofp/libcr_c.a(memcpy.o)
                              ./source/test_cbfifo.o (memcpy)
/Applications/MCUXpressoIDE_11.7.0_9198/ide/plugins/com.nxp.mcuxpresso.tools.macosx_11.7.0.202209140929/tools/bin/../lib/gcc/arm-none-eabi/10.3.1/../../../../arm-none-eabi/lib/thumb/v6-m/nofp/libcr_c.a(memset.o)
                              ./source/process_command.o (memset)
/Applications/MCUXpressoIDE_11.7.0_9198/ide/plugins/com.nxp.mcuxpresso.tools.macosx_11.7.0.202209140929/tools/bin/../lib/gcc/arm-none-eabi/10.3.1/../../../../arm-none-eabi/lib/thumb/v6-m/nofp/libcr_c.a(_deferredlazyseek.o)
                              ./source/Accumulate_Line.o (__flsbuf)
/Applications/MCUXpressoIDE_11.7.0_9198/ide/plugins/com.nxp.mcuxpresso.tools.macosx_11.7.0.202209140929/tools/bin/../lib/gcc/arm-none-eabi/10.3.1/../../../../arm-none-eabi/lib/thumb/v6-m/nofp/libcr_c.a(_fflush.o)
                              /Applications/MCUXpressoIDE_11.7.0_9198/ide/plugins/com.nxp.mcuxpresso.tools.macosx_11.7.0.202209140929/tools/bin/../lib/gcc/arm-none-eabi/10.3.1/../../../../arm-none-eabi/lib/thumb/v6-m/nofp/libcr_c.a(_deferredlazyseek.o) (_fflush)
/Applications/MCUXpressoIDE_11.7.0_9198/ide/plugins/com.nxp.mcuxpresso.tools.macosx_11.7.0.202209140929/tools/bin/../lib/gcc/arm-none-eabi/10.3.1/../../../../arm-none-eabi/lib/thumb/v6-m/nofp/libcr_c.a(_writebuf.o)
                              /Applications/MCUXpressoIDE_11.7.0_9198/ide/plugins/com.nxp.mcuxpresso.tools.macosx_11.7.0.202209140929/tools/bin/../lib/gcc/arm-none-eabi/10.3.1/../../../../arm-none-eabi/lib/thumb/v6-m/nofp/libcr_c.a(_deferredlazyseek.o) (_Cwritebuf)
/Applications/MCUXpressoIDE_11.7.0_9198/ide/plugins/com.nxp.mcuxpresso.tools.macosx_11.7.0.202209140929/tools/bin/../lib/gcc/arm-none-eabi/10.3.1/../../../../arm-none-eabi/lib/thumb/v6-m/nofp/libcr_c.a(alloc.o)
                              /Applications/MCUXpressoIDE_11.7.0_9198/ide/plugins/com.nxp.mcuxpresso.tools.macosx_11.7.0.202209140929/tools/bin/../lib/gcc/arm-none-eabi/10.3.1/../../../../arm-none-eabi/lib/thumb/v6-m/nofp/libcr_c.a(_deferredlazyseek.o) (_Csys_alloc)
/Applications/MCUXpressoIDE_11.7.0_9198/ide/plugins/com.nxp.mcuxpresso.tools.macosx_11.7.0.202209140929/tools/bin/../lib/gcc/arm-none-eabi/10.3.1/../../../../arm-none-eabi/lib/thumb/v6-m/nofp/libcr_c.a(fpprintf.o)
                              ./source/Accumulate_Line.o (printf)
/Applications/MCUXpressoIDE_11.7.0_9198/ide/plugins/com.nxp.mcuxpresso.tools.macosx_11.7.0.202209140929/tools/bin/../lib/gcc/arm-none-eabi/10.3.1/../../../../arm-none-eabi/lib/thumb/v6-m/nofp/libcr_c.a(fputs.o)
                              /Applications/MCUXpressoIDE_11.7.0_9198/ide/plugins/com.nxp.mcuxpresso.tools.macosx_11.7.0.202209140929/tools/bin/../lib/gcc/arm-none-eabi/10.3.1/../../../../arm-none-eabi/lib/thumb/v6-m/nofp/libcr_semihost_nf.a(_cr_assert.o) (fputs)
/Applications/MCUXpressoIDE_11.7.0_9198/ide/plugins/com.nxp.mcuxpresso.tools.macosx_11.7.0.202209140929/tools/bin/../lib/gcc/arm-none-eabi/10.3.1/../../../../arm-none-eabi/lib/thumb/v6-m/nofp/libcr_c.a(fseek.o)
                              /Applications/MCUXpressoIDE_11.7.0_9198/ide/plugins/com.nxp.mcuxpresso.tools.macosx_11.7.0.202209140929/tools/bin/../lib/gcc/arm-none-eabi/10.3.1/../../../../arm-none-eabi/lib/thumb/v6-m/nofp/libcr_c.a(_deferredlazyseek.o) (fseek)
[...]
Memory Configuration

Name             Origin             Length             Attributes
PROGRAM_FLASH    0x0000000000000000 0x0000000000020000 xr
SRAM             0x000000001ffff000 0x0000000000004000 xrw
*default*        0x0000000000000000 0xffffffffffffffff

Linker script and memory map

LOAD ./utilities/fsl_debug_console.o
LOAD ./startup/startup_mkl25z4.o
LOAD ./source/Accumulate_Line.o
LOAD ./source/TSI.o
LOAD ./source/cbfifo.o
LOAD ./source/i2c.o
LOAD ./source/main.o
LOAD ./source/mtb.o
LOAD ./source/process_command.o
LOAD ./source/pwm.o
LOAD ./source/rgb_led.o
LOAD ./source/semihost_hardfault.o
LOAD ./source/sht21.o
LOAD ./source/state_machine.o
LOAD ./source/sysclock.o
LOAD ./source/test_cbfifo.o
LOAD ./source/test_sht21.o
LOAD ./source/timer.o
LOAD ./source/uart.o
LOAD ./source/wdt.o
LOAD ./drivers/fsl_clock.o
LOAD ./drivers/fsl_common.o
LOAD ./drivers/fsl_flash.o
LOAD ./drivers/fsl_gpio.o
LOAD ./drivers/fsl_lpsci.o
LOAD ./drivers/fsl_smc.o
LOAD ./drivers/fsl_uart.o
LOAD ./board/board.o
LOAD ./board/clock_config.o
LOAD ./board/peripherals.o
LOAD ./board/pin_mux.o
LOAD ./CMSIS/system_MKL25Z4.o
START GROUP
LOAD /Applications/MCUXpressoIDE_11.7.0_9198/ide/plugins/com.nxp.mcuxpresso.tools.macosx_11.7.0.202209140929/tools/bin/../lib/gcc/arm-none-eabi/10.3.1/../../../../arm-none-eabi/lib/thumb/v6-m/nofp/libcr_semihost_nf.a
LOAD /Applications/MCUXpressoIDE_11.7.0_9198/ide/plugins/com.nxp.mcuxpresso.tools.macosx_11.7.0.202209140929/tools/bin/../lib/gcc/arm-none-eabi/10.3.1/../../../../arm-none-eabi/lib/thumb/v6-m/nofp/libcr_c.a
LOAD /Applications/MCUXpressoIDE_11.7.0_9198/ide/plugins/com.nxp.mcuxpresso.tools.macosx_11.7.0.202209140929/tools/bin/../lib/gcc/arm-none-eabi/10.3.1/thumb/v6-m/nofp/libcr_eabihelpers.a
LOAD /Applications/MCUXpressoIDE_11.7.0_9198/ide/plugins/com.nxp.mcuxpresso.tools.macosx_11.7.0.202209140929/tools/bin/../lib/gcc/arm-none-eabi/10.3.1/thumb/v6-m/nofp/libgcc.a
END GROUP
                0x0000000000000000                __base_PROGRAM_FLASH = 0x0
                0x0000000000000000                __base_Flash = 0x0
                0x0000000000020000                __top_PROGRAM_FLASH = 0x20000
                0x0000000000020000                __top_Flash = 0x20000
                0x000000001ffff000                __base_SRAM = 0x1ffff000
                0x000000001ffff000                __base_RAM = 0x1ffff000
                0x0000000020003000                __top_SRAM = 0x20003000
                0x0000000020003000                __top_RAM = 0x20003000

.text           0x0000000000000000     0x745c
 FILL mask 0xff
                0x0000000000000000                __vectors_start__ = ABSOLUTE (.)
 *(SORT_BY_ALIGNMENT(.isr_vector))
 .isr_vector    0x0000000000000000       0xc0 ./startup/startup_mkl25z4.o
                0x0000000000000000                __Vectors
                0x0000000000000000                g_pfnVectors
                0x00000000000000c0                . = ALIGN (0x4)
                0x00000000000000c0                __section_table_start = .
                0x00000000000000c0                __data_section_table = .
                0x00000000000000c0        0x4 LONG 0x745c LOADADDR (.data)
                0x00000000000000c4        0x4 LONG 0x1ffff080 ADDR (.data)
                0x00000000000000c8        0x4 LONG 0x14 SIZEOF (.data)
                0x00000000000000cc                __data_section_table_end = .
                0x00000000000000cc                __bss_section_table = .
                0x00000000000000cc        0x4 LONG 0x1ffff094 ADDR (.bss)
                0x00000000000000d0        0x4 LONG 0x31c SIZEOF (.bss)
                0x00000000000000d4                __bss_section_table_end = .
                0x00000000000000d4                __section_table_end = .
 *(SORT_BY_ALIGNMENT(.after_vectors*))
 .after_vectors.reset
                0x00000000000000d4       0x4c ./startup/startup_mkl25z4.o
                0x00000000000000d4                ResetISR
 .after_vectors.init_data
                0x0000000000000120       0x12 ./startup/startup_mkl25z4.o
                0x0000000000000120                data_init
 .after_vectors.init_bss
                0x0000000000000132       0x10 ./startup/startup_mkl25z4.o
                0x0000000000000132                bss_init
 .after_vectors
                0x0000000000000142      0x10c ./startup/startup_mkl25z4.o
                0x0000000000000142                NMI_Handler
                0x0000000000000146                SVC_Handler
                0x0000000000000148                PendSV_Handler
                0x000000000000014c                DMA0_DriverIRQHandler
                0x000000000000014c                SPI1_DriverIRQHandler
                0x000000000000014c                LPTMR0_DriverIRQHandler
                0x000000000000014c                I2C0_DriverIRQHandler
                0x000000000000014c                PORTD_DriverIRQHandler
                0x000000000000014c                DMA2_DriverIRQHandler
                0x000000000000014c                TPM2_DriverIRQHandler
                0x000000000000014c                CMP0_DriverIRQHandler
                0x000000000000014c                ADC0_DriverIRQHandler
                0x000000000000014c                TSI0_DriverIRQHandler
                0x000000000000014c                RTC_Seconds_DriverIRQHandler
                0x000000000000014c                SPI0_DriverIRQHandler
                0x000000000000014c                LLWU_DriverIRQHandler
                0x000000000000014c                MCG_DriverIRQHandler
                0x000000000000014c                I2C1_DriverIRQHandler
                0x000000000000014c                DMA1_DriverIRQHandler
                0x000000000000014c                FTFA_DriverIRQHandler
                0x000000000000014c                IntDefaultHandler
                0x000000000000014c                USB0_DriverIRQHandler
                0x000000000000014c                DAC0_DriverIRQHandler
                0x000000000000014c                PORTA_DriverIRQHandler
                0x000000000000014c                Reserved39_DriverIRQHandler
                0x000000000000014c                PIT_DriverIRQHandler
                0x000000000000014c                Reserved45_DriverIRQHandler
                0x000000000000014c                LVD_LVW_DriverIRQHandler
                0x000000000000014c                TPM0_DriverIRQHandler
                0x000000000000014c                RTC_DriverIRQHandler
                0x000000000000014c                TPM1_DriverIRQHandler
                0x000000000000014c                Reserved20_DriverIRQHandler
                0x000000000000014c                DMA3_DriverIRQHandler
                0x000000000000014e                DMA0_IRQHandler
                0x0000000000000156                DMA1_IRQHandler
                0x000000000000015e                DMA2_IRQHandler
                0x0000000000000166                DMA3_IRQHandler
                0x000000000000016e                Reserved20_IRQHandler
                0x0000000000000176                FTFA_IRQHandler
                0x000000000000017e                LVD_LVW_IRQHandler
                0x0000000000000186                LLWU_IRQHandler
                0x000000000000018e                I2C0_IRQHandler
                0x0000000000000196                I2C1_IRQHandler
                0x000000000000019e                SPI0_IRQHandler
                0x00000000000001a6                SPI1_IRQHandler
                0x00000000000001b6                UART1_IRQHandler
                0x00000000000001be                UART2_IRQHandler
                0x00000000000001c6                ADC0_IRQHandler
                0x00000000000001ce                CMP0_IRQHandler
                0x00000000000001d6                TPM0_IRQHandler
                0x00000000000001de                TPM1_IRQHandler
                0x00000000000001e6                TPM2_IRQHandler
                0x00000000000001ee                RTC_IRQHandler
                0x00000000000001f6                RTC_Seconds_IRQHandler
                0x00000000000001fe                PIT_IRQHandler
                0x0000000000000206                Reserved39_IRQHandler
                0x000000000000020e                USB0_IRQHandler
                0x0000000000000216                DAC0_IRQHandler
                0x000000000000021e                TSI0_IRQHandler
                0x0000000000000226                MCG_IRQHandler
                0x000000000000022e                LPTMR0_IRQHandler
                0x0000000000000236                Reserved45_IRQHandler
                0x000000000000023e                PORTA_IRQHandler
                0x0000000000000246                PORTD_IRQHandler
                0x0000000000000400                . = 0x400
 *fill*         0x000000000000024e      0x1b2 ff
                0x0000000000000400                PROVIDE (__FLASH_CONFIG_START__ = .)
 *(SORT_BY_ALIGNMENT(.FlashConfig))
 .FlashConfig   0x0000000000000400       0x10 ./startup/startup_mkl25z4.o
                0x0000000000000400                Flash_Config
                0x0000000000000410                PROVIDE (__FLASH_CONFIG_END__ = .)
                0x0000000000000001                ASSERT (! ((__FLASH_CONFIG_START__ == __FLASH_CONFIG_END__)), Linker Flash Config Support Enabled, but no .FlashConfig section provided within application)
 *(SORT_BY_ALIGNMENT(.text*))
 .text.DbgConsole_Init
                0x0000000000000410       0xf4 ./utilities/fsl_debug_console.o
                0x0000000000000410                DbgConsole_Init
 .text.input_process_command
                0x0000000000000504      0x11c ./source/Accumulate_Line.o
                0x0000000000000504                input_process_command
 .text.init_TSI
                0x0000000000000620       0x30 ./source/TSI.o
                0x0000000000000620                init_TSI
 .text.load_val_TSI
                0x0000000000000650       0x5c ./source/TSI.o
                0x0000000000000650                load_val_TSI
 .text.cbfifo_enqueue
                0x00000000000006ac      0x1b8 ./source/cbfifo.o
                0x00000000000006ac                cbfifo_enqueue
 .text.cbfifo_dequeue
                0x0000000000000864      0x1ac ./source/cbfifo.o
                0x0000000000000864                cbfifo_dequeue
 .text.cbfifo_length
                0x0000000000000a10       0x30 ./source/cbfifo.o
                0x0000000000000a10                cbfifo_length
 .text.init_I2C1
                0x0000000000000a40       0x38 ./source/i2c.o
                0x0000000000000a40                init_I2C1
 .text.I2C1_Set_Flags
                0x0000000000000a78       0x5c ./source/i2c.o
                0x0000000000000a78                I2C1_Set_Flags
 .text.I2C1_read
                0x0000000000000ad4      0x1d0 ./source/i2c.o
                0x0000000000000ad4                I2C1_read
 .text.main     0x0000000000000ca4       0xe0 ./source/main.o
                0x0000000000000ca4                main
 .text.handle_author
                0x0000000000000d84       0x2c ./source/process_command.o
                0x0000000000000d84                handle_author
 .text.handle_test
                0x0000000000000db0       0x70 ./source/process_command.o
                0x0000000000000db0                handle_test
 .text.handle_hum
                0x0000000000000e20       0x40 ./source/process_command.o
                0x0000000000000e20                handle_hum
 .text.handle_temp
                0x0000000000000e60       0x40 ./source/process_command.o
                0x0000000000000e60                handle_temp
 .text.handle_statemachine
                0x0000000000000ea0       0x34 ./source/process_command.o
                0x0000000000000ea0                handle_statemachine
 .text.delay_100ms
                0x0000000000000ed4       0x28 ./source/process_command.o
                0x0000000000000ed4                delay_100ms
 .text.handle_help
                0x0000000000000efc      0x10c ./source/process_command.o
                0x0000000000000efc                handle_help
 .text.process_command
                0x0000000000001008      0x168 ./source/process_command.o
                0x0000000000001008                process_command
 .text.Init_Blue_LED_PWM
                0x0000000000001170       0xbc ./source/pwm.o
                0x0000000000001170                Init_Blue_LED_PWM
 .text.Init_Green_LED_PWM
                0x000000000000122c       0xbc ./source/pwm.o
                0x000000000000122c                Init_Green_LED_PWM
 .text.Init_Red_LED_PWM
                0x00000000000012e8       0xbc ./source/pwm.o
                0x00000000000012e8                Init_Red_LED_PWM
 .text.Delay    0x00000000000013a4       0x2c ./source/rgb_led.o
                0x00000000000013a4                Delay
 .text.rgb_led  0x00000000000013d0       0x30 ./source/rgb_led.o
                0x00000000000013d0                rgb_led
 .text.HardFault_Handler
                0x0000000000001400       0x30 ./source/semihost_hardfault.o
                0x0000000000001400                HardFault_Handler
 .text.read_temperature
                0x0000000000001430       0x70 ./source/sht21.o
                0x0000000000001430                read_temperature
 .text.read_humidity
                0x00000000000014a0       0x68 ./source/sht21.o
                0x00000000000014a0                read_humidity
 .text.delay_1sec
                0x0000000000001508       0x28 ./source/state_machine.o
                0x0000000000001508                delay_1sec
 .text.check_temperature
                0x0000000000001530       0x40 ./source/state_machine.o
                0x0000000000001530                check_temperature
 .text.check_humidity
                0x0000000000001570       0x34 ./source/state_machine.o
                0x0000000000001570                check_humidity
 .text.print_temp_humd
                0x00000000000015a4       0x54 ./source/state_machine.o
                0x00000000000015a4                print_temp_humd
 .text.check_alert_mode_time
                0x00000000000015f8       0x3c ./source/state_machine.o
                0x00000000000015f8                check_alert_mode_time
 .text.check_slider_input
                0x0000000000001634       0x70 ./source/state_machine.o
                0x0000000000001634                check_slider_input
 .text.state_machine
                0x00000000000016a4      0x29c ./source/state_machine.o
                0x00000000000016a4                state_machine
 .text.sysclock_init
                0x0000000000001940       0x78 ./source/sysclock.o
                0x0000000000001940                sysclock_init
 .text.test_sht21
                0x00000000000019b8       0x98 ./source/test_sht21.o
                0x00000000000019b8                test_sht21
 .text.NVIC_SetPriority
                0x0000000000001a50       0xdc ./source/timer.o
 .text.init_systick
                0x0000000000001b2c       0x30 ./source/timer.o
                0x0000000000001b2c                init_systick
 .text.SysTick_Handler
                0x0000000000001b5c       0x28 ./source/timer.o
                0x0000000000001b5c                SysTick_Handler
 .text.now      0x0000000000001b84       0x14 ./source/timer.o
                0x0000000000001b84                now
 .text.now_alert_time
                0x0000000000001b98       0x14 ./source/timer.o
                0x0000000000001b98                now_alert_time
 .text.reset_timer
                0x0000000000001bac       0x1c ./source/timer.o
                0x0000000000001bac                reset_timer
 .text.reset_alert_mode_timer
                0x0000000000001bc8       0x24 ./source/timer.o
                0x0000000000001bc8                reset_alert_mode_timer
 .text.get_alert_time
                0x0000000000001bec       0x1c ./source/timer.o
                0x0000000000001bec                get_alert_time
 .text.NVIC_EnableIRQ
                0x0000000000001c08       0x2c ./source/uart.o
 .text.NVIC_ClearPendingIRQ
                0x0000000000001c34       0x30 ./source/uart.o
 .text.NVIC_SetPriority
                0x0000000000001c64       0xdc ./source/uart.o
 .text.Init_UART0
                0x0000000000001d40      0x160 ./source/uart.o
                0x0000000000001d40                Init_UART0
 .text.UART0_IRQHandler
                0x0000000000001ea0       0xb4 ./source/uart.o
                0x0000000000001ea0                UART0_IRQHandler
 .text.__sys_write
                0x0000000000001f54       0x70 ./source/uart.o
                0x0000000000001f54                __sys_write
 .text.print_UI
                0x0000000000001fc4      0x134 ./source/uart.o
                0x0000000000001fc4                print_UI
 .text.Init_wdt
                0x00000000000020f8       0x40 ./source/wdt.o
                0x00000000000020f8                Init_wdt
 .text.Refresh_wdt
                0x0000000000002138       0x24 ./source/wdt.o
                0x0000000000002138                Refresh_wdt
 .text.CLOCK_SetEr32kClock
                0x000000000000215c       0x34 ./drivers/fsl_clock.o
 .text.CLOCK_SetPllFllSelClock
                0x0000000000002190       0x38 ./drivers/fsl_clock.o
 .text.CLOCK_GetMcgExtClkFreq
                0x00000000000021c8       0x28 ./drivers/fsl_clock.o
 .text.CLOCK_GetFllExtRefClkFreq
                0x00000000000021f0       0xa8 ./drivers/fsl_clock.o
 .text.CLOCK_GetFllRefClkFreq
                0x0000000000002298       0x2c ./drivers/fsl_clock.o
 .text.CLOCK_GetOscRangeFromFreq
                0x00000000000022c4       0x4c ./drivers/fsl_clock.o
 .text.CLOCK_GetPllFllSelClkFreq
                0x0000000000002310       0x4c ./drivers/fsl_clock.o
                0x0000000000002310                CLOCK_GetPllFllSelClkFreq
 .text.CLOCK_SetSimConfig
                0x000000000000235c       0x38 ./drivers/fsl_clock.o
                0x000000000000235c                CLOCK_SetSimConfig
 .text.CLOCK_GetFllFreq
                0x0000000000002394       0x84 ./drivers/fsl_clock.o
                0x0000000000002394                CLOCK_GetFllFreq
 .text.CLOCK_GetPll0Freq
                0x0000000000002418       0x70 ./drivers/fsl_clock.o
                0x0000000000002418                CLOCK_GetPll0Freq
 .text.CLOCK_SetInternalRefClkConfig
                0x0000000000002488      0x124 ./drivers/fsl_clock.o
                0x0000000000002488                CLOCK_SetInternalRefClkConfig
 .text.CLOCK_EnablePll0
                0x00000000000025ac       0x94 ./drivers/fsl_clock.o
                0x00000000000025ac                CLOCK_EnablePll0
 .text.CLOCK_InitOsc0
                0x0000000000002640       0x94 ./drivers/fsl_clock.o
                0x0000000000002640                CLOCK_InitOsc0
 .text.CLOCK_SetPbeMode
                0x00000000000026d4       0xb0 ./drivers/fsl_clock.o
                0x00000000000026d4                CLOCK_SetPbeMode
 .text.CLOCK_BootToPeeMode
                0x0000000000002784       0x70 ./drivers/fsl_clock.o
                0x0000000000002784                CLOCK_BootToPeeMode
 .text.CLOCK_EnableClock
                0x00000000000027f4       0x34 ./drivers/fsl_lpsci.o
 .text.LPSCI_GetInstance
                0x0000000000002828       0x48 ./drivers/fsl_lpsci.o
                0x0000000000002828                LPSCI_GetInstance
 .text.LPSCI_Init
                0x0000000000002870      0x258 ./drivers/fsl_lpsci.o
                0x0000000000002870                LPSCI_Init
 .text.LPSCI_GetDefaultConfig
                0x0000000000002ac8       0x44 ./drivers/fsl_lpsci.o
                0x0000000000002ac8                LPSCI_GetDefaultConfig
 .text.LPSCI_ClearStatusFlags
                0x0000000000002b0c       0x94 ./drivers/fsl_lpsci.o
                0x0000000000002b0c                LPSCI_ClearStatusFlags
 .text.LPSCI_WriteBlocking
                0x0000000000002ba0       0x4c ./drivers/fsl_lpsci.o
                0x0000000000002ba0                LPSCI_WriteBlocking
 .text.LPSCI_ReadBlocking
                0x0000000000002bec       0xc0 ./drivers/fsl_lpsci.o
                0x0000000000002bec                LPSCI_ReadBlocking
 .text.UART0_DriverIRQHandler
                0x0000000000002cac       0x24 ./drivers/fsl_lpsci.o
                0x0000000000002cac                UART0_DriverIRQHandler
 .text.CLOCK_EnableClock
                0x0000000000002cd0       0x34 ./drivers/fsl_uart.o
 .text.UART_GetInstance
                0x0000000000002d04       0x54 ./drivers/fsl_uart.o
                0x0000000000002d04                UART_GetInstance
 .text.UART_Init
                0x0000000000002d58      0x1e0 ./drivers/fsl_uart.o
                0x0000000000002d58                UART_Init
 .text.UART_GetDefaultConfig
                0x0000000000002f38       0x44 ./drivers/fsl_uart.o
                0x0000000000002f38                UART_GetDefaultConfig
 .text.UART_ReadBlocking
                0x0000000000002f7c       0x98 ./drivers/fsl_uart.o
                0x0000000000002f7c                UART_ReadBlocking
 .text.UART1_DriverIRQHandler
                0x0000000000003014       0x24 ./drivers/fsl_uart.o
                0x0000000000003014                UART1_DriverIRQHandler
 .text.UART2_DriverIRQHandler
                0x0000000000003038       0x24 ./drivers/fsl_uart.o
                0x0000000000003038                UART2_DriverIRQHandler
 .text.CLOCK_SetLpsci0Clock
                0x000000000000305c       0x38 ./board/board.o
 .text.BOARD_InitDebugConsole
                0x0000000000003094       0x30 ./board/board.o
                0x0000000000003094                BOARD_InitDebugConsole
 .text.CLOCK_SetSimSafeDivs
                0x00000000000030c4       0x20 ./board/clock_config.o
 .text.CLOCK_SetXtal0Freq
                0x00000000000030e4       0x1c ./board/clock_config.o
 .text.CLOCK_CONFIG_SetFllExtRefDiv
                0x0000000000003100       0x3c ./board/clock_config.o
 .text.BOARD_BootClockRUN
                0x000000000000313c       0x64 ./board/clock_config.o
                0x000000000000313c                BOARD_BootClockRUN
 .text.CLOCK_EnableClock
                0x00000000000031a0       0x34 ./board/pin_mux.o
 .text.PORT_SetPinMux
                0x00000000000031d4       0x40 ./board/pin_mux.o
 .text.BOARD_InitPins
                0x0000000000003214       0x4c ./board/pin_mux.o
                0x0000000000003214                BOARD_InitPins
 .text.SystemInit
                0x0000000000003260       0x18 ./CMSIS/system_MKL25Z4.o
                0x0000000000003260                SystemInit
 .text.__assertion_failed
                0x0000000000003278       0x4c /Applications/MCUXpressoIDE_11.7.0_9198/ide/plugins/com.nxp.mcuxpresso.tools.macosx_11.7.0.202209140929/tools/bin/../lib/gcc/arm-none-eabi/10.3.1/../../../../arm-none-eabi/lib/thumb/v6-m/nofp/libcr_semihost_nf.a(_cr_assert.o)
                0x0000000000003278                __assertion_failed
 .text.__sys_appexit
                0x00000000000032c4        0xc /Applications/MCUXpressoIDE_11.7.0_9198/ide/plugins/com.nxp.mcuxpresso.tools.macosx_11.7.0.202209140929/tools/bin/../lib/gcc/arm-none-eabi/10.3.1/../../../../arm-none-eabi/lib/thumb/v6-m/nofp/libcr_semihost_nf.a(__sys_appexit.o)
                0x00000000000032c4                __exit
                0x00000000000032c4                __sys_appexit
 .text._deferredlazyseek
                0x00000000000032d0       0x40 /Applications/MCUXpressoIDE_11.7.0_9198/ide/plugins/com.nxp.mcuxpresso.tools.macosx_11.7.0.202209140929/tools/bin/../lib/gcc/arm-none-eabi/10.3.1/../../../../arm-none-eabi/lib/thumb/v6-m/nofp/libcr_c.a(_deferredlazyseek.o)
                0x00000000000032d0                _deferredlazyseek
 .text.__flsbuf
                0x0000000000003310      0x150 /Applications/MCUXpressoIDE_11.7.0_9198/ide/plugins/com.nxp.mcuxpresso.tools.macosx_11.7.0.202209140929/tools/bin/../lib/gcc/arm-none-eabi/10.3.1/../../../../arm-none-eabi/lib/thumb/v6-m/nofp/libcr_c.a(_deferredlazyseek.o)
                0x0000000000003310                __flsbuf
 .text._fflush  0x0000000000003460       0x60 /Applications/MCUXpressoIDE_11.7.0_9198/ide/plugins/com.nxp.mcuxpresso.tools.macosx_11.7.0.202209140929/tools/bin/../lib/gcc/arm-none-eabi/10.3.1/../../../../arm-none-eabi/lib/thumb/v6-m/nofp/libcr_c.a(_fflush.o)
                0x0000000000003460                _fflush
 .text._Cwritebuf
                0x00000000000034c0       0x68 /Applications/MCUXpressoIDE_11.7.0_9198/ide/plugins/com.nxp.mcuxpresso.tools.macosx_11.7.0.202209140929/tools/bin/../lib/gcc/arm-none-eabi/10.3.1/../../../../arm-none-eabi/lib/thumb/v6-m/nofp/libcr_c.a(_writebuf.o)
                0x00000000000034c0                _Cwritebuf
 .text.malloc   0x0000000000003528       0xcc /Applications/MCUXpressoIDE_11.7.0_9198/ide/plugins/com.nxp.mcuxpresso.tools.macosx_11.7.0.202209140929/tools/bin/../lib/gcc/arm-none-eabi/10.3.1/../../../../arm-none-eabi/lib/thumb/v6-m/nofp/libcr_c.a(alloc.o)
                0x0000000000003528                malloc
 .text._Csys_alloc
                0x00000000000035f4       0x20 /Applications/MCUXpressoIDE_11.7.0_9198/ide/plugins/com.nxp.mcuxpresso.tools.macosx_11.7.0.202209140929/tools/bin/../lib/gcc/arm-none-eabi/10.3.1/../../../../arm-none-eabi/lib/thumb/v6-m/nofp/libcr_c.a(alloc.o)
                0x00000000000035f4                _Csys_alloc
 .text.sprintf  0x0000000000003614       0x6c /Applications/MCUXpressoIDE_11.7.0_9198/ide/plugins/com.nxp.mcuxpresso.tools.macosx_11.7.0.202209140929/tools/bin/../lib/gcc/arm-none-eabi/10.3.1/../../../../arm-none-eabi/lib/thumb/v6-m/nofp/libcr_c.a(fpprintf.o)
                0x0000000000003614                sprintf
 .text.fp_display
                0x0000000000003680      0x97c /Applications/MCUXpressoIDE_11.7.0_9198/ide/plugins/com.nxp.mcuxpresso.tools.macosx_11.7.0.202209140929/tools/bin/../lib/gcc/arm-none-eabi/10.3.1/../../../../arm-none-eabi/lib/thumb/v6-m/nofp/libcr_c.a(fpprintf.o)
 .text.vsnprintf
                0x0000000000003ffc       0x70 /Applications/MCUXpressoIDE_11.7.0_9198/ide/plugins/com.nxp.mcuxpresso.tools.macosx_11.7.0.202209140929/tools/bin/../lib/gcc/arm-none-eabi/10.3.1/../../../../arm-none-eabi/lib/thumb/v6-m/nofp/libcr_c.a(fpprintf.o)
                0x0000000000003ffc                vsnprintf
 .text.printf   0x000000000000406c       0x50 /Applications/MCUXpressoIDE_11.7.0_9198/ide/plugins/com.nxp.mcuxpresso.tools.macosx_11.7.0.202209140929/tools/bin/../lib/gcc/arm-none-eabi/10.3.1/../../../../arm-none-eabi/lib/thumb/v6-m/nofp/libcr_c.a(fpprintf.o)
                0x000000000000406c                printf
 .text.fseek    0x00000000000040bc       0xf0 /Applications/MCUXpressoIDE_11.7.0_9198/ide/plugins/com.nxp.mcuxpresso.tools.macosx_11.7.0.202209140929/tools/bin/../lib/gcc/arm-none-eabi/10.3.1/../../../../arm-none-eabi/lib/thumb/v6-m/nofp/libcr_c.a(fseek.o)
                0x00000000000040bc                fseek
 .text.ftell    0x00000000000041ac       0x48 /Applications/MCUXpressoIDE_11.7.0_9198/ide/plugins/com.nxp.mcuxpresso.tools.macosx_11.7.0.202209140929/tools/bin/../lib/gcc/arm-none-eabi/10.3.1/../../../../arm-none-eabi/lib/thumb/v6-m/nofp/libcr_c.a(ftell.o)
                0x00000000000041ac                ftell
 .text._initio  0x00000000000041f4       0x7c /Applications/MCUXpressoIDE_11.7.0_9198/ide/plugins/com.nxp.mcuxpresso.tools.macosx_11.7.0.202209140929/tools/bin/../lib/gcc/arm-none-eabi/10.3.1/../../../../arm-none-eabi/lib/thumb/v6-m/nofp/libcr_c.a(initio.o)
                0x00000000000041f4                _initio
 .text.__vfprintf
                0x0000000000004270      0xd40 /Applications/MCUXpressoIDE_11.7.0_9198/ide/plugins/com.nxp.mcuxpresso.tools.macosx_11.7.0.202209140929/tools/bin/../lib/gcc/arm-none-eabi/10.3.1/../../../../arm-none-eabi/lib/thumb/v6-m/nofp/libcr_c.a(printf.o)
                0x0000000000004270                __vfprintf
 .text.setvbuf  0x0000000000004fb0       0x4c /Applications/MCUXpressoIDE_11.7.0_9198/ide/plugins/com.nxp.mcuxpresso.tools.macosx_11.7.0.202209140929/tools/bin/../lib/gcc/arm-none-eabi/10.3.1/../../../../arm-none-eabi/lib/thumb/v6-m/nofp/libcr_c.a(setvbuf.o)
                0x0000000000004fb0                setvbuf
 .text.strlen   0x0000000000004ffc       0x58 /Applications/MCUXpressoIDE_11.7.0_9198/ide/plugins/com.nxp.mcuxpresso.tools.macosx_11.7.0.202209140929/tools/bin/../lib/gcc/arm-none-eabi/10.3.1/../../../../arm-none-eabi/lib/thumb/v6-m/nofp/libcr_c.a(strlen.o)
                0x0000000000004ffc                strlen
 .text._sbrk    0x0000000000005054       0x44 /Applications/MCUXpressoIDE_11.7.0_9198/ide/plugins/com.nxp.mcuxpresso.tools.macosx_11.7.0.202209140929/tools/bin/../lib/gcc/arm-none-eabi/10.3.1/../../../../arm-none-eabi/lib/thumb/v6-m/nofp/libcr_c.a(_cr_sbrk.o)
                0x0000000000005054                _sbrk
 .text._fdopen  0x0000000000005098       0x74 /Applications/MCUXpressoIDE_11.7.0_9198/ide/plugins/com.nxp.mcuxpresso.tools.macosx_11.7.0.202209140929/tools/bin/../lib/gcc/arm-none-eabi/10.3.1/../../../../arm-none-eabi/lib/thumb/v6-m/nofp/libcr_c.a(_fdopen.o)
                0x0000000000005098                _fdopen
 .text._frexpl  0x000000000000510c       0x80 /Applications/MCUXpressoIDE_11.7.0_9198/ide/plugins/com.nxp.mcuxpresso.tools.macosx_11.7.0.202209140929/tools/bin/../lib/gcc/arm-none-eabi/10.3.1/../../../../arm-none-eabi/lib/thumb/v6-m/nofp/libcr_c.a(_frexpl.o)
                0x000000000000510c                _frexpl
 .text._ldexpl  0x000000000000518c       0x58 /Applications/MCUXpressoIDE_11.7.0_9198/ide/plugins/com.nxp.mcuxpresso.tools.macosx_11.7.0.202209140929/tools/bin/../lib/gcc/arm-none-eabi/10.3.1/../../../../arm-none-eabi/lib/thumb/v6-m/nofp/libcr_c.a(_ldexpl.o)
                0x000000000000518c                _ldexpl
 .text.tolower  0x00000000000051e4       0x14 /Applications/MCUXpressoIDE_11.7.0_9198/ide/plugins/com.nxp.mcuxpresso.tools.macosx_11.7.0.202209140929/tools/bin/../lib/gcc/arm-none-eabi/10.3.1/../../../../arm-none-eabi/lib/thumb/v6-m/nofp/libcr_c.a(ctype.o)
                0x00000000000051e4                tolower
 .text.fclose   0x00000000000051f8       0x5c /Applications/MCUXpressoIDE_11.7.0_9198/ide/plugins/com.nxp.mcuxpresso.tools.macosx_11.7.0.202209140929/tools/bin/../lib/gcc/arm-none-eabi/10.3.1/../../../../arm-none-eabi/lib/thumb/v6-m/nofp/libcr_c.a(fclose.o)
                0x00000000000051f8                fclose
 .text.fflush   0x0000000000005254       0x44 /Applications/MCUXpressoIDE_11.7.0_9198/ide/plugins/com.nxp.mcuxpresso.tools.macosx_11.7.0.202209140929/tools/bin/../lib/gcc/arm-none-eabi/10.3.1/../../../../arm-none-eabi/lib/thumb/v6-m/nofp/libcr_c.a(fflush.o)
                0x0000000000005254                fflush
 .text.__check_heap_overflow
                0x0000000000005298       0x18 /Applications/MCUXpressoIDE_11.7.0_9198/ide/plugins/com.nxp.mcuxpresso.tools.macosx_11.7.0.202209140929/tools/bin/../lib/gcc/arm-none-eabi/10.3.1/../../../../arm-none-eabi/lib/thumb/v6-m/nofp/libcr_c.a(_cr_check_heap.o)
                0x0000000000005298                __check_heap_overflow
 .text._do_fflush
                0x00000000000052b0       0x48 /Applications/MCUXpressoIDE_11.7.0_9198/ide/plugins/com.nxp.mcuxpresso.tools.macosx_11.7.0.202209140929/tools/bin/../lib/gcc/arm-none-eabi/10.3.1/../../../../arm-none-eabi/lib/thumb/v6-m/nofp/libcr_c.a(_do_fflush.o)
                0x00000000000052b0                _do_fflush
 .text.__aeabi_dmul
                0x00000000000052f8      0x184 /Applications/MCUXpressoIDE_11.7.0_9198/ide/plugins/com.nxp.mcuxpresso.tools.macosx_11.7.0.202209140929/tools/bin/../lib/gcc/arm-none-eabi/10.3.1/thumb/v6-m/nofp/libcr_eabihelpers.a(double.o)
                0x00000000000052f8                __aeabi_dmul
 .text.__aeabi_ddiv
                0x000000000000547c      0x14c /Applications/MCUXpressoIDE_11.7.0_9198/ide/plugins/com.nxp.mcuxpresso.tools.macosx_11.7.0.202209140929/tools/bin/../lib/gcc/arm-none-eabi/10.3.1/thumb/v6-m/nofp/libcr_eabihelpers.a(double.o)
                0x000000000000547c                __aeabi_ddiv
 .text.__aeabi_dsub
                0x00000000000055c8      0x1c0 /Applications/MCUXpressoIDE_11.7.0_9198/ide/plugins/com.nxp.mcuxpresso.tools.macosx_11.7.0.202209140929/tools/bin/../lib/gcc/arm-none-eabi/10.3.1/thumb/v6-m/nofp/libcr_eabihelpers.a(double.o)
                0x00000000000055c8                __aeabi_dsub
 .text.__aeabi_dadd
                0x0000000000005788      0x134 /Applications/MCUXpressoIDE_11.7.0_9198/ide/plugins/com.nxp.mcuxpresso.tools.macosx_11.7.0.202209140929/tools/bin/../lib/gcc/arm-none-eabi/10.3.1/thumb/v6-m/nofp/libcr_eabihelpers.a(double.o)
                0x0000000000005788                __aeabi_dadd
 .text.__aeabi_d2f
                0x00000000000058bc       0x60 /Applications/MCUXpressoIDE_11.7.0_9198/ide/plugins/com.nxp.mcuxpresso.tools.macosx_11.7.0.202209140929/tools/bin/../lib/gcc/arm-none-eabi/10.3.1/thumb/v6-m/nofp/libcr_eabihelpers.a(double.o)
                0x00000000000058bc                __aeabi_d2f
 .text.__aeabi_d2iz
                0x000000000000591c       0x50 /Applications/MCUXpressoIDE_11.7.0_9198/ide/plugins/com.nxp.mcuxpresso.tools.macosx_11.7.0.202209140929/tools/bin/../lib/gcc/arm-none-eabi/10.3.1/thumb/v6-m/nofp/libcr_eabihelpers.a(double.o)
                0x000000000000591c                __aeabi_d2iz
 .text.__aeabi_d2uiz
                0x000000000000596c       0x38 /Applications/MCUXpressoIDE_11.7.0_9198/ide/plugins/com.nxp.mcuxpresso.tools.macosx_11.7.0.202209140929/tools/bin/../lib/gcc/arm-none-eabi/10.3.1/thumb/v6-m/nofp/libcr_eabihelpers.a(double.o)
                0x000000000000596c                __aeabi_d2uiz
 .text.__aeabi_dcmpeq
                0x00000000000059a4       0x30 /Applications/MCUXpressoIDE_11.7.0_9198/ide/plugins/com.nxp.mcuxpresso.tools.macosx_11.7.0.202209140929/tools/bin/../lib/gcc/arm-none-eabi/10.3.1/thumb/v6-m/nofp/libcr_eabihelpers.a(double.o)
                0x00000000000059a4                __aeabi_dcmpeq
 .text.__aeabi_dcmplt
                0x00000000000059d4       0x60 /Applications/MCUXpressoIDE_11.7.0_9198/ide/plugins/com.nxp.mcuxpresso.tools.macosx_11.7.0.202209140929/tools/bin/../lib/gcc/arm-none-eabi/10.3.1/thumb/v6-m/nofp/libcr_eabihelpers.a(double.o)
                0x00000000000059d4                __aeabi_dcmplt
 .text.__aeabi_dcmple
                0x0000000000005a34       0x5c /Applications/MCUXpressoIDE_11.7.0_9198/ide/plugins/com.nxp.mcuxpresso.tools.macosx_11.7.0.202209140929/tools/bin/../lib/gcc/arm-none-eabi/10.3.1/thumb/v6-m/nofp/libcr_eabihelpers.a(double.o)
                0x0000000000005a34                __aeabi_dcmple
 .text.__aeabi_dcmpge
                0x0000000000005a90       0x5c /Applications/MCUXpressoIDE_11.7.0_9198/ide/plugins/com.nxp.mcuxpresso.tools.macosx_11.7.0.202209140929/tools/bin/../lib/gcc/arm-none-eabi/10.3.1/thumb/v6-m/nofp/libcr_eabihelpers.a(double.o)
                0x0000000000005a90                __aeabi_dcmpge
 .text.__aeabi_f2d
                0x0000000000005aec       0x40 /Applications/MCUXpressoIDE_11.7.0_9198/ide/plugins/com.nxp.mcuxpresso.tools.macosx_11.7.0.202209140929/tools/bin/../lib/gcc/arm-none-eabi/10.3.1/thumb/v6-m/nofp/libcr_eabihelpers.a(float.o)
                0x0000000000005aec                __aeabi_f2d
 .text.UART_EnableTx
                0x0000000000005b2c       0x40 ./utilities/fsl_debug_console.o
 .text.UART_EnableRx
                0x0000000000005b6c       0x40 ./utilities/fsl_debug_console.o
 .text.LPSCI_EnableTx
                0x0000000000005bac       0x40 ./utilities/fsl_debug_console.o
 .text.LPSCI_EnableRx
                0x0000000000005bec       0x40 ./utilities/fsl_debug_console.o
 .text.TSI_Polling
                0x0000000000005c2c       0x7a ./source/TSI.o
                0x0000000000005c2c                TSI_Polling
 .text.cbfifo_capacity
                0x0000000000005ca6       0x14 ./source/cbfifo.o
                0x0000000000005ca6                cbfifo_capacity
 .text.breathing_effect_blue
                0x0000000000005cba       0x80 ./source/rgb_led.o
                0x0000000000005cba                breathing_effect_blue
 .text.breathing_effect_red
                0x0000000000005d3a       0x80 ./source/rgb_led.o
                0x0000000000005d3a                breathing_effect_red
 .text.breathing_effect_green
                0x0000000000005dba       0x80 ./source/rgb_led.o
                0x0000000000005dba                breathing_effect_green
 .text.breathing_effect_cyan
                0x0000000000005e3a       0x80 ./source/rgb_led.o
                0x0000000000005e3a                breathing_effect_cyan
 .text.breathing_effect_white
                0x0000000000005eba       0x80 ./source/rgb_led.o
                0x0000000000005eba                breathing_effect_white
 .text.breathing_effect_gray
                0x0000000000005f3a       0x80 ./source/rgb_led.o
                0x0000000000005f3a                breathing_effect_gray
 .text.breathing_effect_yellow
                0x0000000000005fba       0x80 ./source/rgb_led.o
                0x0000000000005fba                breathing_effect_yellow
 .text.test_pwm
                0x000000000000603a       0x26 ./source/rgb_led.o
                0x000000000000603a                test_pwm
 .text.OSC_SetExtRefClkConfig
                0x0000000000006060       0x3e ./drivers/fsl_clock.o
 .text.OSC_SetCapLoad
                0x000000000000609e       0x42 ./drivers/fsl_clock.o
 .text.CLOCK_GetPll0RefFreq
                0x00000000000060e0       0x10 ./drivers/fsl_clock.o
 .text.CLOCK_SetExternalRefClkConfig
                0x00000000000060f0       0x16 ./drivers/fsl_clock.o
                0x00000000000060f0                CLOCK_SetExternalRefClkConfig
 .text.LPSCI_GetStatusFlags
                0x0000000000006106       0x26 ./drivers/fsl_lpsci.o
                0x0000000000006106                LPSCI_GetStatusFlags
 .text.UART_GetStatusFlags
                0x000000000000612c       0x26 ./drivers/fsl_uart.o
                0x000000000000612c                UART_GetStatusFlags
 .text.UART_WriteBlocking
                0x0000000000006152       0x3c ./drivers/fsl_uart.o
                0x0000000000006152                UART_WriteBlocking
 .text.BOARD_InitBootClocks
                0x000000000000618e        0xe ./board/clock_config.o
                0x000000000000618e                BOARD_InitBootClocks
 .text.BOARD_InitBootPeripherals
                0x000000000000619c        0xa ./board/peripherals.o
                0x000000000000619c                BOARD_InitBootPeripherals
 .text.BOARD_InitBootPins
                0x00000000000061a6        0xe ./board/pin_mux.o
                0x00000000000061a6                BOARD_InitBootPins
 .text.__main   0x00000000000061b4        0xc /Applications/MCUXpressoIDE_11.7.0_9198/ide/plugins/com.nxp.mcuxpresso.tools.macosx_11.7.0.202209140929/tools/bin/../lib/gcc/arm-none-eabi/10.3.1/../../../../arm-none-eabi/lib/thumb/v6-m/nofp/libcr_semihost_nf.a(_cr__main.o)
                0x00000000000061b4                __main
                0x00000000000061b4                __CR_SEMIHOST
 .text.memset   0x00000000000061c0        0x8 /Applications/MCUXpressoIDE_11.7.0_9198/ide/plugins/com.nxp.mcuxpresso.tools.macosx_11.7.0.202209140929/tools/bin/../lib/gcc/arm-none-eabi/10.3.1/../../../../arm-none-eabi/lib/thumb/v6-m/nofp/libcr_c.a(memset.o)
                0x00000000000061c0                memset
 .text.free     0x00000000000061c8       0x2c /Applications/MCUXpressoIDE_11.7.0_9198/ide/plugins/com.nxp.mcuxpresso.tools.macosx_11.7.0.202209140929/tools/bin/../lib/gcc/arm-none-eabi/10.3.1/../../../../arm-none-eabi/lib/thumb/v6-m/nofp/libcr_c.a(alloc.o)
                0x00000000000061c8                free
 .text.fp_round
                0x00000000000061f4       0x4a /Applications/MCUXpressoIDE_11.7.0_9198/ide/plugins/com.nxp.mcuxpresso.tools.macosx_11.7.0.202209140929/tools/bin/../lib/gcc/arm-none-eabi/10.3.1/../../../../arm-none-eabi/lib/thumb/v6-m/nofp/libcr_c.a(fpprintf.o)
 .text.pr_dec.constprop.0
                0x000000000000623e       0x30 /Applications/MCUXpressoIDE_11.7.0_9198/ide/plugins/com.nxp.mcuxpresso.tools.macosx_11.7.0.202209140929/tools/bin/../lib/gcc/arm-none-eabi/10.3.1/../../../../arm-none-eabi/lib/thumb/v6-m/nofp/libcr_c.a(fpprintf.o)
 .text.fputs    0x000000000000626e       0x2e /Applications/MCUXpressoIDE_11.7.0_9198/ide/plugins/com.nxp.mcuxpresso.tools.macosx_11.7.0.202209140929/tools/bin/../lib/gcc/arm-none-eabi/10.3.1/../../../../arm-none-eabi/lib/thumb/v6-m/nofp/libcr_c.a(fputs.o)
                0x000000000000626e                fputs
 .text.strcasecmp
                0x000000000000629c       0x32 /Applications/MCUXpressoIDE_11.7.0_9198/ide/plugins/com.nxp.mcuxpresso.tools.macosx_11.7.0.202209140929/tools/bin/../lib/gcc/arm-none-eabi/10.3.1/../../../../arm-none-eabi/lib/thumb/v6-m/nofp/libcr_c.a(strcasecmp.o)
                0x000000000000629c                strcasecmp
 .text.remove   0x00000000000062ce       0x12 /Applications/MCUXpressoIDE_11.7.0_9198/ide/plugins/com.nxp.mcuxpresso.tools.macosx_11.7.0.202209140929/tools/bin/../lib/gcc/arm-none-eabi/10.3.1/../../../../arm-none-eabi/lib/thumb/v6-m/nofp/libcr_c.a(remove.o)
                0x00000000000062ce                remove
 .text.__aeabi_division_idivmod
                0x00000000000062e0       0x78 /Applications/MCUXpressoIDE_11.7.0_9198/ide/plugins/com.nxp.mcuxpresso.tools.macosx_11.7.0.202209140929/tools/bin/../lib/gcc/arm-none-eabi/10.3.1/thumb/v6-m/nofp/libcr_eabihelpers.a(division_32.o)
                0x00000000000062e0                __aeabi_idiv
                0x00000000000062e0                __aeabi_idivmod
                0x00000000000062e6                __aeabi_uidiv
                0x00000000000062e6                __aeabi_uidivmod
 .text.__aeabi_division_idiv0
                0x0000000000006358        0x2 /Applications/MCUXpressoIDE_11.7.0_9198/ide/plugins/com.nxp.mcuxpresso.tools.macosx_11.7.0.202209140929/tools/bin/../lib/gcc/arm-none-eabi/10.3.1/thumb/v6-m/nofp/libcr_eabihelpers.a(division_idiv0.o)
                0x0000000000006358                __aeabi_idiv0
 .text.__bhs_ui2d
                0x000000000000635a       0x5e /Applications/MCUXpressoIDE_11.7.0_9198/ide/plugins/com.nxp.mcuxpresso.tools.macosx_11.7.0.202209140929/tools/bin/../lib/gcc/arm-none-eabi/10.3.1/thumb/v6-m/nofp/libcr_eabihelpers.a(double.o)
                0x000000000000635a                __bhs_ui2d
 .text.__aeabi_i2d
                0x00000000000063b8       0x18 /Applications/MCUXpressoIDE_11.7.0_9198/ide/plugins/com.nxp.mcuxpresso.tools.macosx_11.7.0.202209140929/tools/bin/../lib/gcc/arm-none-eabi/10.3.1/thumb/v6-m/nofp/libcr_eabihelpers.a(double.o)
                0x00000000000063b8                __aeabi_i2d
 .text.__aeabi_ui2d
                0x00000000000063d0        0xc /Applications/MCUXpressoIDE_11.7.0_9198/ide/plugins/com.nxp.mcuxpresso.tools.macosx_11.7.0.202209140929/tools/bin/../lib/gcc/arm-none-eabi/10.3.1/thumb/v6-m/nofp/libcr_eabihelpers.a(double.o)
                0x00000000000063d0                __aeabi_ui2d
 .text.__bhs_ui2f
                0x00000000000063dc       0x60 /Applications/MCUXpressoIDE_11.7.0_9198/ide/plugins/com.nxp.mcuxpresso.tools.macosx_11.7.0.202209140929/tools/bin/../lib/gcc/arm-none-eabi/10.3.1/thumb/v6-m/nofp/libcr_eabihelpers.a(float.o)
                0x00000000000063dc                __bhs_ui2f
 .text.__aeabi_ui2f
                0x000000000000643c        0xc /Applications/MCUXpressoIDE_11.7.0_9198/ide/plugins/com.nxp.mcuxpresso.tools.macosx_11.7.0.202209140929/tools/bin/../lib/gcc/arm-none-eabi/10.3.1/thumb/v6-m/nofp/libcr_eabihelpers.a(float.o)
                0x000000000000643c                __aeabi_ui2f
 .text.__aeabi_fcmpgt
                0x0000000000006448       0x3e /Applications/MCUXpressoIDE_11.7.0_9198/ide/plugins/com.nxp.mcuxpresso.tools.macosx_11.7.0.202209140929/tools/bin/../lib/gcc/arm-none-eabi/10.3.1/thumb/v6-m/nofp/libcr_eabihelpers.a(float.o)
                0x0000000000006448                __aeabi_fcmpgt
 .text.__aeabi_fcmpge
                0x0000000000006486       0x42 /Applications/MCUXpressoIDE_11.7.0_9198/ide/plugins/com.nxp.mcuxpresso.tools.macosx_11.7.0.202209140929/tools/bin/../lib/gcc/arm-none-eabi/10.3.1/thumb/v6-m/nofp/libcr_eabihelpers.a(float.o)
                0x0000000000006486                __aeabi_fcmpge
 .text.__aeabi_llong_lmul
                0x00000000000064c8       0x2e /Applications/MCUXpressoIDE_11.7.0_9198/ide/plugins/com.nxp.mcuxpresso.tools.macosx_11.7.0.202209140929/tools/bin/../lib/gcc/arm-none-eabi/10.3.1/thumb/v6-m/nofp/libcr_eabihelpers.a(llong.o)
                0x00000000000064c8                __aeabi_lmul
 .text.__aeabi_memset_lowlevel
                0x00000000000064f6       0x2a /Applications/MCUXpressoIDE_11.7.0_9198/ide/plugins/com.nxp.mcuxpresso.tools.macosx_11.7.0.202209140929/tools/bin/../lib/gcc/arm-none-eabi/10.3.1/thumb/v6-m/nofp/libcr_eabihelpers.a(memcpy.o)
                0x00000000000064f6                __aeabi_lowlevel_memset
 .text.__gnu_thumb1_case_shi
                0x0000000000006520       0x10 /Applications/MCUXpressoIDE_11.7.0_9198/ide/plugins/com.nxp.mcuxpresso.tools.macosx_11.7.0.202209140929/tools/bin/../lib/gcc/arm-none-eabi/10.3.1/thumb/v6-m/nofp/libcr_eabihelpers.a(thumb1_switch_helpers.o)
                0x0000000000006520                __gnu_thumb1_case_shi
 .text.__sys_close
                0x0000000000006530        0xc /Applications/MCUXpressoIDE_11.7.0_9198/ide/plugins/com.nxp.mcuxpresso.tools.macosx_11.7.0.202209140929/tools/bin/../lib/gcc/arm-none-eabi/10.3.1/../../../../arm-none-eabi/lib/thumb/v6-m/nofp/libcr_semihost_nf.a(__sys_close.o)
                0x0000000000006530                __sys_close
 .text.__sys_flen
                0x000000000000653c        0xc /Applications/MCUXpressoIDE_11.7.0_9198/ide/plugins/com.nxp.mcuxpresso.tools.macosx_11.7.0.202209140929/tools/bin/../lib/gcc/arm-none-eabi/10.3.1/../../../../arm-none-eabi/lib/thumb/v6-m/nofp/libcr_semihost_nf.a(__sys_flen.o)
                0x000000000000653c                __sys_flen
 .text.__sys_istty
                0x0000000000006548        0xc /Applications/MCUXpressoIDE_11.7.0_9198/ide/plugins/com.nxp.mcuxpresso.tools.macosx_11.7.0.202209140929/tools/bin/../lib/gcc/arm-none-eabi/10.3.1/../../../../arm-none-eabi/lib/thumb/v6-m/nofp/libcr_semihost_nf.a(__sys_istty.o)
                0x0000000000006548                __sys_istty
 .text.__sys_remove
                0x0000000000006554        0xc /Applications/MCUXpressoIDE_11.7.0_9198/ide/plugins/com.nxp.mcuxpresso.tools.macosx_11.7.0.202209140929/tools/bin/../lib/gcc/arm-none-eabi/10.3.1/../../../../arm-none-eabi/lib/thumb/v6-m/nofp/libcr_semihost_nf.a(__sys_remove.o)
                0x0000000000006554                __sys_remove
 .text.__sys_seek
                0x0000000000006560        0xc /Applications/MCUXpressoIDE_11.7.0_9198/ide/plugins/com.nxp.mcuxpresso.tools.macosx_11.7.0.202209140929/tools/bin/../lib/gcc/arm-none-eabi/10.3.1/../../../../arm-none-eabi/lib/thumb/v6-m/nofp/libcr_semihost_nf.a(__sys_seek.o)
                0x0000000000006560                __sys_seek
 .text.__sys_tmpnam
                0x000000000000656c        0xc /Applications/MCUXpressoIDE_11.7.0_9198/ide/plugins/com.nxp.mcuxpresso.tools.macosx_11.7.0.202209140929/tools/bin/../lib/gcc/arm-none-eabi/10.3.1/../../../../arm-none-eabi/lib/thumb/v6-m/nofp/libcr_semihost_nf.a(__sys_tmpnam.o)
                0x000000000000656c                __sys_tmpnam
 *(SORT_BY_ALIGNMENT(.rodata) SORT_BY_ALIGNMENT(.rodata.*) SORT_BY_ALIGNMENT(.constdata) SORT_BY_ALIGNMENT(.constdata.*))
 .rodata.input_process_command.str1.4
                0x0000000000006578        0x3 ./source/Accumulate_Line.o
                                          0x7 (size before relaxing)
 *fill*         0x000000000000657b        0x1 ff
 .rodata.main.str1.4
                0x000000000000657c      0x14f ./source/main.o
 *fill*         0x00000000000066cb        0x1 ff
 .rodata        0x00000000000066cc        0x3 ./source/main.o
 *fill*         0x00000000000066cf        0x1 ff
 .rodata.str1.4
                0x00000000000066d0       0x83 ./source/process_command.o
                                         0x8b (size before relaxing)
 *fill*         0x0000000000006753        0x1 ff
 .rodata.commands
                0x0000000000006754       0x48 ./source/process_command.o
 .rodata.handle_author.str1.4
                0x000000000000679c       0x19 ./source/process_command.o
                                         0x1f (size before relaxing)
 .rodata.handle_test.str1.4
                0x00000000000067b5       0xeb ./source/process_command.o
 *fill*         0x00000000000067b5        0x3 ff
 .rodata.handle_hum.str1.4
                0x00000000000067b8       0x15 ./source/process_command.o
 *fill*         0x00000000000067cd        0x3 ff
 .rodata.handle_temp.str1.4
                0x00000000000067d0       0x18 ./source/process_command.o
 .rodata.handle_statemachine.str1.4
                0x00000000000067e8       0x2e ./source/process_command.o
                                         0x5e (size before relaxing)
 *fill*         0x0000000000006816        0x2 ff
 .rodata.handle_help.str1.4
                0x0000000000006818      0x2cf ./source/process_command.o
 *fill*         0x0000000000006ae7        0x1 ff
 .rodata.process_command.str1.4
                0x0000000000006ae8       0x1d ./source/process_command.o
 .rodata.print_temp_humd.str1.4
                0x0000000000006b05       0x2d ./source/state_machine.o
 *fill*         0x0000000000006b05        0x3 ff
 .rodata.state_machine.str1.4
                0x0000000000006b08      0x29a ./source/state_machine.o
 *fill*         0x0000000000006da2        0x2 ff
 .rodata.state_machine
                0x0000000000006da4       0x18 ./source/state_machine.o
 .rodata.test_sht21.str1.4
                0x0000000000006dbc       0x6c ./source/test_sht21.o
 .rodata.print_UI.str1.4
                0x0000000000006e28      0x1dd ./source/uart.o
                                        0x20d (size before relaxing)
 *fill*         0x0000000000007005        0x3 ff
 .rodata.CLOCK_GetMcgExtClkFreq.str1.4
                0x0000000000007008       0x1e ./drivers/fsl_clock.o
 *fill*         0x0000000000007026        0x2 ff
 .rodata.CLOCK_GetPll0Freq.str1.4
                0x0000000000007028       0x1d ./drivers/fsl_clock.o
 *fill*         0x0000000000007045        0x3 ff
 .rodata.CLOCK_EnablePll0.str1.4
                0x0000000000007048       0x19 ./drivers/fsl_clock.o
 *fill*         0x0000000000007061        0x3 ff
 .rodata.CLOCK_SetPbeMode.str1.4
                0x0000000000007064       0x1a ./drivers/fsl_clock.o
 *fill*         0x000000000000707e        0x2 ff
 .rodata.CLOCK_BootToPeeMode.str1.4
                0x0000000000007080       0x1a ./drivers/fsl_clock.o
 *fill*         0x000000000000709a        0x2 ff
 .rodata.fllFactorTable.1
                0x000000000000709c       0x10 ./drivers/fsl_clock.o
 .rodata.LPSCI_GetInstance.str1.4
                0x00000000000070ac       0x36 ./drivers/fsl_lpsci.o
 *fill*         0x00000000000070e2        0x2 ff
 .rodata.LPSCI_Init.str1.4
                0x00000000000070e4       0x43 ./drivers/fsl_lpsci.o
 *fill*         0x0000000000007127        0x1 ff
 .rodata.LPSCI_GetDefaultConfig.str1.4
                0x0000000000007128       0x19 ./drivers/fsl_lpsci.o
 *fill*         0x0000000000007141        0x3 ff
 .rodata.LPSCI_WriteBlocking.str1.4
                0x0000000000007144       0x17 ./drivers/fsl_lpsci.o
 *fill*         0x000000000000715b        0x1 ff
 .rodata.LPSCI_ReadBlocking.str1.4
                0x000000000000715c       0x17 ./drivers/fsl_lpsci.o
 *fill*         0x0000000000007173        0x1 ff
 .rodata.s_uartBases
                0x0000000000007174        0xc ./drivers/fsl_uart.o
 .rodata.s_uartClock
                0x0000000000007180        0xc ./drivers/fsl_uart.o
 .rodata.UART_GetInstance.str1.4
                0x000000000000718c       0x2b ./drivers/fsl_uart.o
 *fill*         0x00000000000071b7        0x1 ff
 .rodata.UART_Init.str1.4
                0x00000000000071b8       0x3e ./drivers/fsl_uart.o
 *fill*         0x00000000000071f6        0x2 ff
 .rodata.UART_GetDefaultConfig.str1.4
                0x00000000000071f8       0x18 ./drivers/fsl_uart.o
 .rodata.UART_ReadBlocking.str1.4
                0x0000000000007210       0x16 ./drivers/fsl_uart.o
 *fill*         0x0000000000007226        0x2 ff
 .rodata.mcgConfig_BOARD_BootClockRUN
                0x0000000000007228        0xa ./board/clock_config.o
                0x0000000000007228                mcgConfig_BOARD_BootClockRUN
 *fill*         0x0000000000007232        0x2 ff
 .rodata.simConfig_BOARD_BootClockRUN
                0x0000000000007234        0x8 ./board/clock_config.o
                0x0000000000007234                simConfig_BOARD_BootClockRUN
 .rodata.oscConfig_BOARD_BootClockRUN
                0x000000000000723c        0x8 ./board/clock_config.o
                0x000000000000723c                oscConfig_BOARD_BootClockRUN
 .rodata.__num_Ciob_streams
                0x0000000000007244        0x4 /Applications/MCUXpressoIDE_11.7.0_9198/ide/plugins/com.nxp.mcuxpresso.tools.macosx_11.7.0.202209140929/tools/bin/../lib/gcc/arm-none-eabi/10.3.1/../../../../arm-none-eabi/lib/thumb/v6-m/nofp/libcr_semihost_nf.a(__ciob.o)
                0x0000000000007244                __num_Ciob_streams
 .rodata.__assertion_failed.str1.1
                0x0000000000007248       0x15 /Applications/MCUXpressoIDE_11.7.0_9198/ide/plugins/com.nxp.mcuxpresso.tools.macosx_11.7.0.202209140929/tools/bin/../lib/gcc/arm-none-eabi/10.3.1/../../../../arm-none-eabi/lib/thumb/v6-m/nofp/libcr_semihost_nf.a(_cr_assert.o)
 .rodata._Csys_alloc.str1.1
                0x000000000000725d       0x18 /Applications/MCUXpressoIDE_11.7.0_9198/ide/plugins/com.nxp.mcuxpresso.tools.macosx_11.7.0.202209140929/tools/bin/../lib/gcc/arm-none-eabi/10.3.1/../../../../arm-none-eabi/lib/thumb/v6-m/nofp/libcr_c.a(alloc.o)
 .rodata.fp_display.str1.1
                0x0000000000007275       0x32 /Applications/MCUXpressoIDE_11.7.0_9198/ide/plugins/com.nxp.mcuxpresso.tools.macosx_11.7.0.202209140929/tools/bin/../lib/gcc/arm-none-eabi/10.3.1/../../../../arm-none-eabi/lib/thumb/v6-m/nofp/libcr_c.a(fpprintf.o)
                                         0x35 (size before relaxing)
 .rodata._initio.str1.1
                0x00000000000072a7        0x4 /Applications/MCUXpressoIDE_11.7.0_9198/ide/plugins/com.nxp.mcuxpresso.tools.macosx_11.7.0.202209140929/tools/bin/../lib/gcc/arm-none-eabi/10.3.1/../../../../arm-none-eabi/lib/thumb/v6-m/nofp/libcr_c.a(initio.o)
 .rodata.__vfprintf.str1.1
                0x00000000000072ab       0x31 /Applications/MCUXpressoIDE_11.7.0_9198/ide/plugins/com.nxp.mcuxpresso.tools.macosx_11.7.0.202209140929/tools/bin/../lib/gcc/arm-none-eabi/10.3.1/../../../../arm-none-eabi/lib/thumb/v6-m/nofp/libcr_c.a(printf.o)
                                         0x38 (size before relaxing)
 .rodata.__ctype
                0x00000000000072dc      0x180 /Applications/MCUXpressoIDE_11.7.0_9198/ide/plugins/com.nxp.mcuxpresso.tools.macosx_11.7.0.202209140929/tools/bin/../lib/gcc/arm-none-eabi/10.3.1/../../../../arm-none-eabi/lib/thumb/v6-m/nofp/libcr_c.a(ctype.o)
                0x00000000000072dc                __ctype
                0x000000000000745c                . = ALIGN (0x4)

.glue_7         0x000000000000745c        0x0
 .glue_7        0x000000000000745c        0x0 linker stubs

.glue_7t        0x000000000000745c        0x0
 .glue_7t       0x000000000000745c        0x0 linker stubs

.vfp11_veneer   0x000000000000745c        0x0
 .vfp11_veneer  0x000000000000745c        0x0 linker stubs

.v4_bx          0x000000000000745c        0x0
 .v4_bx         0x000000000000745c        0x0 linker stubs

.iplt           0x000000000000745c        0x0
 .iplt          0x000000000000745c        0x0 ./utilities/fsl_debug_console.o

.rel.dyn        0x000000000000745c        0x0
 .rel.iplt      0x000000000000745c        0x0 ./utilities/fsl_debug_console.o

.ARM.extab
 *(SORT_BY_ALIGNMENT(.ARM.extab*) SORT_BY_ALIGNMENT(.gnu.linkonce.armextab.*))

.ARM.exidx      0x000000000000745c        0x0
                0x000000000000745c                __exidx_start = .
 *(SORT_BY_ALIGNMENT(.ARM.exidx*) SORT_BY_ALIGNMENT(.gnu.linkonce.armexidx.*))
                0x000000000000745c                __exidx_end = .
                0x000000000000745c                _etext = .

.m_usb_data
 *(SORT_BY_ALIGNMENT(m_usb_bdt))

.mtb_buffer_default
                0x000000001ffff000       0x80
 *(SORT_BY_ALIGNMENT(.mtb*))
 .mtb.$RAM1     0x000000001ffff000       0x80 ./source/mtb.o
                0x000000001ffff000                __mtb_buffer__

.uninit_RESERVED
                0x000000001ffff080        0x0
                0x000000001ffff080                _start_uninit_RESERVED = .
 *(SORT_BY_ALIGNMENT(.bss.$RESERVED*))
                0x000000001ffff080                . = ALIGN (0x4)
                0x000000001ffff080                _end_uninit_RESERVED = .

.data           0x000000001ffff080       0x14 load address 0x000000000000745c
 FILL mask 0xff
                0x000000001ffff080                _data = .
                [!provide]                        PROVIDE (__start_data_RAM = .)
                [!provide]                        PROVIDE (__start_data_SRAM = .)
 *(SORT_BY_ALIGNMENT(vtable))
 *(SORT_BY_ALIGNMENT(.ramfunc*))
 *(SORT_BY_ALIGNMENT(CodeQuickAccess))
 *(SORT_BY_ALIGNMENT(DataQuickAccess))
 *(SORT_BY_ALIGNMENT(RamFunction))
 *(SORT_BY_ALIGNMENT(.data*))
 .data.TEMP_THRESHOLD
                0x000000001ffff080        0x4 ./source/state_machine.o
 .data.HUMD_THRESHOLD
                0x000000001ffff084        0x4 ./source/state_machine.o
 .data.previous_touch
                0x000000001ffff088        0x4 ./source/state_machine.o
 .data.s_slowIrcFreq
                0x000000001ffff08c        0x4 ./drivers/fsl_clock.o
 .data.SystemCoreClock
                0x000000001ffff090        0x4 ./CMSIS/system_MKL25Z4.o
                0x000000001ffff090                SystemCoreClock
                0x000000001ffff094                . = ALIGN (0x4)
                0x000000001ffff094                _edata = .
                [!provide]                        PROVIDE (__end_data_RAM = .)
                [!provide]                        PROVIDE (__end_data_SRAM = .)

.igot.plt       0x000000001ffff094        0x0 load address 0x0000000000007470
 .igot.plt      0x000000001ffff094        0x0 ./utilities/fsl_debug_console.o

.bss            0x000000001ffff094      0x31c
                0x000000001ffff094                _bss = .
                [!provide]                        PROVIDE (__start_bss_RAM = .)
                [!provide]                        PROVIDE (__start_bss_SRAM = .)
 *(SORT_BY_ALIGNMENT(.bss*))
 .bss.s_debugConsole
                0x000000001ffff094       0x10 ./utilities/fsl_debug_console.o
 .bss.CB_fifo_type
                0x000000001ffff0a4      0x218 ./source/cbfifo.o
                0x000000001ffff0a4                CB_fifo_type
 .bss.time_alert_mode
                0x000000001ffff2bc        0x4 ./source/state_machine.o
                0x000000001ffff2bc                time_alert_mode
 .bss.timer_value
                0x000000001ffff2c0        0x4 ./source/timer.o
                0x000000001ffff2c0                timer_value
 .bss.timer_reset_value
                0x000000001ffff2c4        0x4 ./source/timer.o
                0x000000001ffff2c4                timer_reset_value
 .bss.time_in_alert_mode
                0x000000001ffff2c8        0x4 ./source/timer.o
                0x000000001ffff2c8                time_in_alert_mode
 .bss.time_in_reset_alert_mode
                0x000000001ffff2cc        0x4 ./source/timer.o
                0x000000001ffff2cc                time_in_reset_alert_mode
 .bss.g_xtal0Freq
                0x000000001ffff2d0        0x4 ./drivers/fsl_clock.o
                0x000000001ffff2d0                g_xtal0Freq
 .bss.s_lpsciHandle
                0x000000001ffff2d4        0x4 ./drivers/fsl_lpsci.o
 .bss.s_lpsciIsr
                0x000000001ffff2d8        0x4 ./drivers/fsl_lpsci.o
 .bss.s_uartHandle
                0x000000001ffff2dc        0xc ./drivers/fsl_uart.o
 .bss.s_uartIsr
                0x000000001ffff2e8        0x4 ./drivers/fsl_uart.o
 .bss.__Ciob    0x000000001ffff2ec       0xb4 /Applications/MCUXpressoIDE_11.7.0_9198/ide/plugins/com.nxp.mcuxpresso.tools.macosx_11.7.0.202209140929/tools/bin/../lib/gcc/arm-none-eabi/10.3.1/../../../../arm-none-eabi/lib/thumb/v6-m/nofp/libcr_semihost_nf.a(__ciob.o)
                0x000000001ffff2ec                __Ciob
 .bss.__end_of_heap
                0x000000001ffff3a0        0x4 /Applications/MCUXpressoIDE_11.7.0_9198/ide/plugins/com.nxp.mcuxpresso.tools.macosx_11.7.0.202209140929/tools/bin/../lib/gcc/arm-none-eabi/10.3.1/../../../../arm-none-eabi/lib/thumb/v6-m/nofp/libcr_c.a(__init_alloc.o)
                0x000000001ffff3a0                __end_of_heap
 .bss.__heaps   0x000000001ffff3a4        0x4 /Applications/MCUXpressoIDE_11.7.0_9198/ide/plugins/com.nxp.mcuxpresso.tools.macosx_11.7.0.202209140929/tools/bin/../lib/gcc/arm-none-eabi/10.3.1/../../../../arm-none-eabi/lib/thumb/v6-m/nofp/libcr_c.a(__init_alloc.o)
                0x000000001ffff3a4                __heaps
 .bss.errno     0x000000001ffff3a8        0x4 /Applications/MCUXpressoIDE_11.7.0_9198/ide/plugins/com.nxp.mcuxpresso.tools.macosx_11.7.0.202209140929/tools/bin/../lib/gcc/arm-none-eabi/10.3.1/../../../../arm-none-eabi/lib/thumb/v6-m/nofp/libcr_c.a(errno.o)
                0x000000001ffff3a8                errno
 .bss.current_state
                0x000000001ffff3ac        0x1 ./source/state_machine.o
                0x000000001ffff3ac                current_state
 *(SORT_BY_ALIGNMENT(COMMON))
                0x000000001ffff3b0                . = ALIGN (0x4)
 *fill*         0x000000001ffff3ad        0x3 
                0x000000001ffff3b0                _ebss = .
                [!provide]                        PROVIDE (__end_bss_RAM = .)
                [!provide]                        PROVIDE (__end_bss_SRAM = .)
                [!provide]                        PROVIDE (end = .)

.noinit         0x000000001ffff3b0        0x0
                0x000000001ffff3b0                _noinit = .
                [!provide]                        PROVIDE (__start_noinit_RAM = .)
                [!provide]                        PROVIDE (__start_noinit_SRAM = .)
 *(SORT_BY_ALIGNMENT(.noinit*))
                0x000000001ffff3b0                . = ALIGN (0x4)
                0x000000001ffff3b0                _end_noinit = .
                [!provide]                        PROVIDE (__end_noinit_RAM = .)
                [!provide]                        PROVIDE (__end_noinit_SRAM = .)
                0x0000000000000400                _HeapSize = 0x400

.heap           0x000000001ffff3b0      0x400
                0x000000001ffff3b0                _pvHeapStart = .
                0x000000001ffff7b0                . = (. + _HeapSize)
 *fill*         0x000000001ffff3b0      0x400 
                0x000000001ffff7b0                . = ALIGN (0x4)
                0x000000001ffff7b0                _pvHeapLimit = .
                0x0000000000000400                _StackSize = 0x400

.heap2stackfill
                0x000000001ffff7b0      0x400
                0x000000001ffffbb0                . = (. + _StackSize)
 *fill*         0x000000001ffff7b0      0x400 

.stack          0x0000000020002c00        0x0
                0x0000000020002c00                _vStackBase = .
                0x0000000020002c00                . = ALIGN (0x4)
                0x0000000020003000                _vStackTop = (. + _StackSize)
                0x0000000000000000                _image_start = LOADADDR (.text)
                0x0000000000007470                _image_end = (LOADADDR (.data) + SIZEOF (.data))
                0x0000000000007470                _image_size = (_image_end - _image_start)
OUTPUT(Pes_final_project.axf elf32-littlearm)
LOAD linker stubs

.debug_info     0x0000000000000000     0x9aa6
 .debug_info    0x0000000000000000      0x84f ./utilities/fsl_debug_console.o
 .debug_info    0x000000000000084f      0x4eb ./startup/startup_mkl25z4.o
 .debug_info    0x0000000000000d3a      0x1fc ./source/Accumulate_Line.o
 .debug_info    0x0000000000000f36      0x4d9 ./source/TSI.o
 .debug_info    0x000000000000140f      0x36a ./source/cbfifo.o
 .debug_info    0x0000000000001779      0x468 ./source/i2c.o
 .debug_info    0x0000000000001be1       0xe6 ./source/main.o
 .debug_info    0x0000000000001cc7       0x53 ./source/mtb.o
 .debug_info    0x0000000000001d1a      0x4e9 ./source/process_command.o
 .debug_info    0x0000000000002203      0x470 ./source/pwm.o
 .debug_info    0x0000000000002673      0x2ee ./source/rgb_led.o
 .debug_info    0x0000000000002961       0x3c ./source/semihost_hardfault.o
 .debug_info    0x000000000000299d       0xda ./source/sht21.o
 .debug_info    0x0000000000002a77      0x3e0 ./source/state_machine.o
 .debug_info    0x0000000000002e57      0x194 ./source/sysclock.o
 .debug_info    0x0000000000002feb       0xca ./source/test_sht21.o
 .debug_info    0x00000000000030b5      0x4b9 ./source/timer.o
 .debug_info    0x000000000000356e      0x82d ./source/uart.o
 .debug_info    0x0000000000003d9b      0x31b ./source/wdt.o
 .debug_info    0x00000000000040b6     0x1a5a ./drivers/fsl_clock.o
 .debug_info    0x0000000000005b10     0x140d ./drivers/fsl_lpsci.o
 .debug_info    0x0000000000006f1d     0x13ae ./drivers/fsl_uart.o
 .debug_info    0x00000000000082cb      0x39b ./board/board.o
 .debug_info    0x0000000000008666      0xabc ./board/clock_config.o
 .debug_info    0x0000000000009122       0x3c ./board/peripherals.o
 .debug_info    0x000000000000915e      0x547 ./board/pin_mux.o
 .debug_info    0x00000000000096a5      0x401 ./CMSIS/system_MKL25Z4.o

.debug_abbrev   0x0000000000000000     0x23cb
 .debug_abbrev  0x0000000000000000      0x1d7 ./utilities/fsl_debug_console.o
 .debug_abbrev  0x00000000000001d7      0x198 ./startup/startup_mkl25z4.o
 .debug_abbrev  0x000000000000036f       0xf4 ./source/Accumulate_Line.o
 .debug_abbrev  0x0000000000000463      0x15d ./source/TSI.o
 .debug_abbrev  0x00000000000005c0      0x1c2 ./source/cbfifo.o
 .debug_abbrev  0x0000000000000782      0x11f ./source/i2c.o
 .debug_abbrev  0x00000000000008a1       0x89 ./source/main.o
 .debug_abbrev  0x000000000000092a       0x46 ./source/mtb.o
 .debug_abbrev  0x0000000000000970      0x13a ./source/process_command.o
 .debug_abbrev  0x0000000000000aaa      0x10c ./source/pwm.o
 .debug_abbrev  0x0000000000000bb6      0x161 ./source/rgb_led.o
 .debug_abbrev  0x0000000000000d17       0x31 ./source/semihost_hardfault.o
 .debug_abbrev  0x0000000000000d48       0x87 ./source/sht21.o
 .debug_abbrev  0x0000000000000dcf      0x127 ./source/state_machine.o
 .debug_abbrev  0x0000000000000ef6       0xb4 ./source/sysclock.o
 .debug_abbrev  0x0000000000000faa       0x74 ./source/test_sht21.o
 .debug_abbrev  0x000000000000101e      0x194 ./source/timer.o
 .debug_abbrev  0x00000000000011b2      0x1e1 ./source/uart.o
 .debug_abbrev  0x0000000000001393      0x115 ./source/wdt.o
 .debug_abbrev  0x00000000000014a8      0x357 ./drivers/fsl_clock.o
 .debug_abbrev  0x00000000000017ff      0x2d7 ./drivers/fsl_lpsci.o
 .debug_abbrev  0x0000000000001ad6      0x2f1 ./drivers/fsl_uart.o
 .debug_abbrev  0x0000000000001dc7      0x11b ./board/board.o
 .debug_abbrev  0x0000000000001ee2      0x201 ./board/clock_config.o
 .debug_abbrev  0x00000000000020e3       0x31 ./board/peripherals.o
 .debug_abbrev  0x0000000000002114      0x189 ./board/pin_mux.o
 .debug_abbrev  0x000000000000229d      0x12e ./CMSIS/system_MKL25Z4.o

.debug_aranges  0x0000000000000000      0xa70
 .debug_aranges
                0x0000000000000000       0x48 ./utilities/fsl_debug_console.o
 .debug_aranges
                0x0000000000000048      0x160 ./startup/startup_mkl25z4.o
 .debug_aranges
                0x00000000000001a8       0x20 ./source/Accumulate_Line.o
 .debug_aranges
                0x00000000000001c8       0x30 ./source/TSI.o
 .debug_aranges
                0x00000000000001f8       0x40 ./source/cbfifo.o
 .debug_aranges
                0x0000000000000238       0x30 ./source/i2c.o
 .debug_aranges
                0x0000000000000268       0x20 ./source/main.o
 .debug_aranges
                0x0000000000000288       0x18 ./source/mtb.o
 .debug_aranges
                0x00000000000002a0       0x58 ./source/process_command.o
 .debug_aranges
                0x00000000000002f8       0x30 ./source/pwm.o
 .debug_aranges
                0x0000000000000328       0x68 ./source/rgb_led.o
 .debug_aranges
                0x0000000000000390       0x20 ./source/semihost_hardfault.o
 .debug_aranges
                0x00000000000003b0       0x28 ./source/sht21.o
 .debug_aranges
                0x00000000000003d8       0x50 ./source/state_machine.o
 .debug_aranges
                0x0000000000000428       0x20 ./source/sysclock.o
 .debug_aranges
                0x0000000000000448       0x20 ./source/test_sht21.o
 .debug_aranges
                0x0000000000000468       0x60 ./source/timer.o
 .debug_aranges
                0x00000000000004c8       0x58 ./source/uart.o
 .debug_aranges
                0x0000000000000520       0x30 ./source/wdt.o
 .debug_aranges
                0x0000000000000550      0x1d8 ./drivers/fsl_clock.o
 .debug_aranges
                0x0000000000000728      0x118 ./drivers/fsl_lpsci.o
 .debug_aranges
                0x0000000000000840      0x130 ./drivers/fsl_uart.o
 .debug_aranges
                0x0000000000000970       0x28 ./board/board.o
 .debug_aranges
                0x0000000000000998       0x58 ./board/clock_config.o
 .debug_aranges
                0x00000000000009f0       0x20 ./board/peripherals.o
 .debug_aranges
                0x0000000000000a10       0x38 ./board/pin_mux.o
 .debug_aranges
                0x0000000000000a48       0x28 ./CMSIS/system_MKL25Z4.o

.debug_ranges   0x0000000000000000      0x8b8
 .debug_ranges  0x0000000000000000       0x38 ./utilities/fsl_debug_console.o
 .debug_ranges  0x0000000000000038      0x150 ./startup/startup_mkl25z4.o
 .debug_ranges  0x0000000000000188       0x10 ./source/Accumulate_Line.o
 .debug_ranges  0x0000000000000198       0x20 ./source/TSI.o
 .debug_ranges  0x00000000000001b8       0x30 ./source/cbfifo.o
 .debug_ranges  0x00000000000001e8       0x20 ./source/i2c.o
 .debug_ranges  0x0000000000000208       0x10 ./source/main.o
 .debug_ranges  0x0000000000000218       0x48 ./source/process_command.o
 .debug_ranges  0x0000000000000260       0x20 ./source/pwm.o
 .debug_ranges  0x0000000000000280       0x58 ./source/rgb_led.o
 .debug_ranges  0x00000000000002d8       0x10 ./source/semihost_hardfault.o
 .debug_ranges  0x00000000000002e8       0x18 ./source/sht21.o
 .debug_ranges  0x0000000000000300       0x40 ./source/state_machine.o
 .debug_ranges  0x0000000000000340       0x10 ./source/sysclock.o
 .debug_ranges  0x0000000000000350       0x10 ./source/test_sht21.o
 .debug_ranges  0x0000000000000360       0x50 ./source/timer.o
 .debug_ranges  0x00000000000003b0       0x48 ./source/uart.o
 .debug_ranges  0x00000000000003f8       0x20 ./source/wdt.o
 .debug_ranges  0x0000000000000418      0x1c8 ./drivers/fsl_clock.o
 .debug_ranges  0x00000000000005e0      0x108 ./drivers/fsl_lpsci.o
 .debug_ranges  0x00000000000006e8      0x120 ./drivers/fsl_uart.o
 .debug_ranges  0x0000000000000808       0x18 ./board/board.o
 .debug_ranges  0x0000000000000820       0x48 ./board/clock_config.o
 .debug_ranges  0x0000000000000868       0x10 ./board/peripherals.o
 .debug_ranges  0x0000000000000878       0x28 ./board/pin_mux.o
 .debug_ranges  0x00000000000008a0       0x18 ./CMSIS/system_MKL25Z4.o

.debug_macro    0x0000000000000000     0xf116
 .debug_macro   0x0000000000000000      0x13a ./utilities/fsl_debug_console.o
 .debug_macro   0x000000000000013a      0xa7e ./utilities/fsl_debug_console.o
 .debug_macro   0x0000000000000bb8       0x10 ./utilities/fsl_debug_console.o
 .debug_macro   0x0000000000000bc8       0x16 ./utilities/fsl_debug_console.o
 .debug_macro   0x0000000000000bde       0x10 ./utilities/fsl_debug_console.o
 .debug_macro   0x0000000000000bee      0x12e ./utilities/fsl_debug_console.o
 .debug_macro   0x0000000000000d1c       0x28 ./utilities/fsl_debug_console.o
 .debug_macro   0x0000000000000d44       0xc4 ./utilities/fsl_debug_console.o
 .debug_macro   0x0000000000000e08       0x16 ./utilities/fsl_debug_console.o
 .debug_macro   0x0000000000000e1e       0x22 ./utilities/fsl_debug_console.o
 .debug_macro   0x0000000000000e40      0x5b3 ./utilities/fsl_debug_console.o
 .debug_macro   0x00000000000013f3       0x10 ./utilities/fsl_debug_console.o
 .debug_macro   0x0000000000001403       0x3f ./utilities/fsl_debug_console.o
 .debug_macro   0x0000000000001442       0x3a ./utilities/fsl_debug_console.o
 .debug_macro   0x000000000000147c       0x26 ./utilities/fsl_debug_console.o
 .debug_macro   0x00000000000014a2      0x329 ./utilities/fsl_debug_console.o
 .debug_macro   0x00000000000017cb       0x30 ./utilities/fsl_debug_console.o
 .debug_macro   0x00000000000017fb     0x51e2 ./utilities/fsl_debug_console.o
 .debug_macro   0x00000000000069dd     0x1352 ./utilities/fsl_debug_console.o
 .debug_macro   0x0000000000007d2f       0x3a ./utilities/fsl_debug_console.o
 .debug_macro   0x0000000000007d69       0xf4 ./utilities/fsl_debug_console.o
 .debug_macro   0x0000000000007e5d       0x35 ./utilities/fsl_debug_console.o
 .debug_macro   0x0000000000007e92       0x9a ./utilities/fsl_debug_console.o
 .debug_macro   0x0000000000007f2c       0x2e ./utilities/fsl_debug_console.o
 .debug_macro   0x0000000000007f5a       0x10 ./utilities/fsl_debug_console.o
 .debug_macro   0x0000000000007f6a       0x10 ./utilities/fsl_debug_console.o
 .debug_macro   0x0000000000007f7a       0x29 ./startup/startup_mkl25z4.o
 .debug_macro   0x0000000000007fa3      0x1cb ./source/Accumulate_Line.o
 .debug_macro   0x000000000000816e       0xa0 ./source/Accumulate_Line.o
 .debug_macro   0x000000000000820e       0x3f ./source/Accumulate_Line.o
 .debug_macro   0x000000000000824d     0x51e2 ./source/Accumulate_Line.o
 .debug_macro   0x000000000000d42f       0x10 ./source/Accumulate_Line.o
 .debug_macro   0x000000000000d43f       0x22 ./source/Accumulate_Line.o
 .debug_macro   0x000000000000d461       0x7c ./source/Accumulate_Line.o
 .debug_macro   0x000000000000d4dd       0x3a ./source/Accumulate_Line.o
 .debug_macro   0x000000000000d517       0x16 ./source/Accumulate_Line.o
 .debug_macro   0x000000000000d52d       0x16 ./source/Accumulate_Line.o
 .debug_macro   0x000000000000d543      0x12d ./source/TSI.o
 .debug_macro   0x000000000000d670       0x34 ./source/TSI.o
 .debug_macro   0x000000000000d6a4       0x2e ./source/TSI.o
 .debug_macro   0x000000000000d6d2       0xcf ./source/cbfifo.o
 .debug_macro   0x000000000000d7a1      0x135 ./source/i2c.o
 .debug_macro   0x000000000000d8d6      0x244 ./source/main.o
 .debug_macro   0x000000000000db1a       0x16 ./source/main.o
 .debug_macro   0x000000000000db30       0x10 ./source/main.o
 .debug_macro   0x000000000000db40      0x112 ./source/main.o
 .debug_macro   0x000000000000dc52       0x34 ./source/main.o
 .debug_macro   0x000000000000dc86       0x10 ./source/main.o
 .debug_macro   0x000000000000dc96       0x3a ./source/main.o
 .debug_macro   0x000000000000dcd0       0x2f ./source/mtb.o
 .debug_macro   0x000000000000dcff       0x82 ./source/mtb.o
 .debug_macro   0x000000000000dd81       0x10 ./source/mtb.o
 .debug_macro   0x000000000000dd91      0x1ea ./source/process_command.o
 .debug_macro   0x000000000000df7b       0xda ./source/pwm.o
 .debug_macro   0x000000000000e055       0x10 ./source/pwm.o
 .debug_macro   0x000000000000e065       0xf0 ./source/rgb_led.o
 .debug_macro   0x000000000000e155       0x11 ./source/semihost_hardfault.o
 .debug_macro   0x000000000000e166      0x14e ./source/sht21.o
 .debug_macro   0x000000000000e2b4      0x195 ./source/state_machine.o
 .debug_macro   0x000000000000e449       0x91 ./source/sysclock.o
 .debug_macro   0x000000000000e4da      0x149 ./source/test_sht21.o
 .debug_macro   0x000000000000e623       0xbd ./source/timer.o
 .debug_macro   0x000000000000e6e0      0x1cd ./source/uart.o
 .debug_macro   0x000000000000e8ad       0x91 ./source/wdt.o
 .debug_macro   0x000000000000e93e       0x34 ./source/wdt.o
 .debug_macro   0x000000000000e972      0x196 ./drivers/fsl_clock.o
 .debug_macro   0x000000000000eb08       0x1c ./drivers/fsl_clock.o
 .debug_macro   0x000000000000eb24       0xec ./drivers/fsl_lpsci.o
 .debug_macro   0x000000000000ec10       0xf2 ./drivers/fsl_uart.o
 .debug_macro   0x000000000000ed02      0x12b ./board/board.o
 .debug_macro   0x000000000000ee2d      0x123 ./board/clock_config.o
 .debug_macro   0x000000000000ef50       0x1b ./board/peripherals.o
 .debug_macro   0x000000000000ef6b      0x107 ./board/pin_mux.o
 .debug_macro   0x000000000000f072       0x10 ./board/pin_mux.o
 .debug_macro   0x000000000000f082       0x94 ./CMSIS/system_MKL25Z4.o

.debug_line     0x0000000000000000     0x8230
 .debug_line    0x0000000000000000      0x46c ./utilities/fsl_debug_console.o
 .debug_line    0x000000000000046c      0x1ed ./startup/startup_mkl25z4.o
 .debug_line    0x0000000000000659      0x430 ./source/Accumulate_Line.o
 .debug_line    0x0000000000000a89      0x3d3 ./source/TSI.o
 .debug_line    0x0000000000000e5c      0x400 ./source/cbfifo.o
 .debug_line    0x000000000000125c      0x48c ./source/i2c.o
 .debug_line    0x00000000000016e8      0x4b2 ./source/main.o
 .debug_line    0x0000000000001b9a       0xd9 ./source/mtb.o
 .debug_line    0x0000000000001c73      0x5dd ./source/process_command.o
 .debug_line    0x0000000000002250      0x2fe ./source/pwm.o
 .debug_line    0x000000000000254e      0x5f3 ./source/rgb_led.o
 .debug_line    0x0000000000002b41       0x59 ./source/semihost_hardfault.o
 .debug_line    0x0000000000002b9a      0x36e ./source/sht21.o
 .debug_line    0x0000000000002f08      0x562 ./source/state_machine.o
 .debug_line    0x000000000000346a      0x238 ./source/sysclock.o
 .debug_line    0x00000000000036a2      0x38f ./source/test_sht21.o
 .debug_line    0x0000000000003a31      0x389 ./source/timer.o
 .debug_line    0x0000000000003dba      0x60a ./source/uart.o
 .debug_line    0x00000000000043c4      0x26c ./source/wdt.o
 .debug_line    0x0000000000004630     0x12f2 ./drivers/fsl_clock.o
 .debug_line    0x0000000000005922      0xd6b ./drivers/fsl_lpsci.o
 .debug_line    0x000000000000668d      0xd5a ./drivers/fsl_uart.o
 .debug_line    0x00000000000073e7      0x379 ./board/board.o
 .debug_line    0x0000000000007760      0x3d5 ./board/clock_config.o
 .debug_line    0x0000000000007b35       0x5c ./board/peripherals.o
 .debug_line    0x0000000000007b91      0x35c ./board/pin_mux.o
 .debug_line    0x0000000000007eed      0x343 ./CMSIS/system_MKL25Z4.o

.debug_str      0x0000000000000000    0x368f8
 .debug_str     0x0000000000000000    0x31323 ./utilities/fsl_debug_console.o
                                      0x31570 (size before relaxing)
 .debug_str     0x0000000000031323      0x3cd ./startup/startup_mkl25z4.o
                                       0x30a7 (size before relaxing)
 .debug_str     0x00000000000316f0      0x5cc ./source/Accumulate_Line.o
                                      0x30c9e (size before relaxing)
 .debug_str     0x0000000000031cbc      0x220 ./source/TSI.o
                                      0x30ce6 (size before relaxing)
 .debug_str     0x0000000000031edc      0x102 ./source/cbfifo.o
                                      0x29024 (size before relaxing)
 .debug_str     0x0000000000031fde       0x9f ./source/i2c.o
                                      0x30b8c (size before relaxing)
 .debug_str     0x000000000003207d      0xb25 ./source/main.o
                                      0x31741 (size before relaxing)
 .debug_str     0x0000000000032ba2      0x532 ./source/mtb.o
                                       0x31c7 (size before relaxing)
 .debug_str     0x00000000000330d4      0x148 ./source/process_command.o
                                      0x311cb (size before relaxing)
 .debug_str     0x000000000003321c       0x70 ./source/pwm.o
                                      0x29084 (size before relaxing)
 .debug_str     0x000000000003328c       0xea ./source/rgb_led.o
                                      0x29061 (size before relaxing)
 .debug_str     0x0000000000033376       0x1f ./source/semihost_hardfault.o
                                       0x2cb4 (size before relaxing)
 .debug_str     0x0000000000033395       0x72 ./source/sht21.o
                                      0x30a7a (size before relaxing)
 .debug_str     0x0000000000033407      0x12d ./source/state_machine.o
                                      0x3117c (size before relaxing)
 .debug_str     0x0000000000033534       0x38 ./source/sysclock.o
                                      0x28c4b (size before relaxing)
 .debug_str     0x000000000003356c       0x22 ./source/test_sht21.o
                                      0x30a26 (size before relaxing)
 .debug_str     0x000000000003358e      0x2f8 ./source/timer.o
                                      0x2921a (size before relaxing)
 .debug_str     0x0000000000033886       0xcf ./source/uart.o
                                      0x30fdd (size before relaxing)
 .debug_str     0x0000000000033955       0x30 ./source/wdt.o
                                      0x28d9a (size before relaxing)
 .debug_str     0x0000000000033985     0x1774 ./drivers/fsl_clock.o
                                      0x3217c (size before relaxing)
 .debug_str     0x00000000000350f9      0x95f ./drivers/fsl_lpsci.o
                                      0x3176b (size before relaxing)
 .debug_str     0x0000000000035a58      0x832 ./drivers/fsl_uart.o
                                      0x3178e (size before relaxing)
 .debug_str     0x000000000003628a       0x4c ./board/board.o
                                      0x3114e (size before relaxing)
 .debug_str     0x00000000000362d6      0x3c1 ./board/clock_config.o
                                      0x310ad (size before relaxing)
 .debug_str     0x0000000000036697       0x31 ./board/peripherals.o
                                       0x2cc5 (size before relaxing)
 .debug_str     0x00000000000366c8      0x1e1 ./board/pin_mux.o
                                      0x307f4 (size before relaxing)
 .debug_str     0x00000000000368a9       0x4f ./CMSIS/system_MKL25Z4.o
                                      0x2faf6 (size before relaxing)

.comment        0x0000000000000000       0x49
 .comment       0x0000000000000000       0x49 ./utilities/fsl_debug_console.o
                                         0x4a (size before relaxing)
 .comment       0x0000000000000049       0x4a ./startup/startup_mkl25z4.o
 .comment       0x0000000000000049       0x4a ./source/Accumulate_Line.o
 .comment       0x0000000000000049       0x4a ./source/TSI.o
 .comment       0x0000000000000049       0x4a ./source/cbfifo.o
 .comment       0x0000000000000049       0x4a ./source/i2c.o
 .comment       0x0000000000000049       0x4a ./source/main.o
 .comment       0x0000000000000049       0x4a ./source/mtb.o
 .comment       0x0000000000000049       0x4a ./source/process_command.o
 .comment       0x0000000000000049       0x4a ./source/pwm.o
 .comment       0x0000000000000049       0x4a ./source/rgb_led.o
 .comment       0x0000000000000049       0x4a ./source/semihost_hardfault.o
 .comment       0x0000000000000049       0x4a ./source/sht21.o
 .comment       0x0000000000000049       0x4a ./source/state_machine.o
 .comment       0x0000000000000049       0x4a ./source/sysclock.o
 .comment       0x0000000000000049       0x4a ./source/test_sht21.o
 .comment       0x0000000000000049       0x4a ./source/timer.o
 .comment       0x0000000000000049       0x4a ./source/uart.o
 .comment       0x0000000000000049       0x4a ./source/wdt.o
 .comment       0x0000000000000049       0x4a ./drivers/fsl_clock.o
 .comment       0x0000000000000049       0x4a ./drivers/fsl_lpsci.o
 .comment       0x0000000000000049       0x4a ./drivers/fsl_uart.o
 .comment       0x0000000000000049       0x4a ./board/board.o
 .comment       0x0000000000000049       0x4a ./board/clock_config.o
 .comment       0x0000000000000049       0x4a ./board/peripherals.o
 .comment       0x0000000000000049       0x4a ./board/pin_mux.o
 .comment       0x0000000000000049       0x4a ./CMSIS/system_MKL25Z4.o
 .comment       0x0000000000000049       0x4a /Applications/MCUXpressoIDE_11.7.0_9198/ide/plugins/com.nxp.mcuxpresso.tools.macosx_11.7.0.202209140929/tools/bin/../lib/gcc/arm-none-eabi/10.3.1/../../../../arm-none-eabi/lib/thumb/v6-m/nofp/libcr_semihost_nf.a(__ciob.o)
 .comment       0x0000000000000049       0x4a /Applications/MCUXpressoIDE_11.7.0_9198/ide/plugins/com.nxp.mcuxpresso.tools.macosx_11.7.0.202209140929/tools/bin/../lib/gcc/arm-none-eabi/10.3.1/../../../../arm-none-eabi/lib/thumb/v6-m/nofp/libcr_semihost_nf.a(_cr__main.o)
 .comment       0x0000000000000049       0x4a /Applications/MCUXpressoIDE_11.7.0_9198/ide/plugins/com.nxp.mcuxpresso.tools.macosx_11.7.0.202209140929/tools/bin/../lib/gcc/arm-none-eabi/10.3.1/../../../../arm-none-eabi/lib/thumb/v6-m/nofp/libcr_semihost_nf.a(_cr_assert.o)
 .comment       0x0000000000000049       0x4a /Applications/MCUXpressoIDE_11.7.0_9198/ide/plugins/com.nxp.mcuxpresso.tools.macosx_11.7.0.202209140929/tools/bin/../lib/gcc/arm-none-eabi/10.3.1/../../../../arm-none-eabi/lib/thumb/v6-m/nofp/libcr_c.a(memset.o)
 .comment       0x0000000000000049       0x4a /Applications/MCUXpressoIDE_11.7.0_9198/ide/plugins/com.nxp.mcuxpresso.tools.macosx_11.7.0.202209140929/tools/bin/../lib/gcc/arm-none-eabi/10.3.1/../../../../arm-none-eabi/lib/thumb/v6-m/nofp/libcr_c.a(_deferredlazyseek.o)
 .comment       0x0000000000000049       0x4a /Applications/MCUXpressoIDE_11.7.0_9198/ide/plugins/com.nxp.mcuxpresso.tools.macosx_11.7.0.202209140929/tools/bin/../lib/gcc/arm-none-eabi/10.3.1/../../../../arm-none-eabi/lib/thumb/v6-m/nofp/libcr_c.a(_fflush.o)
 .comment       0x0000000000000049       0x4a /Applications/MCUXpressoIDE_11.7.0_9198/ide/plugins/com.nxp.mcuxpresso.tools.macosx_11.7.0.202209140929/tools/bin/../lib/gcc/arm-none-eabi/10.3.1/../../../../arm-none-eabi/lib/thumb/v6-m/nofp/libcr_c.a(_writebuf.o)
 .comment       0x0000000000000049       0x4a /Applications/MCUXpressoIDE_11.7.0_9198/ide/plugins/com.nxp.mcuxpresso.tools.macosx_11.7.0.202209140929/tools/bin/../lib/gcc/arm-none-eabi/10.3.1/../../../../arm-none-eabi/lib/thumb/v6-m/nofp/libcr_c.a(alloc.o)
 .comment       0x0000000000000049       0x4a /Applications/MCUXpressoIDE_11.7.0_9198/ide/plugins/com.nxp.mcuxpresso.tools.macosx_11.7.0.202209140929/tools/bin/../lib/gcc/arm-none-eabi/10.3.1/../../../../arm-none-eabi/lib/thumb/v6-m/nofp/libcr_c.a(fpprintf.o)
 .comment       0x0000000000000049       0x4a /Applications/MCUXpressoIDE_11.7.0_9198/ide/plugins/com.nxp.mcuxpresso.tools.macosx_11.7.0.202209140929/tools/bin/../lib/gcc/arm-none-eabi/10.3.1/../../../../arm-none-eabi/lib/thumb/v6-m/nofp/libcr_c.a(fputs.o)
 .comment       0x0000000000000049       0x4a /Applications/MCUXpressoIDE_11.7.0_9198/ide/plugins/com.nxp.mcuxpresso.tools.macosx_11.7.0.202209140929/tools/bin/../lib/gcc/arm-none-eabi/10.3.1/../../../../arm-none-eabi/lib/thumb/v6-m/nofp/libcr_c.a(fseek.o)
 .comment       0x0000000000000049       0x4a /Applications/MCUXpressoIDE_11.7.0_9198/ide/plugins/com.nxp.mcuxpresso.tools.macosx_11.7.0.202209140929/tools/bin/../lib/gcc/arm-none-eabi/10.3.1/../../../../arm-none-eabi/lib/thumb/v6-m/nofp/libcr_c.a(ftell.o)
 .comment       0x0000000000000049       0x4a /Applications/MCUXpressoIDE_11.7.0_9198/ide/plugins/com.nxp.mcuxpresso.tools.macosx_11.7.0.202209140929/tools/bin/../lib/gcc/arm-none-eabi/10.3.1/../../../../arm-none-eabi/lib/thumb/v6-m/nofp/libcr_c.a(initio.o)
 .comment       0x0000000000000049       0x4a /Applications/MCUXpressoIDE_11.7.0_9198/ide/plugins/com.nxp.mcuxpresso.tools.macosx_11.7.0.202209140929/tools/bin/../lib/gcc/arm-none-eabi/10.3.1/../../../../arm-none-eabi/lib/thumb/v6-m/nofp/libcr_c.a(printf.o)
 .comment       0x0000000000000049       0x4a /Applications/MCUXpressoIDE_11.7.0_9198/ide/plugins/com.nxp.mcuxpresso.tools.macosx_11.7.0.202209140929/tools/bin/../lib/gcc/arm-none-eabi/10.3.1/../../../../arm-none-eabi/lib/thumb/v6-m/nofp/libcr_c.a(setvbuf.o)
 .comment       0x0000000000000049       0x4a /Applications/MCUXpressoIDE_11.7.0_9198/ide/plugins/com.nxp.mcuxpresso.tools.macosx_11.7.0.202209140929/tools/bin/../lib/gcc/arm-none-eabi/10.3.1/../../../../arm-none-eabi/lib/thumb/v6-m/nofp/libcr_c.a(strcasecmp.o)
 .comment       0x0000000000000049       0x4a /Applications/MCUXpressoIDE_11.7.0_9198/ide/plugins/com.nxp.mcuxpresso.tools.macosx_11.7.0.202209140929/tools/bin/../lib/gcc/arm-none-eabi/10.3.1/../../../../arm-none-eabi/lib/thumb/v6-m/nofp/libcr_c.a(strlen.o)
 .comment       0x0000000000000049       0x4a /Applications/MCUXpressoIDE_11.7.0_9198/ide/plugins/com.nxp.mcuxpresso.tools.macosx_11.7.0.202209140929/tools/bin/../lib/gcc/arm-none-eabi/10.3.1/../../../../arm-none-eabi/lib/thumb/v6-m/nofp/libcr_c.a(__init_alloc.o)
 .comment       0x0000000000000049       0x4a /Applications/MCUXpressoIDE_11.7.0_9198/ide/plugins/com.nxp.mcuxpresso.tools.macosx_11.7.0.202209140929/tools/bin/../lib/gcc/arm-none-eabi/10.3.1/../../../../arm-none-eabi/lib/thumb/v6-m/nofp/libcr_c.a(_cr_sbrk.o)
 .comment       0x0000000000000049       0x4a /Applications/MCUXpressoIDE_11.7.0_9198/ide/plugins/com.nxp.mcuxpresso.tools.macosx_11.7.0.202209140929/tools/bin/../lib/gcc/arm-none-eabi/10.3.1/../../../../arm-none-eabi/lib/thumb/v6-m/nofp/libcr_c.a(_fdopen.o)
 .comment       0x0000000000000049       0x4a /Applications/MCUXpressoIDE_11.7.0_9198/ide/plugins/com.nxp.mcuxpresso.tools.macosx_11.7.0.202209140929/tools/bin/../lib/gcc/arm-none-eabi/10.3.1/../../../../arm-none-eabi/lib/thumb/v6-m/nofp/libcr_c.a(_frexpl.o)
 .comment       0x0000000000000049       0x4a /Applications/MCUXpressoIDE_11.7.0_9198/ide/plugins/com.nxp.mcuxpresso.tools.macosx_11.7.0.202209140929/tools/bin/../lib/gcc/arm-none-eabi/10.3.1/../../../../arm-none-eabi/lib/thumb/v6-m/nofp/libcr_c.a(_ldexpl.o)
 .comment       0x0000000000000049       0x4a /Applications/MCUXpressoIDE_11.7.0_9198/ide/plugins/com.nxp.mcuxpresso.tools.macosx_11.7.0.202209140929/tools/bin/../lib/gcc/arm-none-eabi/10.3.1/../../../../arm-none-eabi/lib/thumb/v6-m/nofp/libcr_c.a(ctype.o)
 .comment       0x0000000000000049       0x4a /Applications/MCUXpressoIDE_11.7.0_9198/ide/plugins/com.nxp.mcuxpresso.tools.macosx_11.7.0.202209140929/tools/bin/../lib/gcc/arm-none-eabi/10.3.1/../../../../arm-none-eabi/lib/thumb/v6-m/nofp/libcr_c.a(errno.o)
 .comment       0x0000000000000049       0x4a /Applications/MCUXpressoIDE_11.7.0_9198/ide/plugins/com.nxp.mcuxpresso.tools.macosx_11.7.0.202209140929/tools/bin/../lib/gcc/arm-none-eabi/10.3.1/../../../../arm-none-eabi/lib/thumb/v6-m/nofp/libcr_c.a(fclose.o)
 .comment       0x0000000000000049       0x4a /Applications/MCUXpressoIDE_11.7.0_9198/ide/plugins/com.nxp.mcuxpresso.tools.macosx_11.7.0.202209140929/tools/bin/../lib/gcc/arm-none-eabi/10.3.1/../../../../arm-none-eabi/lib/thumb/v6-m/nofp/libcr_c.a(fflush.o)
 .comment       0x0000000000000049       0x4a /Applications/MCUXpressoIDE_11.7.0_9198/ide/plugins/com.nxp.mcuxpresso.tools.macosx_11.7.0.202209140929/tools/bin/../lib/gcc/arm-none-eabi/10.3.1/../../../../arm-none-eabi/lib/thumb/v6-m/nofp/libcr_c.a(remove.o)
 .comment       0x0000000000000049       0x4a /Applications/MCUXpressoIDE_11.7.0_9198/ide/plugins/com.nxp.mcuxpresso.tools.macosx_11.7.0.202209140929/tools/bin/../lib/gcc/arm-none-eabi/10.3.1/../../../../arm-none-eabi/lib/thumb/v6-m/nofp/libcr_c.a(_cr_check_heap.o)
 .comment       0x0000000000000049       0x4a /Applications/MCUXpressoIDE_11.7.0_9198/ide/plugins/com.nxp.mcuxpresso.tools.macosx_11.7.0.202209140929/tools/bin/../lib/gcc/arm-none-eabi/10.3.1/../../../../arm-none-eabi/lib/thumb/v6-m/nofp/libcr_c.a(_do_fflush.o)
 .comment       0x0000000000000049       0x4a /Applications/MCUXpressoIDE_11.7.0_9198/ide/plugins/com.nxp.mcuxpresso.tools.macosx_11.7.0.202209140929/tools/bin/../lib/gcc/arm-none-eabi/10.3.1/thumb/v6-m/nofp/libcr_eabihelpers.a(double.o)
 .comment       0x0000000000000049       0x4a /Applications/MCUXpressoIDE_11.7.0_9198/ide/plugins/com.nxp.mcuxpresso.tools.macosx_11.7.0.202209140929/tools/bin/../lib/gcc/arm-none-eabi/10.3.1/thumb/v6-m/nofp/libcr_eabihelpers.a(float.o)

.ARM.attributes
                0x0000000000000000       0x2a
 .ARM.attributes
                0x0000000000000000       0x2c ./utilities/fsl_debug_console.o
 .ARM.attributes
                0x000000000000002c       0x2c ./startup/startup_mkl25z4.o
 .ARM.attributes
                0x0000000000000058       0x2c ./source/Accumulate_Line.o
 .ARM.attributes
                0x0000000000000084       0x2c ./source/TSI.o
 .ARM.attributes
                0x00000000000000b0       0x2c ./source/cbfifo.o
 .ARM.attributes
                0x00000000000000dc       0x2c ./source/i2c.o
 .ARM.attributes
                0x0000000000000108       0x2c ./source/main.o
 .ARM.attributes
                0x0000000000000134       0x2c ./source/mtb.o
 .ARM.attributes
                0x0000000000000160       0x2c ./source/process_command.o
 .ARM.attributes
                0x000000000000018c       0x2c ./source/pwm.o
 .ARM.attributes
                0x00000000000001b8       0x2c ./source/rgb_led.o
 .ARM.attributes
                0x00000000000001e4       0x2c ./source/semihost_hardfault.o
 .ARM.attributes
                0x0000000000000210       0x2c ./source/sht21.o
 .ARM.attributes
                0x000000000000023c       0x2c ./source/state_machine.o
 .ARM.attributes
                0x0000000000000268       0x2c ./source/sysclock.o
 .ARM.attributes
                0x0000000000000294       0x2c ./source/test_sht21.o
 .ARM.attributes
                0x00000000000002c0       0x2c ./source/timer.o
 .ARM.attributes
                0x00000000000002ec       0x2c ./source/uart.o
 .ARM.attributes
                0x0000000000000318       0x2c ./source/wdt.o
 .ARM.attributes
                0x0000000000000344       0x2c ./drivers/fsl_clock.o
 .ARM.attributes
                0x0000000000000370       0x2c ./drivers/fsl_lpsci.o
 .ARM.attributes
                0x000000000000039c       0x2c ./drivers/fsl_uart.o