Archive member included to satisfy reference by file (symbol)

/Applications/MCUXpressoIDE_11.7.0_9198/ide/plugins/com.nxp.mcuxpresso.tools.macosx_11.7.0.202209140929/tools/bin/../lib/gcc/arm-none-eabi/10.3.1/../../../../arm-none-eabi/lib/thumb/v6-m/nofp/libcr_nohost_nf.a(_cr__main.o)
                              ./startup/startup_mkl25z4.o (__main)
/Applications/MCUXpressoIDE_11.7.0_9198/ide/plugins/com.nxp.mcuxpresso.tools.macosx_11.7.0.202209140929/tools/bin/../lib/gcc/arm-none-eabi/10.3.1/../../../../arm-none-eabi/lib/thumb/v6-m/nofp/libcr_c.a(memcpy.o)
                              ./source/pbkdf2.o (memcpy)
/Applications/MCUXpressoIDE_11.7.0_9198/ide/plugins/com.nxp.mcuxpresso.tools.macosx_11.7.0.202209140929/tools/bin/../lib/gcc/arm-none-eabi/10.3.1/../../../../arm-none-eabi/lib/thumb/v6-m/nofp/libcr_c.a(memset.o)
                              ./source/isha.o (memset)
/Applications/MCUXpressoIDE_11.7.0_9198/ide/plugins/com.nxp.mcuxpresso.tools.macosx_11.7.0.202209140929/tools/bin/../lib/gcc/arm-none-eabi/10.3.1/../../../../arm-none-eabi/lib/thumb/v6-m/nofp/libcr_c.a(initio.o)
                              /Applications/MCUXpressoIDE_11.7.0_9198/ide/plugins/com.nxp.mcuxpresso.tools.macosx_11.7.0.202209140929/tools/bin/../lib/gcc/arm-none-eabi/10.3.1/../../../../arm-none-eabi/lib/thumb/v6-m/nofp/libcr_nohost_nf.a(_cr__main.o) (_initio)
/Applications/MCUXpressoIDE_11.7.0_9198/ide/plugins/com.nxp.mcuxpresso.tools.macosx_11.7.0.202209140929/tools/bin/../lib/gcc/arm-none-eabi/10.3.1/../../../../arm-none-eabi/lib/thumb/v6-m/nofp/libcr_c.a(printf.o)
                              ./source/pbkdf2_test.o (_sprintf)
/Applications/MCUXpressoIDE_11.7.0_9198/ide/plugins/com.nxp.mcuxpresso.tools.macosx_11.7.0.202209140929/tools/bin/../lib/gcc/arm-none-eabi/10.3.1/../../../../arm-none-eabi/lib/thumb/v6-m/nofp/libcr_c.a(setvbuf.o)
                              /Applications/MCUXpressoIDE_11.7.0_9198/ide/plugins/com.nxp.mcuxpresso.tools.macosx_11.7.0.202209140929/tools/bin/../lib/gcc/arm-none-eabi/10.3.1/../../../../arm-none-eabi/lib/thumb/v6-m/nofp/libcr_c.a(initio.o) (setvbuf)
/Applications/MCUXpressoIDE_11.7.0_9198/ide/plugins/com.nxp.mcuxpresso.tools.macosx_11.7.0.202209140929/tools/bin/../lib/gcc/arm-none-eabi/10.3.1/../../../../arm-none-eabi/lib/thumb/v6-m/nofp/libcr_c.a(stdlib.o)
                              ./source/main.o (exit)
/Applications/MCUXpressoIDE_11.7.0_9198/ide/plugins/com.nxp.mcuxpresso.tools.macosx_11.7.0.202209140929/tools/bin/../lib/gcc/arm-none-eabi/10.3.1/../../../../arm-none-eabi/lib/thumb/v6-m/nofp/libcr_c.a(strlen.o)
                              ./source/main.o (strlen)
/Applications/MCUXpressoIDE_11.7.0_9198/ide/plugins/com.nxp.mcuxpresso.tools.macosx_11.7.0.202209140929/tools/bin/../lib/gcc/arm-none-eabi/10.3.1/../../../../arm-none-eabi/lib/thumb/v6-m/nofp/libcr_c.a(_deferredlazyseek.o)
                              /Applications/MCUXpressoIDE_11.7.0_9198/ide/plugins/com.nxp.mcuxpresso.tools.macosx_11.7.0.202209140929/tools/bin/../lib/gcc/arm-none-eabi/10.3.1/../../../../arm-none-eabi/lib/thumb/v6-m/nofp/libcr_c.a(printf.o) (__flsbuf)
/Applications/MCUXpressoIDE_11.7.0_9198/ide/plugins/com.nxp.mcuxpresso.tools.macosx_11.7.0.202209140929/tools/bin/../lib/gcc/arm-none-eabi/10.3.1/../../../../arm-none-eabi/lib/thumb/v6-m/nofp/libcr_c.a(_fdopen.o)
                              /Applications/MCUXpressoIDE_11.7.0_9198/ide/plugins/com.nxp.mcuxpresso.tools.macosx_11.7.0.202209140929/tools/bin/../lib/gcc/arm-none-eabi/10.3.1/../../../../arm-none-eabi/lib/thumb/v6-m/nofp/libcr_c.a(initio.o) (_fdopen)
/Applications/MCUXpressoIDE_11.7.0_9198/ide/plugins/com.nxp.mcuxpresso.tools.macosx_11.7.0.202209140929/tools/bin/../lib/gcc/arm-none-eabi/10.3.1/../../../../arm-none-eabi/lib/thumb/v6-m/nofp/libcr_c.a(_fflush.o)
                              /Applications/MCUXpressoIDE_11.7.0_9198/ide/plugins/com.nxp.mcuxpresso.tools.macosx_11.7.0.202209140929/tools/bin/../lib/gcc/arm-none-eabi/10.3.1/../../../../arm-none-eabi/lib/thumb/v6-m/nofp/libcr_c.a(_deferredlazyseek.o) (_fflush)
/Applications/MCUXpressoIDE_11.7.0_9198/ide/plugins/com.nxp.mcuxpresso.tools.macosx_11.7.0.202209140929/tools/bin/../lib/gcc/arm-none-eabi/10.3.1/../../../../arm-none-eabi/lib/thumb/v6-m/nofp/libcr_c.a(_writebuf.o)
                              /Applications/MCUXpressoIDE_11.7.0_9198/ide/plugins/com.nxp.mcuxpresso.tools.macosx_11.7.0.202209140929/tools/bin/../lib/gcc/arm-none-eabi/10.3.1/../../../../arm-none-eabi/lib/thumb/v6-m/nofp/libcr_c.a(_deferredlazyseek.o) (_Cwritebuf)
/Applications/MCUXpressoIDE_11.7.0_9198/ide/plugins/com.nxp.mcuxpresso.tools.macosx_11.7.0.202209140929/tools/bin/../lib/gcc/arm-none-eabi/10.3.1/../../../../arm-none-eabi/lib/thumb/v6-m/nofp/libcr_c.a(alloc.o)
                              /Applications/MCUXpressoIDE_11.7.0_9198/ide/plugins/com.nxp.mcuxpresso.tools.macosx_11.7.0.202209140929/tools/bin/../lib/gcc/arm-none-eabi/10.3.1/../../../../arm-none-eabi/lib/thumb/v6-m/nofp/libcr_c.a(printf.o) (malloc)
[...]
Memory Configuration

Name             Origin             Length             Attributes
PROGRAM_FLASH    0x0000000000000000 0x0000000000020000 xr
SRAM             0x000000001ffff000 0x0000000000004000 xrw
*default*        0x0000000000000000 0xffffffffffffffff

Linker script and memory map

LOAD ./utilities/fsl_debug_console.o
LOAD ./startup/startup_mkl25z4.o
LOAD ./source/assembly_ISHAProcessMessageBlock.o
LOAD ./source/isha.o
LOAD ./source/main.o
LOAD ./source/mtb.o
LOAD ./source/pbkdf2.o
LOAD ./source/pbkdf2_test.o
LOAD ./source/semihost_hardfault.o
LOAD ./source/ticktime.o
LOAD ./drivers/fsl_clock.o
LOAD ./drivers/fsl_common.o
LOAD ./drivers/fsl_flash.o
LOAD ./drivers/fsl_gpio.o
LOAD ./drivers/fsl_lpsci.o
LOAD ./drivers/fsl_smc.o
LOAD ./drivers/fsl_uart.o
LOAD ./board/board.o
LOAD ./board/clock_config.o
LOAD ./board/peripherals.o
LOAD ./board/pin_mux.o
LOAD ./CMSIS/system_MKL25Z4.o
START GROUP
LOAD /Applications/MCUXpressoIDE_11.7.0_9198/ide/plugins/com.nxp.mcuxpresso.tools.macosx_11.7.0.202209140929/tools/bin/../lib/gcc/arm-none-eabi/10.3.1/../../../../arm-none-eabi/lib/thumb/v6-m/nofp/libcr_nohost_nf.a
LOAD /Applications/MCUXpressoIDE_11.7.0_9198/ide/plugins/com.nxp.mcuxpresso.tools.macosx_11.7.0.202209140929/tools/bin/../lib/gcc/arm-none-eabi/10.3.1/../../../../arm-none-eabi/lib/thumb/v6-m/nofp/libcr_c.a
LOAD /Applications/MCUXpressoIDE_11.7.0_9198/ide/plugins/com.nxp.mcuxpresso.tools.macosx_11.7.0.202209140929/tools/bin/../lib/gcc/arm-none-eabi/10.3.1/thumb/v6-m/nofp/libcr_eabihelpers.a
LOAD /Applications/MCUXpressoIDE_11.7.0_9198/ide/plugins/com.nxp.mcuxpresso.tools.macosx_11.7.0.202209140929/tools/bin/../lib/gcc/arm-none-eabi/10.3.1/thumb/v6-m/nofp/libgcc.a
END GROUP
                0x0000000000000000                __base_PROGRAM_FLASH = 0x0
                0x0000000000000000                __base_Flash = 0x0
                0x0000000000020000                __top_PROGRAM_FLASH = 0x20000
                0x0000000000020000                __top_Flash = 0x20000
                0x000000001ffff000                __base_SRAM = 0x1ffff000
                0x000000001ffff000                __base_RAM = 0x1ffff000
                0x0000000020003000                __top_SRAM = 0x20003000
                0x0000000020003000                __top_RAM = 0x20003000

.text           0x0000000000000000     0x4994
 FILL mask 0xff
                0x0000000000000000                __vectors_start__ = ABSOLUTE (.)
 *(SORT_BY_ALIGNMENT(.isr_vector))
 .isr_vector    0x0000000000000000       0xc0 ./startup/startup_mkl25z4.o
                0x0000000000000000                __Vectors
                0x0000000000000000                g_pfnVectors
                0x00000000000000c0                . = ALIGN (0x4)
                0x00000000000000c0                __section_table_start = .
                0x00000000000000c0                __data_section_table = .
                0x00000000000000c0        0x4 LONG 0x4994 LOADADDR (.data)
                0x00000000000000c4        0x4 LONG 0x1ffff080 ADDR (.data)
                0x00000000000000c8        0x4 LONG 0xc SIZEOF (.data)
                0x00000000000000cc                __data_section_table_end = .
                0x00000000000000cc                __bss_section_table = .
                0x00000000000000cc        0x4 LONG 0x1ffff08c ADDR (.bss)
                0x00000000000000d0        0x4 LONG 0x244 SIZEOF (.bss)
                0x00000000000000d4                __bss_section_table_end = .
                0x00000000000000d4                __section_table_end = .
 *(SORT_BY_ALIGNMENT(.after_vectors*))
 .after_vectors.reset
                0x00000000000000d4       0x84 ./startup/startup_mkl25z4.o
                0x00000000000000d4                ResetISR
 .after_vectors.init_data
                0x0000000000000158       0x42 ./startup/startup_mkl25z4.o
                0x0000000000000158                data_init
 .after_vectors.init_bss
                0x000000000000019a       0x36 ./startup/startup_mkl25z4.o
                0x000000000000019a                bss_init
 .after_vectors
                0x00000000000001d0      0x1e4 ./startup/startup_mkl25z4.o
                0x00000000000001d0                NMI_Handler
                0x00000000000001dc                SVC_Handler
                0x00000000000001e2                PendSV_Handler
                0x00000000000001ee                DMA0_DriverIRQHandler
                0x00000000000001ee                SPI1_DriverIRQHandler
                0x00000000000001ee                LPTMR0_DriverIRQHandler
                0x00000000000001ee                I2C0_DriverIRQHandler
                0x00000000000001ee                PORTD_DriverIRQHandler
                0x00000000000001ee                DMA2_DriverIRQHandler
                0x00000000000001ee                TPM2_DriverIRQHandler
                0x00000000000001ee                CMP0_DriverIRQHandler
                0x00000000000001ee                ADC0_DriverIRQHandler
                0x00000000000001ee                TSI0_DriverIRQHandler
                0x00000000000001ee                RTC_Seconds_DriverIRQHandler
                0x00000000000001ee                SPI0_DriverIRQHandler
                0x00000000000001ee                I2C1_DriverIRQHandler
                0x00000000000001ee                LLWU_DriverIRQHandler
                0x00000000000001ee                MCG_DriverIRQHandler
                0x00000000000001ee                DMA1_DriverIRQHandler
                0x00000000000001ee                DMA3_DriverIRQHandler
                0x00000000000001ee                Reserved39_DriverIRQHandler
                0x00000000000001ee                PIT_DriverIRQHandler
                0x00000000000001ee                Reserved45_DriverIRQHandler
                0x00000000000001ee                FTFA_DriverIRQHandler
                0x00000000000001ee                IntDefaultHandler
                0x00000000000001ee                USB0_DriverIRQHandler
                0x00000000000001ee                DAC0_DriverIRQHandler
                0x00000000000001ee                RTC_DriverIRQHandler
                0x00000000000001ee                LVD_LVW_DriverIRQHandler
                0x00000000000001ee                TPM0_DriverIRQHandler
                0x00000000000001ee                TPM1_DriverIRQHandler
                0x00000000000001ee                PORTA_DriverIRQHandler
                0x00000000000001ee                Reserved20_DriverIRQHandler
                0x00000000000001f4                DMA0_IRQHandler
                0x0000000000000202                DMA1_IRQHandler
                0x0000000000000210                DMA2_IRQHandler
                0x000000000000021e                DMA3_IRQHandler
                0x000000000000022c                Reserved20_IRQHandler
                0x000000000000023a                FTFA_IRQHandler
                0x0000000000000248                LVD_LVW_IRQHandler
                0x0000000000000256                LLWU_IRQHandler
                0x0000000000000264                I2C0_IRQHandler
                0x0000000000000272                I2C1_IRQHandler
                0x0000000000000280                SPI0_IRQHandler
                0x000000000000028e                SPI1_IRQHandler
                0x000000000000029c                UART0_IRQHandler
                0x00000000000002aa                UART1_IRQHandler
                0x00000000000002b8                UART2_IRQHandler
                0x00000000000002c6                ADC0_IRQHandler
                0x00000000000002d4                CMP0_IRQHandler
                0x00000000000002e2                TPM0_IRQHandler
                0x00000000000002f0                TPM1_IRQHandler
                0x00000000000002fe                TPM2_IRQHandler
                0x000000000000030c                RTC_IRQHandler
                0x000000000000031a                RTC_Seconds_IRQHandler
                0x0000000000000328                PIT_IRQHandler
                0x0000000000000336                Reserved39_IRQHandler
                0x0000000000000344                USB0_IRQHandler
                0x0000000000000352                DAC0_IRQHandler
                0x0000000000000360                TSI0_IRQHandler
                0x000000000000036e                MCG_IRQHandler
                0x000000000000037c                LPTMR0_IRQHandler
                0x000000000000038a                Reserved45_IRQHandler
                0x0000000000000398                PORTA_IRQHandler
                0x00000000000003a6                PORTD_IRQHandler
                0x0000000000000400                . = 0x400
 *fill*         0x00000000000003b4       0x4c ff
                0x0000000000000400                PROVIDE (__FLASH_CONFIG_START__ = .)
 *(SORT_BY_ALIGNMENT(.FlashConfig))
 .FlashConfig   0x0000000000000400       0x10 ./startup/startup_mkl25z4.o
                0x0000000000000400                Flash_Config
                0x0000000000000410                PROVIDE (__FLASH_CONFIG_END__ = .)
                0x0000000000000001                ASSERT (! ((__FLASH_CONFIG_START__ == __FLASH_CONFIG_END__)), Linker Flash Config Support Enabled, but no .FlashConfig section provided within application)
 *(SORT_BY_ALIGNMENT(.text*))
 .text.DbgConsole_Init
                0x0000000000000410       0xf4 ./utilities/fsl_debug_console.o
                0x0000000000000410                DbgConsole_Init
 .text.__sys_write
                0x0000000000000504       0x58 ./utilities/fsl_debug_console.o
                0x0000000000000504                __sys_write
 .text.ISHAReset
                0x000000000000055c       0x5c ./source/isha.o
                0x000000000000055c                ISHAReset
 .text.time_pbkdf2_hmac_isha
                0x00000000000005b8      0x134 ./source/main.o
 .text.run_tests
                0x00000000000006ec       0x78 ./source/main.o
 .text.main     0x0000000000000764       0x4c ./source/main.o
                0x0000000000000764                main
 .text.hmac_isha
                0x00000000000007b0      0x14c ./source/pbkdf2.o
                0x00000000000007b0                hmac_isha
 .text.F        0x00000000000008fc       0xc8 ./source/pbkdf2.o
 .text.pbkdf2_hmac_isha
                0x00000000000009c4       0xa8 ./source/pbkdf2.o
                0x00000000000009c4                pbkdf2_hmac_isha
 .text.test_isha
                0x0000000000000a6c      0x23c ./source/pbkdf2_test.o
                0x0000000000000a6c                test_isha
 .text.test_hmac_isha
                0x0000000000000ca8      0x110 ./source/pbkdf2_test.o
                0x0000000000000ca8                test_hmac_isha
 .text.test_pbkdf2_hmac_isha
                0x0000000000000db8      0x1f8 ./source/pbkdf2_test.o
                0x0000000000000db8                test_pbkdf2_hmac_isha
 .text.HardFault_Handler
                0x0000000000000fb0       0x30 ./source/semihost_hardfault.o
                0x0000000000000fb0                HardFault_Handler
 .text.NVIC_EnableIRQ
                0x0000000000000fe0       0x2c ./source/ticktime.o
 .text.NVIC_ClearPendingIRQ
                0x000000000000100c       0x30 ./source/ticktime.o
 .text.NVIC_SetPriority
                0x000000000000103c       0xdc ./source/ticktime.o
 .text.init_ticktime
                0x0000000000001118       0x68 ./source/ticktime.o
                0x0000000000001118                init_ticktime
 .text.SysTick_Handler
                0x0000000000001180       0x18 ./source/ticktime.o
                0x0000000000001180                SysTick_Handler
 .text.reset_timer
                0x0000000000001198       0x1c ./source/ticktime.o
                0x0000000000001198                reset_timer
 .text.get_timer
                0x00000000000011b4       0x1c ./source/ticktime.o
                0x00000000000011b4                get_timer
 .text.CLOCK_SetEr32kClock
                0x00000000000011d0       0x34 ./drivers/fsl_clock.o
 .text.CLOCK_SetPllFllSelClock
                0x0000000000001204       0x38 ./drivers/fsl_clock.o
 .text.CLOCK_GetMcgExtClkFreq
                0x000000000000123c       0x14 ./drivers/fsl_clock.o
 .text.CLOCK_GetFllExtRefClkFreq
                0x0000000000001250       0xa8 ./drivers/fsl_clock.o
 .text.CLOCK_GetFllRefClkFreq
                0x00000000000012f8       0x2c ./drivers/fsl_clock.o
 .text.CLOCK_GetOscRangeFromFreq
                0x0000000000001324       0x4c ./drivers/fsl_clock.o
 .text.CLOCK_GetPllFllSelClkFreq
                0x0000000000001370       0x4c ./drivers/fsl_clock.o
                0x0000000000001370                CLOCK_GetPllFllSelClkFreq
 .text.CLOCK_SetSimConfig
                0x00000000000013bc       0x38 ./drivers/fsl_clock.o
                0x00000000000013bc                CLOCK_SetSimConfig
 .text.CLOCK_GetFllFreq
                0x00000000000013f4       0x84 ./drivers/fsl_clock.o
                0x00000000000013f4                CLOCK_GetFllFreq
 .text.CLOCK_GetPll0Freq
                0x0000000000001478       0x60 ./drivers/fsl_clock.o
                0x0000000000001478                CLOCK_GetPll0Freq
 .text.CLOCK_SetInternalRefClkConfig
                0x00000000000014d8      0x124 ./drivers/fsl_clock.o
                0x00000000000014d8                CLOCK_SetInternalRefClkConfig
 .text.CLOCK_EnablePll0
                0x00000000000015fc       0x80 ./drivers/fsl_clock.o
                0x00000000000015fc                CLOCK_EnablePll0
 .text.CLOCK_InitOsc0
                0x000000000000167c       0x94 ./drivers/fsl_clock.o
                0x000000000000167c                CLOCK_InitOsc0
 .text.CLOCK_SetPbeMode
                0x0000000000001710       0xa0 ./drivers/fsl_clock.o
                0x0000000000001710                CLOCK_SetPbeMode
 .text.CLOCK_BootToPeeMode
                0x00000000000017b0       0x5c ./drivers/fsl_clock.o
                0x00000000000017b0                CLOCK_BootToPeeMode
 .text.CLOCK_EnableClock
                0x000000000000180c       0x34 ./drivers/fsl_lpsci.o
 .text.LPSCI_GetInstance
                0x0000000000001840       0x34 ./drivers/fsl_lpsci.o
                0x0000000000001840                LPSCI_GetInstance
 .text.LPSCI_Init
                0x0000000000001874      0x234 ./drivers/fsl_lpsci.o
                0x0000000000001874                LPSCI_Init
 .text.LPSCI_ClearStatusFlags
                0x0000000000001aa8       0x94 ./drivers/fsl_lpsci.o
                0x0000000000001aa8                LPSCI_ClearStatusFlags
 .text.LPSCI_ReadBlocking
                0x0000000000001b3c       0xb0 ./drivers/fsl_lpsci.o
                0x0000000000001b3c                LPSCI_ReadBlocking
 .text.UART0_DriverIRQHandler
                0x0000000000001bec       0x24 ./drivers/fsl_lpsci.o
                0x0000000000001bec                UART0_DriverIRQHandler
 .text.CLOCK_EnableClock
                0x0000000000001c10       0x34 ./drivers/fsl_uart.o
 .text.UART_GetInstance
                0x0000000000001c44       0x40 ./drivers/fsl_uart.o
                0x0000000000001c44                UART_GetInstance
 .text.UART_Init
                0x0000000000001c84      0x1b8 ./drivers/fsl_uart.o
                0x0000000000001c84                UART_Init
 .text.UART_ReadBlocking
                0x0000000000001e3c       0x88 ./drivers/fsl_uart.o
                0x0000000000001e3c                UART_ReadBlocking
 .text.UART1_DriverIRQHandler
                0x0000000000001ec4       0x24 ./drivers/fsl_uart.o
                0x0000000000001ec4                UART1_DriverIRQHandler
 .text.UART2_DriverIRQHandler
                0x0000000000001ee8       0x24 ./drivers/fsl_uart.o
                0x0000000000001ee8                UART2_DriverIRQHandler
 .text.CLOCK_SetLpsci0Clock
                0x0000000000001f0c       0x38 ./board/board.o
 .text.BOARD_InitDebugConsole
                0x0000000000001f44       0x30 ./board/board.o
                0x0000000000001f44                BOARD_InitDebugConsole
 .text.CLOCK_SetSimSafeDivs
                0x0000000000001f74       0x20 ./board/clock_config.o
 .text.CLOCK_SetXtal0Freq
                0x0000000000001f94       0x1c ./board/clock_config.o
 .text.CLOCK_CONFIG_SetFllExtRefDiv
                0x0000000000001fb0       0x3c ./board/clock_config.o
 .text.BOARD_BootClockRUN
                0x0000000000001fec       0x64 ./board/clock_config.o
                0x0000000000001fec                BOARD_BootClockRUN
 .text.CLOCK_EnableClock
                0x0000000000002050       0x34 ./board/pin_mux.o
 .text.PORT_SetPinMux
                0x0000000000002084       0x40 ./board/pin_mux.o
 .text.BOARD_InitPins
                0x00000000000020c4       0x4c ./board/pin_mux.o
                0x00000000000020c4                BOARD_InitPins
 .text.SystemInit
                0x0000000000002110       0x18 ./CMSIS/system_MKL25Z4.o
                0x0000000000002110                SystemInit
 .text._initio  0x0000000000002128       0x7c /Applications/MCUXpressoIDE_11.7.0_9198/ide/plugins/com.nxp.mcuxpresso.tools.macosx_11.7.0.202209140929/tools/bin/../lib/gcc/arm-none-eabi/10.3.1/../../../../arm-none-eabi/lib/thumb/v6-m/nofp/libcr_c.a(initio.o)
                0x0000000000002128                _initio
 .text._terminateio
                0x00000000000021a4       0x50 /Applications/MCUXpressoIDE_11.7.0_9198/ide/plugins/com.nxp.mcuxpresso.tools.macosx_11.7.0.202209140929/tools/bin/../lib/gcc/arm-none-eabi/10.3.1/../../../../arm-none-eabi/lib/thumb/v6-m/nofp/libcr_c.a(initio.o)
                0x00000000000021a4                _terminateio
 .text.__vfprintf
                0x00000000000021f4      0xd40 /Applications/MCUXpressoIDE_11.7.0_9198/ide/plugins/com.nxp.mcuxpresso.tools.macosx_11.7.0.202209140929/tools/bin/../lib/gcc/arm-none-eabi/10.3.1/../../../../arm-none-eabi/lib/thumb/v6-m/nofp/libcr_c.a(printf.o)
                0x00000000000021f4                __vfprintf
 .text._vsnprintf
                0x0000000000002f34       0x70 /Applications/MCUXpressoIDE_11.7.0_9198/ide/plugins/com.nxp.mcuxpresso.tools.macosx_11.7.0.202209140929/tools/bin/../lib/gcc/arm-none-eabi/10.3.1/../../../../arm-none-eabi/lib/thumb/v6-m/nofp/libcr_c.a(printf.o)
                0x0000000000002f34                _vsnprintf
 .text._printf  0x0000000000002fa4       0x50 /Applications/MCUXpressoIDE_11.7.0_9198/ide/plugins/com.nxp.mcuxpresso.tools.macosx_11.7.0.202209140929/tools/bin/../lib/gcc/arm-none-eabi/10.3.1/../../../../arm-none-eabi/lib/thumb/v6-m/nofp/libcr_c.a(printf.o)
                0x0000000000002fa4                _printf
 .text.setvbuf  0x0000000000002ff4       0x4c /Applications/MCUXpressoIDE_11.7.0_9198/ide/plugins/com.nxp.mcuxpresso.tools.macosx_11.7.0.202209140929/tools/bin/../lib/gcc/arm-none-eabi/10.3.1/../../../../arm-none-eabi/lib/thumb/v6-m/nofp/libcr_c.a(setvbuf.o)
                0x0000000000002ff4                setvbuf
 .text.exit     0x0000000000003040       0x2c /Applications/MCUXpressoIDE_11.7.0_9198/ide/plugins/com.nxp.mcuxpresso.tools.macosx_11.7.0.202209140929/tools/bin/../lib/gcc/arm-none-eabi/10.3.1/../../../../arm-none-eabi/lib/thumb/v6-m/nofp/libcr_c.a(stdlib.o)
                0x0000000000003040                exit
 .text.strlen   0x000000000000306c       0x58 /Applications/MCUXpressoIDE_11.7.0_9198/ide/plugins/com.nxp.mcuxpresso.tools.macosx_11.7.0.202209140929/tools/bin/../lib/gcc/arm-none-eabi/10.3.1/../../../../arm-none-eabi/lib/thumb/v6-m/nofp/libcr_c.a(strlen.o)
                0x000000000000306c                strlen
 .text._deferredlazyseek
                0x00000000000030c4       0x40 /Applications/MCUXpressoIDE_11.7.0_9198/ide/plugins/com.nxp.mcuxpresso.tools.macosx_11.7.0.202209140929/tools/bin/../lib/gcc/arm-none-eabi/10.3.1/../../../../arm-none-eabi/lib/thumb/v6-m/nofp/libcr_c.a(_deferredlazyseek.o)
                0x00000000000030c4                _deferredlazyseek
 .text.__flsbuf
                0x0000000000003104      0x150 /Applications/MCUXpressoIDE_11.7.0_9198/ide/plugins/com.nxp.mcuxpresso.tools.macosx_11.7.0.202209140929/tools/bin/../lib/gcc/arm-none-eabi/10.3.1/../../../../arm-none-eabi/lib/thumb/v6-m/nofp/libcr_c.a(_deferredlazyseek.o)
                0x0000000000003104                __flsbuf
 .text._fdopen  0x0000000000003254       0x74 /Applications/MCUXpressoIDE_11.7.0_9198/ide/plugins/com.nxp.mcuxpresso.tools.macosx_11.7.0.202209140929/tools/bin/../lib/gcc/arm-none-eabi/10.3.1/../../../../arm-none-eabi/lib/thumb/v6-m/nofp/libcr_c.a(_fdopen.o)
                0x0000000000003254                _fdopen
 .text._fflush  0x00000000000032c8       0x60 /Applications/MCUXpressoIDE_11.7.0_9198/ide/plugins/com.nxp.mcuxpresso.tools.macosx_11.7.0.202209140929/tools/bin/../lib/gcc/arm-none-eabi/10.3.1/../../../../arm-none-eabi/lib/thumb/v6-m/nofp/libcr_c.a(_fflush.o)
                0x00000000000032c8                _fflush
 .text._Cwritebuf
                0x0000000000003328       0x68 /Applications/MCUXpressoIDE_11.7.0_9198/ide/plugins/com.nxp.mcuxpresso.tools.macosx_11.7.0.202209140929/tools/bin/../lib/gcc/arm-none-eabi/10.3.1/../../../../arm-none-eabi/lib/thumb/v6-m/nofp/libcr_c.a(_writebuf.o)
                0x0000000000003328                _Cwritebuf
 .text.malloc   0x0000000000003390       0xcc /Applications/MCUXpressoIDE_11.7.0_9198/ide/plugins/com.nxp.mcuxpresso.tools.macosx_11.7.0.202209140929/tools/bin/../lib/gcc/arm-none-eabi/10.3.1/../../../../arm-none-eabi/lib/thumb/v6-m/nofp/libcr_c.a(alloc.o)
                0x0000000000003390                malloc
 .text._Csys_alloc
                0x000000000000345c       0x20 /Applications/MCUXpressoIDE_11.7.0_9198/ide/plugins/com.nxp.mcuxpresso.tools.macosx_11.7.0.202209140929/tools/bin/../lib/gcc/arm-none-eabi/10.3.1/../../../../arm-none-eabi/lib/thumb/v6-m/nofp/libcr_c.a(alloc.o)
                0x000000000000345c                _Csys_alloc
 .text.fclose   0x000000000000347c       0x5c /Applications/MCUXpressoIDE_11.7.0_9198/ide/plugins/com.nxp.mcuxpresso.tools.macosx_11.7.0.202209140929/tools/bin/../lib/gcc/arm-none-eabi/10.3.1/../../../../arm-none-eabi/lib/thumb/v6-m/nofp/libcr_c.a(fclose.o)
                0x000000000000347c                fclose
 .text.fflush   0x00000000000034d8       0x44 /Applications/MCUXpressoIDE_11.7.0_9198/ide/plugins/com.nxp.mcuxpresso.tools.macosx_11.7.0.202209140929/tools/bin/../lib/gcc/arm-none-eabi/10.3.1/../../../../arm-none-eabi/lib/thumb/v6-m/nofp/libcr_c.a(fflush.o)
                0x00000000000034d8                fflush
 .text.fseek    0x000000000000351c       0xf0 /Applications/MCUXpressoIDE_11.7.0_9198/ide/plugins/com.nxp.mcuxpresso.tools.macosx_11.7.0.202209140929/tools/bin/../lib/gcc/arm-none-eabi/10.3.1/../../../../arm-none-eabi/lib/thumb/v6-m/nofp/libcr_c.a(fseek.o)
                0x000000000000351c                fseek
 .text.ftell    0x000000000000360c       0x48 /Applications/MCUXpressoIDE_11.7.0_9198/ide/plugins/com.nxp.mcuxpresso.tools.macosx_11.7.0.202209140929/tools/bin/../lib/gcc/arm-none-eabi/10.3.1/../../../../arm-none-eabi/lib/thumb/v6-m/nofp/libcr_c.a(ftell.o)
                0x000000000000360c                ftell
 .text._sbrk    0x0000000000003654       0x44 /Applications/MCUXpressoIDE_11.7.0_9198/ide/plugins/com.nxp.mcuxpresso.tools.macosx_11.7.0.202209140929/tools/bin/../lib/gcc/arm-none-eabi/10.3.1/../../../../arm-none-eabi/lib/thumb/v6-m/nofp/libcr_c.a(_cr_sbrk.o)
                0x0000000000003654                _sbrk
 .text._do_fflush
                0x0000000000003698       0x48 /Applications/MCUXpressoIDE_11.7.0_9198/ide/plugins/com.nxp.mcuxpresso.tools.macosx_11.7.0.202209140929/tools/bin/../lib/gcc/arm-none-eabi/10.3.1/../../../../arm-none-eabi/lib/thumb/v6-m/nofp/libcr_c.a(_do_fflush.o)
                0x0000000000003698                _do_fflush
 .text.__check_heap_overflow
                0x00000000000036e0       0x18 /Applications/MCUXpressoIDE_11.7.0_9198/ide/plugins/com.nxp.mcuxpresso.tools.macosx_11.7.0.202209140929/tools/bin/../lib/gcc/arm-none-eabi/10.3.1/../../../../arm-none-eabi/lib/thumb/v6-m/nofp/libcr_c.a(_cr_check_heap.o)
                0x00000000000036e0                __check_heap_overflow
 .text.UART_EnableTx
                0x00000000000036f8       0x40 ./utilities/fsl_debug_console.o
 .text.UART_EnableRx
                0x0000000000003738       0x40 ./utilities/fsl_debug_console.o
 .text.LPSCI_EnableTx
                0x0000000000003778       0x40 ./utilities/fsl_debug_console.o
 .text.LPSCI_EnableRx
                0x00000000000037b8       0x40 ./utilities/fsl_debug_console.o
 .text          0x00000000000037f8       0x9c ./source/assembly_ISHAProcessMessageBlock.o
                0x00000000000037f8                ISHAProcessMessageBlock
 .text.ISHAPadMessage
                0x0000000000003894       0x9a ./source/isha.o
 .text.ISHAResult
                0x000000000000392e       0x62 ./source/isha.o
                0x000000000000392e                ISHAResult
 .text.ISHAInput
                0x0000000000003990       0x58 ./source/isha.o
                0x0000000000003990                ISHAInput
 .text.cmp_bin  0x00000000000039e8       0x42 ./source/pbkdf2_test.o
                0x00000000000039e8                cmp_bin
 .text.hexdigit_to_int
                0x0000000000003a2a       0x62 ./source/pbkdf2_test.o
 .text.hexstr_to_bytes
                0x0000000000003a8c       0x64 ./source/pbkdf2_test.o
                0x0000000000003a8c                hexstr_to_bytes
 .text.OSC_SetExtRefClkConfig
                0x0000000000003af0       0x3e ./drivers/fsl_clock.o
 .text.OSC_SetCapLoad
                0x0000000000003b2e       0x42 ./drivers/fsl_clock.o
 .text.CLOCK_GetPll0RefFreq
                0x0000000000003b70       0x10 ./drivers/fsl_clock.o
 .text.CLOCK_SetExternalRefClkConfig
                0x0000000000003b80       0x16 ./drivers/fsl_clock.o
                0x0000000000003b80                CLOCK_SetExternalRefClkConfig
 .text.LPSCI_GetDefaultConfig
                0x0000000000003b96       0x30 ./drivers/fsl_lpsci.o
                0x0000000000003b96                LPSCI_GetDefaultConfig
 .text.LPSCI_GetStatusFlags
                0x0000000000003bc6       0x26 ./drivers/fsl_lpsci.o
                0x0000000000003bc6                LPSCI_GetStatusFlags
 .text.LPSCI_WriteBlocking
                0x0000000000003bec       0x3c ./drivers/fsl_lpsci.o
                0x0000000000003bec                LPSCI_WriteBlocking
 .text.UART_GetDefaultConfig
                0x0000000000003c28       0x30 ./drivers/fsl_uart.o
                0x0000000000003c28                UART_GetDefaultConfig
 .text.UART_GetStatusFlags
                0x0000000000003c58       0x26 ./drivers/fsl_uart.o
                0x0000000000003c58                UART_GetStatusFlags
 .text.UART_WriteBlocking
                0x0000000000003c7e       0x3c ./drivers/fsl_uart.o
                0x0000000000003c7e                UART_WriteBlocking
 .text.BOARD_InitBootClocks
                0x0000000000003cba        0xe ./board/clock_config.o
                0x0000000000003cba                BOARD_InitBootClocks
 .text.BOARD_InitBootPeripherals
                0x0000000000003cc8        0xa ./board/peripherals.o
                0x0000000000003cc8                BOARD_InitBootPeripherals
 .text.BOARD_InitBootPins
                0x0000000000003cd2        0xe ./board/pin_mux.o
                0x0000000000003cd2                BOARD_InitBootPins
 .text.__main   0x0000000000003ce0        0xc /Applications/MCUXpressoIDE_11.7.0_9198/ide/plugins/com.nxp.mcuxpresso.tools.macosx_11.7.0.202209140929/tools/bin/../lib/gcc/arm-none-eabi/10.3.1/../../../../arm-none-eabi/lib/thumb/v6-m/nofp/libcr_nohost_nf.a(_cr__main.o)
                0x0000000000003ce0                __main
 .text.memcpy   0x0000000000003cec        0x8 /Applications/MCUXpressoIDE_11.7.0_9198/ide/plugins/com.nxp.mcuxpresso.tools.macosx_11.7.0.202209140929/tools/bin/../lib/gcc/arm-none-eabi/10.3.1/../../../../arm-none-eabi/lib/thumb/v6-m/nofp/libcr_c.a(memcpy.o)
                0x0000000000003cec                memcpy
 .text.memset   0x0000000000003cf4        0x8 /Applications/MCUXpressoIDE_11.7.0_9198/ide/plugins/com.nxp.mcuxpresso.tools.macosx_11.7.0.202209140929/tools/bin/../lib/gcc/arm-none-eabi/10.3.1/../../../../arm-none-eabi/lib/thumb/v6-m/nofp/libcr_c.a(memset.o)
                0x0000000000003cf4                memset
 .text.no_fp_display
                0x0000000000003cfc        0x4 /Applications/MCUXpressoIDE_11.7.0_9198/ide/plugins/com.nxp.mcuxpresso.tools.macosx_11.7.0.202209140929/tools/bin/../lib/gcc/arm-none-eabi/10.3.1/../../../../arm-none-eabi/lib/thumb/v6-m/nofp/libcr_c.a(printf.o)
 .text.free     0x0000000000003d00       0x2c /Applications/MCUXpressoIDE_11.7.0_9198/ide/plugins/com.nxp.mcuxpresso.tools.macosx_11.7.0.202209140929/tools/bin/../lib/gcc/arm-none-eabi/10.3.1/../../../../arm-none-eabi/lib/thumb/v6-m/nofp/libcr_c.a(alloc.o)
                0x0000000000003d00                free
 .text.remove   0x0000000000003d2c       0x12 /Applications/MCUXpressoIDE_11.7.0_9198/ide/plugins/com.nxp.mcuxpresso.tools.macosx_11.7.0.202209140929/tools/bin/../lib/gcc/arm-none-eabi/10.3.1/../../../../arm-none-eabi/lib/thumb/v6-m/nofp/libcr_c.a(remove.o)
                0x0000000000003d2c                remove
 .text.__aeabi_division_idivmod
                0x0000000000003d3e       0x78 /Applications/MCUXpressoIDE_11.7.0_9198/ide/plugins/com.nxp.mcuxpresso.tools.macosx_11.7.0.202209140929/tools/bin/../lib/gcc/arm-none-eabi/10.3.1/thumb/v6-m/nofp/libcr_eabihelpers.a(division_32.o)
                0x0000000000003d3e                __aeabi_idiv
                0x0000000000003d3e                __aeabi_idivmod
                0x0000000000003d44                __aeabi_uidiv
                0x0000000000003d44                __aeabi_uidivmod
 .text.__aeabi_division_idiv0
                0x0000000000003db6        0x2 /Applications/MCUXpressoIDE_11.7.0_9198/ide/plugins/com.nxp.mcuxpresso.tools.macosx_11.7.0.202209140929/tools/bin/../lib/gcc/arm-none-eabi/10.3.1/thumb/v6-m/nofp/libcr_eabihelpers.a(division_idiv0.o)
                0x0000000000003db6                __aeabi_idiv0
 .text.__aeabi_llong_lmul
                0x0000000000003db8       0x2e /Applications/MCUXpressoIDE_11.7.0_9198/ide/plugins/com.nxp.mcuxpresso.tools.macosx_11.7.0.202209140929/tools/bin/../lib/gcc/arm-none-eabi/10.3.1/thumb/v6-m/nofp/libcr_eabihelpers.a(llong.o)
                0x0000000000003db8                __aeabi_lmul
 .text.__aeabi_memcpy
                0x0000000000003de6       0x2c /Applications/MCUXpressoIDE_11.7.0_9198/ide/plugins/com.nxp.mcuxpresso.tools.macosx_11.7.0.202209140929/tools/bin/../lib/gcc/arm-none-eabi/10.3.1/thumb/v6-m/nofp/libcr_eabihelpers.a(memcpy.o)
                0x0000000000003de6                __aeabi_memcpy
                0x0000000000003de6                __aeabi_memcpy4
                0x0000000000003de6                __aeabi_memcpy8
 .text.__aeabi_memset_lowlevel
                0x0000000000003e12       0x2a /Applications/MCUXpressoIDE_11.7.0_9198/ide/plugins/com.nxp.mcuxpresso.tools.macosx_11.7.0.202209140929/tools/bin/../lib/gcc/arm-none-eabi/10.3.1/thumb/v6-m/nofp/libcr_eabihelpers.a(memcpy.o)
                0x0000000000003e12                __aeabi_lowlevel_memset
 .text.__gnu_thumb1_case_shi
                0x0000000000003e3c       0x10 /Applications/MCUXpressoIDE_11.7.0_9198/ide/plugins/com.nxp.mcuxpresso.tools.macosx_11.7.0.202209140929/tools/bin/../lib/gcc/arm-none-eabi/10.3.1/thumb/v6-m/nofp/libcr_eabihelpers.a(thumb1_switch_helpers.o)
                0x0000000000003e3c                __gnu_thumb1_case_shi
 .text.__sys_appexit
                0x0000000000003e4c        0x2 /Applications/MCUXpressoIDE_11.7.0_9198/ide/plugins/com.nxp.mcuxpresso.tools.macosx_11.7.0.202209140929/tools/bin/../lib/gcc/arm-none-eabi/10.3.1/../../../../arm-none-eabi/lib/thumb/v6-m/nofp/libcr_nohost_nf.a(__sys_appexit.o)
                0x0000000000003e4c                __exit
                0x0000000000003e4c                __sys_appexit
 .text.__sys_close
                0x0000000000003e4e        0x6 /Applications/MCUXpressoIDE_11.7.0_9198/ide/plugins/com.nxp.mcuxpresso.tools.macosx_11.7.0.202209140929/tools/bin/../lib/gcc/arm-none-eabi/10.3.1/../../../../arm-none-eabi/lib/thumb/v6-m/nofp/libcr_nohost_nf.a(__sys_close.o)
                0x0000000000003e4e                __sys_close
 .text.__sys_flen
                0x0000000000003e54        0x6 /Applications/MCUXpressoIDE_11.7.0_9198/ide/plugins/com.nxp.mcuxpresso.tools.macosx_11.7.0.202209140929/tools/bin/../lib/gcc/arm-none-eabi/10.3.1/../../../../arm-none-eabi/lib/thumb/v6-m/nofp/libcr_nohost_nf.a(__sys_flen.o)
                0x0000000000003e54                __sys_flen
 .text.__sys_istty
                0x0000000000003e5a        0x6 /Applications/MCUXpressoIDE_11.7.0_9198/ide/plugins/com.nxp.mcuxpresso.tools.macosx_11.7.0.202209140929/tools/bin/../lib/gcc/arm-none-eabi/10.3.1/../../../../arm-none-eabi/lib/thumb/v6-m/nofp/libcr_nohost_nf.a(__sys_istty.o)
                0x0000000000003e5a                __sys_istty
 .text.__sys_remove
                0x0000000000003e60        0x6 /Applications/MCUXpressoIDE_11.7.0_9198/ide/plugins/com.nxp.mcuxpresso.tools.macosx_11.7.0.202209140929/tools/bin/../lib/gcc/arm-none-eabi/10.3.1/../../../../arm-none-eabi/lib/thumb/v6-m/nofp/libcr_nohost_nf.a(__sys_remove.o)
                0x0000000000003e60                __sys_remove
 .text.__sys_seek
                0x0000000000003e66        0x6 /Applications/MCUXpressoIDE_11.7.0_9198/ide/plugins/com.nxp.mcuxpresso.tools.macosx_11.7.0.202209140929/tools/bin/../lib/gcc/arm-none-eabi/10.3.1/../../../../arm-none-eabi/lib/thumb/v6-m/nofp/libcr_nohost_nf.a(__sys_seek.o)
                0x0000000000003e66                __sys_seek
 .text.__sys_tmpnam
                0x0000000000003e6c        0x6 /Applications/MCUXpressoIDE_11.7.0_9198/ide/plugins/com.nxp.mcuxpresso.tools.macosx_11.7.0.202209140929/tools/bin/../lib/gcc/arm-none-eabi/10.3.1/../../../../arm-none-eabi/lib/thumb/v6-m/nofp/libcr_nohost_nf.a(__sys_tmpnam.o)
                0x0000000000003e6c                __sys_tmpnam
 *(SORT_BY_ALIGNMENT(.rodata) SORT_BY_ALIGNMENT(.rodata.*) SORT_BY_ALIGNMENT(.constdata) SORT_BY_ALIGNMENT(.constdata.*))
 *fill*         0x0000000000003e72        0x2 ff
 .rodata.time_pbkdf2_hmac_isha.str1.4
                0x0000000000003e74       0xb4 ./source/main.o
 .rodata.run_tests.str1.4
                0x0000000000003f28       0x22 ./source/main.o
 *fill*         0x0000000000003f4a        0x2 ff
 .rodata.main.str1.4
                0x0000000000003f4c       0x49 ./source/main.o
 *fill*         0x0000000000003f95        0x3 ff
 .rodata.__FUNCTION__.0
                0x0000000000003f98       0x16 ./source/main.o
 *fill*         0x0000000000003fae        0x2 ff
 .rodata.str1.4
                0x0000000000003fb0      0x7c1 ./source/pbkdf2_test.o
                                        0x7d5 (size before relaxing)
 *fill*         0x0000000000004771        0x3 ff
 .rodata.test_isha.str1.4
                0x0000000000004774       0x2e ./source/pbkdf2_test.o
 *fill*         0x00000000000047a2        0x2 ff
 .rodata        0x00000000000047a4      0x120 ./source/pbkdf2_test.o
 .rodata.__FUNCTION__.2
                0x00000000000048c4        0xa ./source/pbkdf2_test.o
 *fill*         0x00000000000048ce        0x2 ff
 .rodata.__FUNCTION__.1
                0x00000000000048d0        0xf ./source/pbkdf2_test.o
 *fill*         0x00000000000048df        0x1 ff
 .rodata.__FUNCTION__.0
                0x00000000000048e0       0x16 ./source/pbkdf2_test.o
 *fill*         0x00000000000048f6        0x2 ff
 .rodata.fllFactorTable.1
                0x00000000000048f8       0x10 ./drivers/fsl_clock.o
 .rodata.s_uartBases
                0x0000000000004908        0xc ./drivers/fsl_uart.o
 .rodata.s_uartClock
                0x0000000000004914        0xc ./drivers/fsl_uart.o
 .rodata.mcgConfig_BOARD_BootClockRUN
                0x0000000000004920        0xa ./board/clock_config.o
                0x0000000000004920                mcgConfig_BOARD_BootClockRUN
 *fill*         0x000000000000492a        0x2 ff
 .rodata.simConfig_BOARD_BootClockRUN
                0x000000000000492c        0x8 ./board/clock_config.o
                0x000000000000492c                simConfig_BOARD_BootClockRUN
 .rodata.oscConfig_BOARD_BootClockRUN
                0x0000000000004934        0x8 ./board/clock_config.o
                0x0000000000004934                oscConfig_BOARD_BootClockRUN
 .rodata.__num_Ciob_streams
                0x000000000000493c        0x4 /Applications/MCUXpressoIDE_11.7.0_9198/ide/plugins/com.nxp.mcuxpresso.tools.macosx_11.7.0.202209140929/tools/bin/../lib/gcc/arm-none-eabi/10.3.1/../../../../arm-none-eabi/lib/thumb/v6-m/nofp/libcr_nohost_nf.a(__ciob.o)
                0x000000000000493c                __num_Ciob_streams
 .rodata._initio.str1.1
                0x0000000000004940        0x4 /Applications/MCUXpressoIDE_11.7.0_9198/ide/plugins/com.nxp.mcuxpresso.tools.macosx_11.7.0.202209140929/tools/bin/../lib/gcc/arm-none-eabi/10.3.1/../../../../arm-none-eabi/lib/thumb/v6-m/nofp/libcr_c.a(initio.o)
 .rodata.__vfprintf.str1.1
                0x0000000000004944       0x37 /Applications/MCUXpressoIDE_11.7.0_9198/ide/plugins/com.nxp.mcuxpresso.tools.macosx_11.7.0.202209140929/tools/bin/../lib/gcc/arm-none-eabi/10.3.1/../../../../arm-none-eabi/lib/thumb/v6-m/nofp/libcr_c.a(printf.o)
                                         0x38 (size before relaxing)
 .rodata._Csys_alloc.str1.1
                0x000000000000497b       0x18 /Applications/MCUXpressoIDE_11.7.0_9198/ide/plugins/com.nxp.mcuxpresso.tools.macosx_11.7.0.202209140929/tools/bin/../lib/gcc/arm-none-eabi/10.3.1/../../../../arm-none-eabi/lib/thumb/v6-m/nofp/libcr_c.a(alloc.o)
                0x0000000000004994                . = ALIGN (0x4)
 *fill*         0x0000000000004993        0x1 ff

.glue_7         0x0000000000004994        0x0
 .glue_7        0x0000000000004994        0x0 linker stubs

.glue_7t        0x0000000000004994        0x0
 .glue_7t       0x0000000000004994        0x0 linker stubs

.vfp11_veneer   0x0000000000004994        0x0
 .vfp11_veneer  0x0000000000004994        0x0 linker stubs

.v4_bx          0x0000000000004994        0x0
 .v4_bx         0x0000000000004994        0x0 linker stubs

.iplt           0x0000000000004994        0x0
 .iplt          0x0000000000004994        0x0 ./utilities/fsl_debug_console.o

.rel.dyn        0x0000000000004994        0x0
 .rel.iplt      0x0000000000004994        0x0 ./utilities/fsl_debug_console.o

.ARM.extab
 *(SORT_BY_ALIGNMENT(.ARM.extab*) SORT_BY_ALIGNMENT(.gnu.linkonce.armextab.*))

.ARM.exidx      0x0000000000004994        0x0
                0x0000000000004994                __exidx_start = .
 *(SORT_BY_ALIGNMENT(.ARM.exidx*) SORT_BY_ALIGNMENT(.gnu.linkonce.armexidx.*))
                0x0000000000004994                __exidx_end = .
                0x0000000000004994                _etext = .

.m_usb_data
 *(SORT_BY_ALIGNMENT(m_usb_bdt))

.mtb_buffer_default
                0x000000001ffff000       0x80
 *(SORT_BY_ALIGNMENT(.mtb*))
 .mtb.$RAM1     0x000000001ffff000       0x80 ./source/mtb.o
                0x000000001ffff000                __mtb_buffer__

.uninit_RESERVED
                0x000000001ffff080        0x0
                0x000000001ffff080                _start_uninit_RESERVED = .
 *(SORT_BY_ALIGNMENT(.bss.$RESERVED*))
                0x000000001ffff080                . = ALIGN (0x4)
                0x000000001ffff080                _end_uninit_RESERVED = .

.data           0x000000001ffff080        0xc load address 0x0000000000004994
 FILL mask 0xff
                0x000000001ffff080                _data = .
                [!provide]                        PROVIDE (__start_data_RAM = .)
                [!provide]                        PROVIDE (__start_data_SRAM = .)
 *(SORT_BY_ALIGNMENT(vtable))
 *(SORT_BY_ALIGNMENT(.ramfunc*))
 *(SORT_BY_ALIGNMENT(CodeQuickAccess))
 *(SORT_BY_ALIGNMENT(DataQuickAccess))
 *(SORT_BY_ALIGNMENT(RamFunction))
 *(SORT_BY_ALIGNMENT(.data*))
 .data.s_slowIrcFreq
                0x000000001ffff080        0x4 ./drivers/fsl_clock.o
 .data.SystemCoreClock
                0x000000001ffff084        0x4 ./CMSIS/system_MKL25Z4.o
                0x000000001ffff084                SystemCoreClock
 .data.check    0x000000001ffff088        0x1 ./source/pbkdf2.o
                0x000000001ffff088                check
                0x000000001ffff08c                . = ALIGN (0x4)
 *fill*         0x000000001ffff089        0x3 ff
                0x000000001ffff08c                _edata = .
                [!provide]                        PROVIDE (__end_data_RAM = .)
                [!provide]                        PROVIDE (__end_data_SRAM = .)

.igot.plt       0x000000001ffff08c        0x0 load address 0x00000000000049a0
 .igot.plt      0x000000001ffff08c        0x0 ./utilities/fsl_debug_console.o

.bss            0x000000001ffff08c      0x244
                0x000000001ffff08c                _bss = .
                [!provide]                        PROVIDE (__start_bss_RAM = .)
                [!provide]                        PROVIDE (__start_bss_SRAM = .)
 *(SORT_BY_ALIGNMENT(.bss*))
 .bss.s_debugConsole
                0x000000001ffff08c       0x10 ./utilities/fsl_debug_console.o
 .bss.Ipad_ISHAContext_ctx.1
                0x000000001ffff09c       0x64 ./source/pbkdf2.o
 .bss.Opad_ISHAContext_ctx.0
                0x000000001ffff100       0x64 ./source/pbkdf2.o
 .bss.g_now     0x000000001ffff164        0x4 ./source/ticktime.o
 .bss.g_timer   0x000000001ffff168        0x4 ./source/ticktime.o
 .bss.g_xtal0Freq
                0x000000001ffff16c        0x4 ./drivers/fsl_clock.o
                0x000000001ffff16c                g_xtal0Freq
 .bss.s_lpsciHandle
                0x000000001ffff170        0x4 ./drivers/fsl_lpsci.o
 .bss.s_lpsciIsr
                0x000000001ffff174        0x4 ./drivers/fsl_lpsci.o
 .bss.s_uartHandle
                0x000000001ffff178        0xc ./drivers/fsl_uart.o
 .bss.s_uartIsr
                0x000000001ffff184        0x4 ./drivers/fsl_uart.o
 .bss._exitvector
                0x000000001ffff188       0x84 /Applications/MCUXpressoIDE_11.7.0_9198/ide/plugins/com.nxp.mcuxpresso.tools.macosx_11.7.0.202209140929/tools/bin/../lib/gcc/arm-none-eabi/10.3.1/../../../../arm-none-eabi/lib/thumb/v6-m/nofp/libcr_c.a(stdlib.o)
                0x000000001ffff188                _exitvector
 .bss._number_of_exit_functions
                0x000000001ffff20c        0x4 /Applications/MCUXpressoIDE_11.7.0_9198/ide/plugins/com.nxp.mcuxpresso.tools.macosx_11.7.0.202209140929/tools/bin/../lib/gcc/arm-none-eabi/10.3.1/../../../../arm-none-eabi/lib/thumb/v6-m/nofp/libcr_c.a(stdlib.o)
                0x000000001ffff20c                _number_of_exit_functions
 .bss.__end_of_heap
                0x000000001ffff210        0x4 /Applications/MCUXpressoIDE_11.7.0_9198/ide/plugins/com.nxp.mcuxpresso.tools.macosx_11.7.0.202209140929/tools/bin/../lib/gcc/arm-none-eabi/10.3.1/../../../../arm-none-eabi/lib/thumb/v6-m/nofp/libcr_c.a(__init_alloc.o)
                0x000000001ffff210                __end_of_heap
 .bss.__heaps   0x000000001ffff214        0x4 /Applications/MCUXpressoIDE_11.7.0_9198/ide/plugins/com.nxp.mcuxpresso.tools.macosx_11.7.0.202209140929/tools/bin/../lib/gcc/arm-none-eabi/10.3.1/../../../../arm-none-eabi/lib/thumb/v6-m/nofp/libcr_c.a(__init_alloc.o)
                0x000000001ffff214                __heaps
 .bss.errno     0x000000001ffff218        0x4 /Applications/MCUXpressoIDE_11.7.0_9198/ide/plugins/com.nxp.mcuxpresso.tools.macosx_11.7.0.202209140929/tools/bin/../lib/gcc/arm-none-eabi/10.3.1/../../../../arm-none-eabi/lib/thumb/v6-m/nofp/libcr_c.a(errno.o)
                0x000000001ffff218                errno
 .bss.__Ciob    0x000000001ffff21c       0xb4 /Applications/MCUXpressoIDE_11.7.0_9198/ide/plugins/com.nxp.mcuxpresso.tools.macosx_11.7.0.202209140929/tools/bin/../lib/gcc/arm-none-eabi/10.3.1/../../../../arm-none-eabi/lib/thumb/v6-m/nofp/libcr_nohost_nf.a(__ciob.o)
                0x000000001ffff21c                __Ciob
 *(SORT_BY_ALIGNMENT(COMMON))
                0x000000001ffff2d0                . = ALIGN (0x4)
                0x000000001ffff2d0                _ebss = .
                [!provide]                        PROVIDE (__end_bss_RAM = .)
                [!provide]                        PROVIDE (__end_bss_SRAM = .)
                [!provide]                        PROVIDE (end = .)

.noinit         0x000000001ffff2d0        0x0
                0x000000001ffff2d0                _noinit = .
                [!provide]                        PROVIDE (__start_noinit_RAM = .)
                [!provide]                        PROVIDE (__start_noinit_SRAM = .)
 *(SORT_BY_ALIGNMENT(.noinit*))
                0x000000001ffff2d0                . = ALIGN (0x4)
                0x000000001ffff2d0                _end_noinit = .
                [!provide]                        PROVIDE (__end_noinit_RAM = .)
                [!provide]                        PROVIDE (__end_noinit_SRAM = .)
                0x0000000000000400                _HeapSize = 0x400

.heap           0x000000001ffff2d0      0x400
                0x000000001ffff2d0                _pvHeapStart = .
                0x000000001ffff6d0                . = (. + _HeapSize)
 *fill*         0x000000001ffff2d0      0x400 
                0x000000001ffff6d0                . = ALIGN (0x4)
                0x000000001ffff6d0                _pvHeapLimit = .
                0x0000000000000400                _StackSize = 0x400

.heap2stackfill
                0x000000001ffff6d0      0x400
                0x000000001ffffad0                . = (. + _StackSize)
 *fill*         0x000000001ffff6d0      0x400 

.stack          0x0000000020002c00        0x0
                0x0000000020002c00                _vStackBase = .
                0x0000000020002c00                . = ALIGN (0x4)
                0x0000000020003000                _vStackTop = (. + _StackSize)
                0x0000000000000000                _image_start = LOADADDR (.text)
                0x00000000000049a0                _image_end = (LOADADDR (.data) + SIZEOF (.data))
                0x00000000000049a0                _image_size = (_image_end - _image_start)
OUTPUT(PBKDF2.axf elf32-littlearm)
LOAD linker stubs

.debug_info     0x0000000000000000     0x7ac0
 .debug_info    0x0000000000000000      0x8ce ./utilities/fsl_debug_console.o
 .debug_info    0x00000000000008ce      0x501 ./startup/startup_mkl25z4.o
 .debug_info    0x0000000000000dcf      0x201 ./source/isha.o
 .debug_info    0x0000000000000fd0      0x1dc ./source/main.o
 .debug_info    0x00000000000011ac       0x4f ./source/mtb.o
 .debug_info    0x00000000000011fb      0x3e3 ./source/pbkdf2.o
 .debug_info    0x00000000000015de      0x63e ./source/pbkdf2_test.o
 .debug_info    0x0000000000001c1c       0x38 ./source/semihost_hardfault.o
 .debug_info    0x0000000000001c54      0x49c ./source/ticktime.o
 .debug_info    0x00000000000020f0     0x1a56 ./drivers/fsl_clock.o
 .debug_info    0x0000000000003b46     0x1409 ./drivers/fsl_lpsci.o
 .debug_info    0x0000000000004f4f     0x13aa ./drivers/fsl_uart.o
 .debug_info    0x00000000000062f9      0x397 ./board/board.o
 .debug_info    0x0000000000006690      0xab8 ./board/clock_config.o
 .debug_info    0x0000000000007148       0x38 ./board/peripherals.o
 .debug_info    0x0000000000007180      0x543 ./board/pin_mux.o
 .debug_info    0x00000000000076c3      0x3fd ./CMSIS/system_MKL25Z4.o

.debug_abbrev   0x0000000000000000     0x1989
 .debug_abbrev  0x0000000000000000      0x1e5 ./utilities/fsl_debug_console.o
 .debug_abbrev  0x00000000000001e5      0x186 ./startup/startup_mkl25z4.o
 .debug_abbrev  0x000000000000036b      0x118 ./source/isha.o
 .debug_abbrev  0x0000000000000483       0xb6 ./source/main.o
 .debug_abbrev  0x0000000000000539       0x43 ./source/mtb.o
 .debug_abbrev  0x000000000000057c      0x145 ./source/pbkdf2.o
 .debug_abbrev  0x00000000000006c1      0x16a ./source/pbkdf2_test.o
 .debug_abbrev  0x000000000000082b       0x2e ./source/semihost_hardfault.o
 .debug_abbrev  0x0000000000000859      0x1b1 ./source/ticktime.o
 .debug_abbrev  0x0000000000000a0a      0x354 ./drivers/fsl_clock.o
 .debug_abbrev  0x0000000000000d5e      0x328 ./drivers/fsl_lpsci.o
 .debug_abbrev  0x0000000000001086      0x30e ./drivers/fsl_uart.o
 .debug_abbrev  0x0000000000001394      0x118 ./board/board.o
 .debug_abbrev  0x00000000000014ac      0x1fe ./board/clock_config.o
 .debug_abbrev  0x00000000000016aa       0x2e ./board/peripherals.o
 .debug_abbrev  0x00000000000016d8      0x186 ./board/pin_mux.o
 .debug_abbrev  0x000000000000185e      0x12b ./CMSIS/system_MKL25Z4.o

.debug_aranges  0x0000000000000000      0x850
 .debug_aranges
                0x0000000000000000       0x58 ./utilities/fsl_debug_console.o
 .debug_aranges
                0x0000000000000058      0x160 ./startup/startup_mkl25z4.o
 .debug_aranges
                0x00000000000001b8       0x38 ./source/isha.o
 .debug_aranges
                0x00000000000001f0       0x30 ./source/main.o
 .debug_aranges
                0x0000000000000220       0x18 ./source/mtb.o
 .debug_aranges
                0x0000000000000238       0x30 ./source/pbkdf2.o
 .debug_aranges
                0x0000000000000268       0x50 ./source/pbkdf2_test.o
 .debug_aranges
                0x00000000000002b8       0x20 ./source/semihost_hardfault.o
 .debug_aranges
                0x00000000000002d8       0x58 ./source/ticktime.o
 .debug_aranges
                0x0000000000000330      0x1d8 ./drivers/fsl_clock.o
 .debug_aranges
                0x0000000000000508      0x118 ./drivers/fsl_lpsci.o
 .debug_aranges
                0x0000000000000620      0x130 ./drivers/fsl_uart.o
 .debug_aranges
                0x0000000000000750       0x28 ./board/board.o
 .debug_aranges
                0x0000000000000778       0x58 ./board/clock_config.o
 .debug_aranges
                0x00000000000007d0       0x20 ./board/peripherals.o
 .debug_aranges
                0x00000000000007f0       0x38 ./board/pin_mux.o
 .debug_aranges
                0x0000000000000828       0x28 ./CMSIS/system_MKL25Z4.o

.debug_ranges   0x0000000000000000      0x738
 .debug_ranges  0x0000000000000000       0x48 ./utilities/fsl_debug_console.o
 .debug_ranges  0x0000000000000048      0x150 ./startup/startup_mkl25z4.o
 .debug_ranges  0x0000000000000198       0x28 ./source/isha.o
 .debug_ranges  0x00000000000001c0       0x20 ./source/main.o
 .debug_ranges  0x00000000000001e0       0x20 ./source/pbkdf2.o
 .debug_ranges  0x0000000000000200       0x40 ./source/pbkdf2_test.o
 .debug_ranges  0x0000000000000240       0x10 ./source/semihost_hardfault.o
 .debug_ranges  0x0000000000000250       0x48 ./source/ticktime.o
 .debug_ranges  0x0000000000000298      0x1c8 ./drivers/fsl_clock.o
 .debug_ranges  0x0000000000000460      0x108 ./drivers/fsl_lpsci.o
 .debug_ranges  0x0000000000000568      0x120 ./drivers/fsl_uart.o
 .debug_ranges  0x0000000000000688       0x18 ./board/board.o
 .debug_ranges  0x00000000000006a0       0x48 ./board/clock_config.o
 .debug_ranges  0x00000000000006e8       0x10 ./board/peripherals.o
 .debug_ranges  0x00000000000006f8       0x28 ./board/pin_mux.o
 .debug_ranges  0x0000000000000720       0x18 ./CMSIS/system_MKL25Z4.o

.debug_line     0x0000000000000000     0x473f
 .debug_line    0x0000000000000000      0x408 ./utilities/fsl_debug_console.o
 .debug_line    0x0000000000000408      0x249 ./startup/startup_mkl25z4.o
 .debug_line    0x0000000000000651      0x2f1 ./source/isha.o
 .debug_line    0x0000000000000942      0x1fe ./source/main.o
 .debug_line    0x0000000000000b40       0x30 ./source/mtb.o
 .debug_line    0x0000000000000b70      0x27d ./source/pbkdf2.o
 .debug_line    0x0000000000000ded      0x406 ./source/pbkdf2_test.o
 .debug_line    0x00000000000011f3       0x59 ./source/semihost_hardfault.o
 .debug_line    0x000000000000124c      0x296 ./source/ticktime.o
 .debug_line    0x00000000000014e2     0x1186 ./drivers/fsl_clock.o
 .debug_line    0x0000000000002668      0xbce ./drivers/fsl_lpsci.o
 .debug_line    0x0000000000003236      0xbc2 ./drivers/fsl_uart.o
 .debug_line    0x0000000000003df8      0x1d8 ./board/board.o
 .debug_line    0x0000000000003fd0      0x2db ./board/clock_config.o
 .debug_line    0x00000000000042ab       0x4b ./board/peripherals.o
 .debug_line    0x00000000000042f6      0x231 ./board/pin_mux.o
 .debug_line    0x0000000000004527      0x218 ./CMSIS/system_MKL25Z4.o

.debug_str      0x0000000000000000     0x3af1
 .debug_str     0x0000000000000000      0xa21 ./utilities/fsl_debug_console.o
                                        0xa99 (size before relaxing)
 .debug_str     0x0000000000000a21      0x380 ./startup/startup_mkl25z4.o
                                        0x4c8 (size before relaxing)
 .debug_str     0x0000000000000da1       0x8c ./source/isha.o
                                        0x259 (size before relaxing)
 .debug_str     0x0000000000000e2d       0xab ./source/main.o
                                        0x293 (size before relaxing)
 .debug_str     0x0000000000000ed8       0x1f ./source/mtb.o
                                        0x166 (size before relaxing)
 .debug_str     0x0000000000000ef7       0xaf ./source/pbkdf2.o
                                        0x2f4 (size before relaxing)
 .debug_str     0x0000000000000fa6      0x10c ./source/pbkdf2_test.o
                                        0x378 (size before relaxing)
 .debug_str     0x00000000000010b2       0x1f ./source/semihost_hardfault.o
                                        0x166 (size before relaxing)
 .debug_str     0x00000000000010d1      0x2db ./source/ticktime.o
                                        0x4bf (size before relaxing)
 .debug_str     0x00000000000013ac     0x10a1 ./drivers/fsl_clock.o
                                       0x17c1 (size before relaxing)
 .debug_str     0x000000000000244d      0x95f ./drivers/fsl_lpsci.o
                                       0x1570 (size before relaxing)
 .debug_str     0x0000000000002dac      0x819 ./drivers/fsl_uart.o
                                       0x157c (size before relaxing)
 .debug_str     0x00000000000035c5       0x4c ./board/board.o
                                        0x2fe (size before relaxing)
 .debug_str     0x0000000000003611      0x2f8 ./board/clock_config.o
                                        0xdab (size before relaxing)
 .debug_str     0x0000000000003909       0x31 ./board/peripherals.o
                                        0x166 (size before relaxing)
 .debug_str     0x000000000000393a      0x168 ./board/pin_mux.o
                                        0x598 (size before relaxing)
 .debug_str     0x0000000000003aa2       0x4f ./CMSIS/system_MKL25Z4.o
                                        0x312 (size before relaxing)

.comment        0x0000000000000000       0x49
 .comment       0x0000000000000000       0x49 ./utilities/fsl_debug_console.o
                                         0x4a (size before relaxing)
 .comment       0x0000000000000049       0x4a ./startup/startup_mkl25z4.o
 .comment       0x0000000000000049       0x4a ./source/isha.o
 .comment       0x0000000000000049       0x4a ./source/main.o
 .comment       0x0000000000000049       0x4a ./source/mtb.o
 .comment       0x0000000000000049       0x4a ./source/pbkdf2.o
 .comment       0x0000000000000049       0x4a ./source/pbkdf2_test.o
 .comment       0x0000000000000049       0x4a ./source/semihost_hardfault.o
 .comment       0x0000000000000049       0x4a ./source/ticktime.o
 .comment       0x0000000000000049       0x4a ./drivers/fsl_clock.o
 .comment       0x0000000000000049       0x4a ./drivers/fsl_lpsci.o
 .comment       0x0000000000000049       0x4a ./drivers/fsl_uart.o
 .comment       0x0000000000000049       0x4a ./board/board.o
 .comment       0x0000000000000049       0x4a ./board/clock_config.o
 .comment       0x0000000000000049       0x4a ./board/peripherals.o
 .comment       0x0000000000000049       0x4a ./board/pin_mux.o
 .comment       0x0000000000000049       0x4a ./CMSIS/system_MKL25Z4.o
 .comment       0x0000000000000049       0x4a /Applications/MCUXpressoIDE_11.7.0_9198/ide/plugins/com.nxp.mcuxpresso.tools.macosx_11.7.0.202209140929/tools/bin/../lib/gcc/arm-none-eabi/10.3.1/../../../../arm-none-eabi/lib/thumb/v6-m/nofp/libcr_nohost_nf.a(_cr__main.o)
 .comment       0x0000000000000049       0x4a /Applications/MCUXpressoIDE_11.7.0_9198/ide/plugins/com.nxp.mcuxpresso.tools.macosx_11.7.0.202209140929/tools/bin/../lib/gcc/arm-none-eabi/10.3.1/../../../../arm-none-eabi/lib/thumb/v6-m/nofp/libcr_c.a(memcpy.o)
 .comment       0x0000000000000049       0x4a /Applications/MCUXpressoIDE_11.7.0_9198/ide/plugins/com.nxp.mcuxpresso.tools.macosx_11.7.0.202209140929/tools/bin/../lib/gcc/arm-none-eabi/10.3.1/../../../../arm-none-eabi/lib/thumb/v6-m/nofp/libcr_c.a(memset.o)
 .comment       0x0000000000000049       0x4a /Applications/MCUXpressoIDE_11.7.0_9198/ide/plugins/com.nxp.mcuxpresso.tools.macosx_11.7.0.202209140929/tools/bin/../lib/gcc/arm-none-eabi/10.3.1/../../../../arm-none-eabi/lib/thumb/v6-m/nofp/libcr_c.a(initio.o)
 .comment       0x0000000000000049       0x4a /Applications/MCUXpressoIDE_11.7.0_9198/ide/plugins/com.nxp.mcuxpresso.tools.macosx_11.7.0.202209140929/tools/bin/../lib/gcc/arm-none-eabi/10.3.1/../../../../arm-none-eabi/lib/thumb/v6-m/nofp/libcr_c.a(printf.o)
 .comment       0x0000000000000049       0x4a /Applications/MCUXpressoIDE_11.7.0_9198/ide/plugins/com.nxp.mcuxpresso.tools.macosx_11.7.0.202209140929/tools/bin/../lib/gcc/arm-none-eabi/10.3.1/../../../../arm-none-eabi/lib/thumb/v6-m/nofp/libcr_c.a(setvbuf.o)
 .comment       0x0000000000000049       0x4a /Applications/MCUXpressoIDE_11.7.0_9198/ide/plugins/com.nxp.mcuxpresso.tools.macosx_11.7.0.202209140929/tools/bin/../lib/gcc/arm-none-eabi/10.3.1/../../../../arm-none-eabi/lib/thumb/v6-m/nofp/libcr_c.a(stdlib.o)
 .comment       0x0000000000000049       0x4a /Applications/MCUXpressoIDE_11.7.0_9198/ide/plugins/com.nxp.mcuxpresso.tools.macosx_11.7.0.202209140929/tools/bin/../lib/gcc/arm-none-eabi/10.3.1/../../../../arm-none-eabi/lib/thumb/v6-m/nofp/libcr_c.a(strlen.o)
 .comment       0x0000000000000049       0x4a /Applications/MCUXpressoIDE_11.7.0_9198/ide/plugins/com.nxp.mcuxpresso.tools.macosx_11.7.0.202209140929/tools/bin/../lib/gcc/arm-none-eabi/10.3.1/../../../../arm-none-eabi/lib/thumb/v6-m/nofp/libcr_c.a(_deferredlazyseek.o)
 .comment       0x0000000000000049       0x4a /Applications/MCUXpressoIDE_11.7.0_9198/ide/plugins/com.nxp.mcuxpresso.tools.macosx_11.7.0.202209140929/tools/bin/../lib/gcc/arm-none-eabi/10.3.1/../../../../arm-none-eabi/lib/thumb/v6-m/nofp/libcr_c.a(_fdopen.o)
 .comment       0x0000000000000049       0x4a /Applications/MCUXpressoIDE_11.7.0_9198/ide/plugins/com.nxp.mcuxpresso.tools.macosx_11.7.0.202209140929/tools/bin/../lib/gcc/arm-none-eabi/10.3.1/../../../../arm-none-eabi/lib/thumb/v6-m/nofp/libcr_c.a(_fflush.o)
 .comment       0x0000000000000049       0x4a /Applications/MCUXpressoIDE_11.7.0_9198/ide/plugins/com.nxp.mcuxpresso.tools.macosx_11.7.0.202209140929/tools/bin/../lib/gcc/arm-none-eabi/10.3.1/../../../../arm-none-eabi/lib/thumb/v6-m/nofp/libcr_c.a(_writebuf.o)
 .comment       0x0000000000000049       0x4a /Applications/MCUXpressoIDE_11.7.0_9198/ide/plugins/com.nxp.mcuxpresso.tools.macosx_11.7.0.202209140929/tools/bin/../lib/gcc/arm-none-eabi/10.3.1/../../../../arm-none-eabi/lib/thumb/v6-m/nofp/libcr_c.a(alloc.o)
 .comment       0x0000000000000049       0x4a /Applications/MCUXpressoIDE_11.7.0_9198/ide/plugins/com.nxp.mcuxpresso.tools.macosx_11.7.0.202209140929/tools/bin/../lib/gcc/arm-none-eabi/10.3.1/../../../../arm-none-eabi/lib/thumb/v6-m/nofp/libcr_c.a(fclose.o)
 .comment       0x0000000000000049       0x4a /Applications/MCUXpressoIDE_11.7.0_9198/ide/plugins/com.nxp.mcuxpresso.tools.macosx_11.7.0.202209140929/tools/bin/../lib/gcc/arm-none-eabi/10.3.1/../../../../arm-none-eabi/lib/thumb/v6-m/nofp/libcr_c.a(fflush.o)
 .comment       0x0000000000000049       0x4a /Applications/MCUXpressoIDE_11.7.0_9198/ide/plugins/com.nxp.mcuxpresso.tools.macosx_11.7.0.202209140929/tools/bin/../lib/gcc/arm-none-eabi/10.3.1/../../../../arm-none-eabi/lib/thumb/v6-m/nofp/libcr_c.a(fseek.o)
 .comment       0x0000000000000049       0x4a /Applications/MCUXpressoIDE_11.7.0_9198/ide/plugins/com.nxp.mcuxpresso.tools.macosx_11.7.0.202209140929/tools/bin/../lib/gcc/arm-none-eabi/10.3.1/../../../../arm-none-eabi/lib/thumb/v6-m/nofp/libcr_c.a(ftell.o)
 .comment       0x0000000000000049       0x4a /Applications/MCUXpressoIDE_11.7.0_9198/ide/plugins/com.nxp.mcuxpresso.tools.macosx_11.7.0.202209140929/tools/bin/../lib/gcc/arm-none-eabi/10.3.1/../../../../arm-none-eabi/lib/thumb/v6-m/nofp/libcr_c.a(remove.o)
 .comment       0x0000000000000049       0x4a /Applications/MCUXpressoIDE_11.7.0_9198/ide/plugins/com.nxp.mcuxpresso.tools.macosx_11.7.0.202209140929/tools/bin/../lib/gcc/arm-none-eabi/10.3.1/../../../../arm-none-eabi/lib/thumb/v6-m/nofp/libcr_c.a(__init_alloc.o)
 .comment       0x0000000000000049       0x4a /Applications/MCUXpressoIDE_11.7.0_9198/ide/plugins/com.nxp.mcuxpresso.tools.macosx_11.7.0.202209140929/tools/bin/../lib/gcc/arm-none-eabi/10.3.1/../../../../arm-none-eabi/lib/thumb/v6-m/nofp/libcr_c.a(_cr_sbrk.o)
 .comment       0x0000000000000049       0x4a /Applications/MCUXpressoIDE_11.7.0_9198/ide/plugins/com.nxp.mcuxpresso.tools.macosx_11.7.0.202209140929/tools/bin/../lib/gcc/arm-none-eabi/10.3.1/../../../../arm-none-eabi/lib/thumb/v6-m/nofp/libcr_c.a(_do_fflush.o)
 .comment       0x0000000000000049       0x4a /Applications/MCUXpressoIDE_11.7.0_9198/ide/plugins/com.nxp.mcuxpresso.tools.macosx_11.7.0.202209140929/tools/bin/../lib/gcc/arm-none-eabi/10.3.1/../../../../arm-none-eabi/lib/thumb/v6-m/nofp/libcr_c.a(errno.o)
 .comment       0x0000000000000049       0x4a /Applications/MCUXpressoIDE_11.7.0_9198/ide/plugins/com.nxp.mcuxpresso.tools.macosx_11.7.0.202209140929/tools/bin/../lib/gcc/arm-none-eabi/10.3.1/../../../../arm-none-eabi/lib/thumb/v6-m/nofp/libcr_c.a(_cr_check_heap.o)
 .comment       0x0000000000000049       0x4a /Applications/MCUXpressoIDE_11.7.0_9198/ide/plugins/com.nxp.mcuxpresso.tools.macosx_11.7.0.202209140929/tools/bin/../lib/gcc/arm-none-eabi/10.3.1/../../../../arm-none-eabi/lib/thumb/v6-m/nofp/libcr_nohost_nf.a(__ciob.o)
 .comment       0x0000000000000049       0x4a /Applications/MCUXpressoIDE_11.7.0_9198/ide/plugins/com.nxp.mcuxpresso.tools.macosx_11.7.0.202209140929/tools/bin/../lib/gcc/arm-none-eabi/10.3.1/../../../../arm-none-eabi/lib/thumb/v6-m/nofp/libcr_nohost_nf.a(__sys_appexit.o)
 .comment       0x0000000000000049       0x4a /Applications/MCUXpressoIDE_11.7.0_9198/ide/plugins/com.nxp.mcuxpresso.tools.macosx_11.7.0.202209140929/tools/bin/../lib/gcc/arm-none-eabi/10.3.1/../../../../arm-none-eabi/lib/thumb/v6-m/nofp/libcr_nohost_nf.a(__sys_close.o)
 .comment       0x0000000000000049       0x4a /Applications/MCUXpressoIDE_11.7.0_9198/ide/plugins/com.nxp.mcuxpresso.tools.macosx_11.7.0.202209140929/tools/bin/../lib/gcc/arm-none-eabi/10.3.1/../../../../arm-none-eabi/lib/thumb/v6-m/nofp/libcr_nohost_nf.a(__sys_flen.o)
 .comment       0x0000000000000049       0x4a /Applications/MCUXpressoIDE_11.7.0_9198/ide/plugins/com.nxp.mcuxpresso.tools.macosx_11.7.0.202209140929/tools/bin/../lib/gcc/arm-none-eabi/10.3.1/../../../../arm-none-eabi/lib/thumb/v6-m/nofp/libcr_nohost_nf.a(__sys_istty.o)
 .comment       0x0000000000000049       0x4a /Applications/MCUXpressoIDE_11.7.0_9198/ide/plugins/com.nxp.mcuxpresso.tools.macosx_11.7.0.202209140929/tools/bin/../lib/gcc/arm-none-eabi/10.3.1/../../../../arm-none-eabi/lib/thumb/v6-m/nofp/libcr_nohost_nf.a(__sys_remove.o)
 .comment       0x0000000000000049       0x4a /Applications/MCUXpressoIDE_11.7.0_9198/ide/plugins/com.nxp.mcuxpresso.tools.macosx_11.7.0.202209140929/tools/bin/../lib/gcc/arm-none-eabi/10.3.1/../../../../arm-none-eabi/lib/thumb/v6-m/nofp/libcr_nohost_nf.a(__sys_seek.o)
 .comment       0x0000000000000049       0x4a /Applications/MCUXpressoIDE_11.7.0_9198/ide/plugins/com.nxp.mcuxpresso.tools.macosx_11.7.0.202209140929/tools/bin/../lib/gcc/arm-none-eabi/10.3.1/../../../../arm-none-eabi/lib/thumb/v6-m/nofp/libcr_nohost_nf.a(__sys_tmpnam.o)

.ARM.attributes
                0x0000000000000000       0x2a
 .ARM.attributes
                0x0000000000000000       0x2c ./utilities/fsl_debug_console.o
 .ARM.attributes
                0x000000000000002c       0x2c ./startup/startup_mkl25z4.o
 .ARM.attributes
                0x0000000000000058       0x21 ./source/assembly_ISHAProcessMessageBlock.o
 .ARM.attributes
                0x0000000000000079       0x2c ./source/isha.o
 .ARM.attributes
                0x00000000000000a5       0x2c ./source/main.o
 .ARM.attributes
                0x00000000000000d1       0x2c ./source/mtb.o
 .ARM.attributes
                0x00000000000000fd       0x2c ./source/pbkdf2.o
 .ARM.attributes
                0x0000000000000129       0x2c ./source/pbkdf2_test.o
 .ARM.attributes
                0x0000000000000155       0x2c ./source/semihost_hardfault.o
 .ARM.attributes
                0x0000000000000181       0x2c ./source/ticktime.o
 .ARM.attributes
                0x00000000000001ad       0x2c ./drivers/fsl_clock.o
 .ARM.attributes
                0x00000000000001d9       0x2c ./drivers/fsl_lpsci.o
 .ARM.attributes
                0x0000000000000205       0x2c ./drivers/fsl_uart.o
 .ARM.attributes
                0x0000000000000231       0x2c ./board/board.o
 .ARM.attributes
                0x000000000000025d       0x2c ./board/clock_config.o
 .ARM.attributes
                0x0000000000000289       0x2c ./board/peripherals.o
 .ARM.attributes
                0x00000000000002b5       0x2c ./board/pin_mux.o
 .ARM.attributes
                0x00000000000002e1       0x2c ./CMSIS/system_MKL25Z4.o
 .ARM.attributes
                0x000000000000030d       0x2c /Applications/MCUXpressoIDE_11.7.0_9198/ide/plugins/com.nxp.mcuxpresso.tools.macosx_11.7.0.202209140929/tools/bin/../lib/gcc/arm-none-eabi/10.3.1/../../../../arm-none-eabi/lib/thumb/v6-m/nofp/libcr_nohost_nf.a(_cr__main.o)
 .ARM.attributes
                0x0000000000000339       0x2c /Applications/MCUXpressoIDE_11.7.0_9198/ide/plugins/com.nxp.mcuxpresso.tools.macosx_11.7.0.202209140929/tools/bin/../lib/gcc/arm-none-eabi/10.3.1/../../../../arm-none-eabi/lib/thumb/v6-m/nofp/libcr_c.a(memcpy.o)
 .ARM.attributes
                0x0000000000000365       0x2c /Applications/MCUXpressoIDE_11.7.0_9198/ide/plugins/com.nxp.mcuxpresso.tools.macosx_11.7.0.202209140929/tools/bin/../lib/gcc/arm-none-eabi/10.3.1/../../../../arm-none-eabi/lib/thumb/v6-m/nofp/libcr_c.a(memset.o)
 .ARM.attributes
                0x0000000000000391       0x2c /Applications/MCUXpressoIDE_11.7.0_9198/ide/plugins/com.nxp.mcuxpresso.tools.macosx_11.7.0.202209140929/tools/bin/../lib/gcc/arm-none-eabi/10.3.1/../../../../arm-none-eabi/lib/thumb/v6-m/nofp/libcr_c.a(initio.o)
 .ARM.attributes
                0x00000000000003bd       0x2c /Applications/MCUXpressoIDE_11.7.0_9198/ide/plugins/com.nxp.mcuxpresso.tools.macosx_11.7.0.202209140929/tools/bin/../lib/gcc/arm-none-eabi/10.3.1/../../../../arm-none-eabi/lib/thumb/v6-m/nofp/libcr_c.a(printf.o)
 .ARM.attributes
                0x00000000000003e9       0x2c /Applications/MCUXpressoIDE_11.7.0_9198/ide/plugins/com.nxp.mcuxpresso.tools.macosx_11.7.0.202209140929/tools/bin/../lib/gcc/arm-none-eabi/10.3.1/../../../../arm-none-eabi/lib/thumb/v6-m/nofp/libcr_c.a(setvbuf.o)
 .ARM.attributes
                0x0000000000000415       0x2c /Applications/MCUXpressoIDE_11.7.0_9198/ide/plugins/com.nxp.mcuxpresso.tools.macosx_11.7.0.202209140929/tools/bin/../lib/gcc/arm-none-eabi/10.3.1/../../../../arm-none-eabi/lib/thumb/v6-m/nofp/libcr_c.a(stdlib.o)
 .ARM.attributes
                0x0000000000000441       0x2c /Applications/MCUXpressoIDE_11.7.0_9198/ide/plugins/com.nxp.mcuxpresso.tools.macosx_11.7.0.202209140929/tools/bin/../lib/gcc/arm-none-eabi/10.3.1/../../../../arm-none-eabi/lib/thumb/v6-m/nofp/libcr_c.a(strlen.o)
 .ARM.attributes
                0x000000000000046d       0x2c /Applications/MCUXpressoIDE_11.7.0_9198/ide/plugins/com.nxp.mcuxpresso.tools.macosx_11.7.0.202209140929/tools/bin/../lib/gcc/arm-none-eabi/10.3.1/../../../../arm-none-eabi/lib/thumb/v6-m/nofp/libcr_c.a(_deferredlazyseek.o)
 .ARM.attributes
                0x0000000000000499       0x2c /Applications/MCUXpressoIDE_11.7.0_9198/ide/plugins/com.nxp.mcuxpresso.tools.macosx_11.7.0.202209140929/tools/bin/../lib/gcc/arm-none-eabi/10.3.1/../../../../arm-none-eabi/lib/thumb/v6-m/nofp/libcr_c.a(_fdopen.o)
 .ARM.attributes
                0x00000000000004c5       0x2c /Applications/MCUXpressoIDE_11.7.0_9198/ide/plugins/com.nxp.mcuxpresso.tools.macosx_11.7.0.202209140929/tools/bin/../lib/gcc/arm-none-eabi/10.3.1/../../../../arm-none-eabi/lib/thumb/v6-m/nofp/libcr_c.a(_fflush.o)
 .ARM.attributes
                0x00000000000004f1       0x2c /Applications/MCUXpressoIDE_11.7.0_9198/ide/plugins/com.nxp.mcuxpresso.tools.macosx_11.7.0.202209140929/tools/bin/../lib/gcc/arm-none-eabi/10.3.1/../../../../arm-none-eabi/lib/thumb/v6-m/nofp/libcr_c.a(_writebuf.o)
 .ARM.attributes
                0x000000000000051d       0x2c /Applications/MCUXpressoIDE_11.7.0_9198/ide/plugins/com.nxp.mcuxpresso.tools.macosx_11.7.0.202209140929/tools/bin/../lib/gcc/arm-none-eabi/10.3.1/../../../../arm-none-eabi/lib/thumb/v6-m/nofp/libcr_c.a(alloc.o)
 .ARM.attributes
                0x0000000000000549       0x2c /Applications/MCUXpressoIDE_11.7.0_9198/ide/plugins/com.nxp.mcuxpresso.tools.macosx_11.7.0.202209140929/tools/bin/../lib/gcc/arm-none-eabi/10.3.1/../../../../arm-none-eabi/lib/thumb/v6-m/nofp/libcr_c.a(fclose.o)
 .ARM.attributes
                0x0000000000000575       0x2c /Applications/MCUXpressoIDE_11.7.0_9198/ide/plugins/com.nxp.mcuxpresso.tools.macosx_11.7.0.202209140929/tools/bin/../lib/gcc/arm-none-eabi/10.3.1/../../../../arm-none-eabi/lib/thumb/v6-m/nofp/libcr_c.a(fflush.o)
 .ARM.attributes
                0x00000000000005a1       0x2c /Applications/MCUXpressoIDE_11.7.0_9198/ide/plugins/com.nxp.mcuxpresso.tools.macosx_11.7.0.202209140929/tools/bin/../lib/gcc/arm-none-eabi/10.3.1/../../../../arm-none-eabi/lib/thumb/v6-m/nofp/libcr_c.a(fseek.o)
 .ARM.attributes
                0x00000000000005cd       0x2c /Applications/MCUXpressoIDE_11.7.0_9198/ide/plugins/com.nxp.mcuxpresso.tools.macosx_11.7.0.202209140929/tools/bin/../lib/gcc/arm-none-eabi/10.3.1/../../../../arm-none-eabi/lib/thumb/v6-m/nofp/libcr_c.a(ftell.o)
 .ARM.attributes
                0x00000000000005f9       0x2c /Applications/MCUXpressoIDE_11.7.0_9198/ide/plugins/com.nxp.mcuxpresso.tools.macosx_11.7.0.202209140929/tools/bin/../lib/gcc/arm-none-eabi/10.3.1/../../../../arm-none-eabi/lib/thumb/v6-m/nofp/libcr_c.a(remove.o)
 .ARM.attributes
                0x0000000000000625       0x2c /Applications/MCUXpressoIDE_11.7.0_9198/ide/plugins/com.nxp.mcuxpresso.tools.macosx_11.7.0.202209140929/tools/bin/../lib/gcc/arm-none-eabi/10.3.1/../../../../arm-none-eabi/lib/thumb/v6-m/nofp/libcr_c.a(__init_alloc.o)
 .ARM.attributes
                0x0000000000000651       0x2c /Applications/MCUXpressoIDE_11.7.0_9198/ide/plugins/com.nxp.mcuxpresso.tools.macosx_11.7.0.202209140929/tools/bin/../lib/gcc/arm-none-eabi/10.3.1/../../../../arm-none-eabi/lib/thumb/v6-m/nofp/libcr_c.a(_cr_sbrk.o)
 .ARM.attributes
                0x000000000000067d       0x2c /Applications/MCUXpressoIDE_11.7.0_9198/ide/plugins/com.nxp.mcuxpresso.tools.macosx_11.7.0.202209140929/tools/bin/../lib/gcc/arm-none-eabi/10.3.1/../../../../arm-none-eabi/lib/thumb/v6-m/nofp/libcr_c.a(_do_fflush.o)
 .ARM.attributes
                0x00000000000006a9       0x2c /Applications/MCUXpressoIDE_11.7.0_9198/ide/plugins/com.nxp.mcuxpresso.tools.macosx_11.7.0.202209140929/tools/bin/../lib/gcc/arm-none-eabi/10.3.1/../../../../arm-none-eabi/lib/thumb/v6-m/nofp/libcr_c.a(errno.o)
 .ARM.attributes
                0x00000000000006d5       0x2c /Applications/MCUXpressoIDE_11.7.0_9198/ide/plugins/com.nxp.mcuxpresso.tools.macosx_11.7.0.202209140929/tools/bin/../lib/gcc/arm-none-eabi/10.3.1/../../../../arm-none-eabi/lib/thumb/v6-m/nofp/libcr_c.a(_cr_check_heap.o)
 .ARM.attributes
                0x0000000000000701       0x1c /Applications/MCUXpressoIDE_11.7.0_9198/ide/plugins/com.nxp.mcuxpresso.tools.macosx_11.7.0.202209140929/tools/bin/../lib/gcc/arm-none-eabi/10.3.1/thumb/v6-m/nofp/libcr_eabihelpers.a(division_32.o)
 .ARM.attributes
                0x000000000000071d       0x1c /Applications/MCUXpressoIDE_11.7.0_9198/ide/plugins/com.nxp.mcuxpresso.tools.macosx_11.7.0.202209140929/tools/bin/../lib/gcc/arm-none-eabi/10.3.1/thumb/v6-m/nofp/libcr_eabihelpers.a(division_idiv0.o)
 .ARM.attributes
                0x0000000000000739       0x1c /Applications/MCUXpressoIDE_11.7.0_9198/ide/plugins/com.nxp.mcuxpresso.tools.macosx_11.7.0.202209140929/tools/bin/../lib/gcc/arm-none-eabi/10.3.1/thumb/v6-m/nofp/libcr_eabihelpers.a(llong.o)
 .ARM.attributes
                0x0000000000000755       0x1c /Applications/MCUXpressoIDE_11.7.0_9198/ide/plugins/com.nxp.mcuxpresso.tools.macosx_11.7.0.202209140929/tools/bin/../lib/gcc/arm-none-eabi/10.3.1/thumb/v6-m/nofp/libcr_eabihelpers.a(memcpy.o)
 .ARM.attributes
                0x0000000000000771       0x1c /Applications/MCUXpressoIDE_11.7.0_9198/ide/plugins/com.nxp.mcuxpresso.tools.macosx_11.7.0.202209140929/tools/bin/../lib/gcc/arm-none-eabi/10.3.1/thumb/v6-m/nofp/libcr_eabihelpers.a(thumb1_switch_helpers.o)
 .ARM.attributes
                0x000000000000078d       0x2c /Applications/MCUXpressoIDE_11.7.0_9198/ide/plugins/com.nxp.mcuxpresso.tools.macosx_11.7.0.202209140929/tools/bin/../lib/gcc/arm-none-eabi/10.3.1/../../../../arm-none-eabi/lib/thumb/v6-m/nofp/libcr_nohost_nf.a(__ciob.o)
 .ARM.attributes
                0x00000000000007b9       0x2c /Applications/MCUXpressoIDE_11.7.0_9198/ide/plugins/com.nxp.mcuxpresso.tools.macosx_11.7.0.202209140929/tools/bin/../lib/gcc/arm-none-eabi/10.3.1/../../../../arm-none-eabi/lib/thumb/v6-m/nofp/libcr_nohost_nf.a(__sys_appexit.o)
 .ARM.attributes
                0x00000000000007e5       0x2c /Applications/MCUXpressoIDE_11.7.0_9198/ide/plugins/com.nxp.mcuxpresso.tools.macosx_11.7.0.202209140929/tools/bin/../lib/gcc/arm-none-eabi/10.3.1/../../../../arm-none-eabi/lib/thumb/v6-m/nofp/libcr_nohost_nf.a(__sys_close.o)
 .ARM.attributes
                0x0000000000000811       0x2c /Applications/MCUXpressoIDE_11.7.0_9198/ide/plugins/com.nxp.mcuxpresso.tools.macosx_11.7.0.202209140929/tools/bin/../lib/gcc/arm-none-eabi/10.3.1/../../../../arm-none-eabi/lib/thumb/v6-m/nofp/libcr_nohost_nf.a(__sys_flen.o)
 .ARM.attributes
                0x000000000000083d       0x2c /Applications/MCUXpressoIDE_11.7.0_9198/ide/plugins/com.nxp.mcuxpresso.tools.macosx_11.7.0.202209140929/tools/bin/../lib/gcc/arm-none-eabi/10.3.1/../../../../arm-none-eabi/lib/thumb/v6-m/nofp/libcr_nohost_nf.a(__sys_istty.o)
 .ARM.attributes
                0x0000000000000869       0x2c /Applications/MCUXpressoIDE_11.7.0_9198/ide/plugins/com.nxp.mcuxpresso.tools.macosx_11.7.0.202209140929/tools/bin/../lib/gcc/arm-none-eabi/10.3.1/../../../../arm-none-eabi/lib/thumb/v6-m/nofp/libcr_nohost_nf.a(__sys_remove.o)
 .ARM.attributes
                0x0000000000000895       0x2c /Applications/MCUXpressoIDE_11.7.0_9198/ide/plugins/com.nxp.mcuxpresso.tools.macosx_11.7.0.202209140929/tools/bin/../lib/gcc/arm-none-eabi/10.3.1/../../../../arm-none-eabi/lib/thumb/v6-m/nofp/libcr_nohost_nf.a(__sys_seek.o)
 .ARM.attributes
                0x00000000000008c1       0x2c /Applications/MCUXpressoIDE_11.7.0_9198/ide/plugins/com.nxp.mcuxpresso.tools.macosx_11.7.0.202209140929/tools/bin/../lib/gcc/arm-none-eabi/10.3.1/../../../../arm-none-eabi/lib/thumb/v6-m/nofp/libcr_nohost_nf.a(__sys_tmpnam.o)

.debug_frame    0x0000000000000000     0x1af0
 .debug_frame   0x0000000000000000      0x10c ./utilities/fsl_debug_console.o
 .debug_frame   0x000000000000010c      0x498 ./startup/startup_mkl25z4.o
 .debug_frame   0x00000000000005a4       0x90 ./source/isha.o
 .debug_frame   0x0000000000000634       0x74 ./source/main.o
 .debug_frame   0x00000000000006a8       0x80 ./source/pbkdf2.o
 .debug_frame   0x0000000000000728      0x104 ./source/pbkdf2_test.o
 .debug_frame   0x000000000000082c       0x20 ./source/semihost_hardfault.o
 .debug_frame   0x000000000000084c       0xfc ./source/ticktime.o
 .debug_frame   0x0000000000000948      0x6e0 ./drivers/fsl_clock.o
 .debug_frame   0x0000000000001028      0x414 ./drivers/fsl_lpsci.o
 .debug_frame   0x000000000000143c      0x464 ./drivers/fsl_uart.o
 .debug_frame   0x00000000000018a0       0x50 ./board/board.o
 .debug_frame   0x00000000000018f0      0x100 ./board/clock_config.o
 .debug_frame   0x00000000000019f0       0x2c ./board/peripherals.o
 .debug_frame   0x0000000000001a1c       0x88 ./board/pin_mux.o
 .debug_frame   0x0000000000001aa4       0x4c ./CMSIS/system_MKL25Z4.o

Cross Reference Table

Symbol                                            File
ADC0_DriverIRQHandler                             ./startup/startup_mkl25z4.o
ADC0_IRQHandler                                   ./startup/startup_mkl25z4.o
BOARD_BootClockRUN                                ./board/clock_config.o
BOARD_BootClockVLPR                               ./board/clock_config.o
BOARD_InitBootClocks                              ./board/clock_config.o
                                                  ./source/main.o
BOARD_InitBootPeripherals                         ./board/peripherals.o
                                                  ./source/main.o
BOARD_InitBootPins                                ./board/pin_mux.o
                                                  ./source/main.o
BOARD_InitDebugConsole                            ./board/board.o
                                                  ./source/main.o
BOARD_InitPins                                    ./board/pin_mux.o
CLOCK_BootToBlpeMode                              ./drivers/fsl_clock.o
CLOCK_BootToBlpiMode                              ./drivers/fsl_clock.o
                                                  ./board/clock_config.o
CLOCK_BootToFeeMode                               ./drivers/fsl_clock.o
CLOCK_BootToFeiMode                               ./drivers/fsl_clock.o
CLOCK_BootToPeeMode                               ./drivers/fsl_clock.o
                                                  ./board/clock_config.o
CLOCK_CalcPllDiv                                  ./drivers/fsl_clock.o
CLOCK_ClearStatusFlags                            ./drivers/fsl_clock.o
CLOCK_DeinitOsc0                                  ./drivers/fsl_clock.o
CLOCK_EnablePll0                                  ./drivers/fsl_clock.o
CLOCK_EnableUsbfs0Clock                           ./drivers/fsl_clock.o
CLOCK_ExternalModeToFbeModeQuick                  ./drivers/fsl_clock.o
CLOCK_FllStableDelay                              ./drivers/fsl_clock.o
CLOCK_GetBusClkFreq                               ./drivers/fsl_clock.o
CLOCK_GetCoreSysClkFreq                           ./drivers/fsl_clock.o
CLOCK_GetEr32kClkFreq                             ./drivers/fsl_clock.o
CLOCK_GetFixedFreqClkFreq                         ./drivers/fsl_clock.o
CLOCK_GetFlashClkFreq                             ./drivers/fsl_clock.o
CLOCK_GetFllFreq                                  ./drivers/fsl_clock.o
CLOCK_GetFreq                                     ./drivers/fsl_clock.o
CLOCK_GetInternalRefClkFreq                       ./drivers/fsl_clock.o
CLOCK_GetMode                                     ./drivers/fsl_clock.o
CLOCK_GetOsc0ErClkFreq                            ./drivers/fsl_clock.o
CLOCK_GetOutClkFreq                               ./drivers/fsl_clock.o
CLOCK_GetPlatClkFreq                              ./drivers/fsl_clock.o
CLOCK_GetPll0Freq                                 ./drivers/fsl_clock.o
CLOCK_GetPllFllSelClkFreq                         ./drivers/fsl_clock.o
                                                  ./board/board.o
CLOCK_GetStatusFlags                              ./drivers/fsl_clock.o
CLOCK_InitOsc0                                    ./drivers/fsl_clock.o
                                                  ./board/clock_config.o
CLOCK_InternalModeToFbiModeQuick                  ./drivers/fsl_clock.o
CLOCK_SetBlpeMode                                 ./drivers/fsl_clock.o
CLOCK_SetBlpiMode                                 ./drivers/fsl_clock.o
CLOCK_SetExternalRefClkConfig                     ./drivers/fsl_clock.o
CLOCK_SetFbeMode                                  ./drivers/fsl_clock.o
CLOCK_SetFbiMode                                  ./drivers/fsl_clock.o
CLOCK_SetFeeMode                                  ./drivers/fsl_clock.o
CLOCK_SetFeiMode                                  ./drivers/fsl_clock.o
CLOCK_SetInternalRefClkConfig                     ./drivers/fsl_clock.o
                                                  ./board/clock_config.o
CLOCK_SetMcgConfig                                ./drivers/fsl_clock.o
CLOCK_SetOsc0MonitorMode                          ./drivers/fsl_clock.o
CLOCK_SetPbeMode                                  ./drivers/fsl_clock.o
CLOCK_SetPeeMode                                  ./drivers/fsl_clock.o
CLOCK_SetPll0MonitorMode                          ./drivers/fsl_clock.o
CLOCK_SetSimConfig                                ./drivers/fsl_clock.o
                                                  ./board/clock_config.o
CLOCK_TrimInternalRefClk                          ./drivers/fsl_clock.o
CMP0_DriverIRQHandler                             ./startup/startup_mkl25z4.o
CMP0_IRQHandler                                   ./startup/startup_mkl25z4.o
DAC0_DriverIRQHandler                             ./startup/startup_mkl25z4.o
DAC0_IRQHandler                                   ./startup/startup_mkl25z4.o
DMA0_DriverIRQHandler                             ./startup/startup_mkl25z4.o
DMA0_IRQHandler                                   ./startup/startup_mkl25z4.o
DMA1_DriverIRQHandler                             ./startup/startup_mkl25z4.o
DMA1_IRQHandler                                   ./startup/startup_mkl25z4.o
DMA2_DriverIRQHandler                             ./startup/startup_mkl25z4.o
DMA2_IRQHandler                                   ./startup/startup_mkl25z4.o
DMA3_DriverIRQHandler                             ./startup/startup_mkl25z4.o
DMA3_IRQHandler                                   ./startup/startup_mkl25z4.o
DbgConsole_Deinit                                 ./utilities/fsl_debug_console.o
DbgConsole_Init                                   ./utilities/fsl_debug_console.o
                                                  ./board/board.o
FLASH_Erase                                       ./drivers/fsl_flash.o
FLASH_EraseAll                                    ./drivers/fsl_flash.o
FLASH_EraseAllExecuteOnlySegments                 ./drivers/fsl_flash.o
FLASH_GetProperty                                 ./drivers/fsl_flash.o
FLASH_GetSecurityState                            ./drivers/fsl_flash.o
FLASH_Init                                        ./drivers/fsl_flash.o
FLASH_IsExecuteOnly                               ./drivers/fsl_flash.o
FLASH_IsProtected                                 ./drivers/fsl_flash.o
FLASH_PflashGetPrefetchSpeculation                ./drivers/fsl_flash.o
FLASH_PflashGetProtection                         ./drivers/fsl_flash.o
FLASH_PflashSetPrefetchSpeculation                ./drivers/fsl_flash.o
                                                  ./drivers/fsl_smc.o
FLASH_PflashSetProtection                         ./drivers/fsl_flash.o
FLASH_PrepareExecuteInRamFunctions                ./drivers/fsl_flash.o
FLASH_Program                                     ./drivers/fsl_flash.o
FLASH_ProgramOnce                                 ./drivers/fsl_flash.o
FLASH_ReadOnce                                    ./drivers/fsl_flash.o
FLASH_ReadResource                                ./drivers/fsl_flash.o
FLASH_SecurityBypass                              ./drivers/fsl_flash.o
FLASH_SetCallback                                 ./drivers/fsl_flash.o
FLASH_SetProperty                                 ./drivers/fsl_flash.o
FLASH_VerifyErase                                 ./drivers/fsl_flash.o
FLASH_VerifyEraseAll                              ./drivers/fsl_flash.o
FLASH_VerifyEraseAllExecuteOnlySegments           ./drivers/fsl_flash.o
FLASH_VerifyProgram                               ./drivers/fsl_flash.o
FTFA_DriverIRQHandler                             ./startup/startup_mkl25z4.o
FTFA_IRQHandler                                   ./startup/startup_mkl25z4.o
Flash_Config                                      ./startup/startup_mkl25z4.o
GPIO_ClearPinsInterruptFlags                      ./drivers/fsl_gpio.o
GPIO_GetPinsInterruptFlags                        ./drivers/fsl_gpio.o
GPIO_PinInit                                      ./drivers/fsl_gpio.o
HardFault_Handler                                 ./source/semihost_hardfault.o
                                                  ./startup/startup_mkl25z4.o
I2C0_DriverIRQHandler                             ./startup/startup_mkl25z4.o
I2C0_IRQHandler                                   ./startup/startup_mkl25z4.o
I2C1_DriverIRQHandler                             ./startup/startup_mkl25z4.o
I2C1_IRQHandler                                   ./startup/startup_mkl25z4.o
ISHAInput                                         ./source/isha.o
                                                  ./source/pbkdf2_test.o
                                                  ./source/pbkdf2.o
ISHAProcessMessageBlock                           ./source/assembly_ISHAProcessMessageBlock.o
                                                  ./source/isha.o
ISHAReset                                         ./source/isha.o
                                                  ./source/pbkdf2_test.o
                                                  ./source/pbkdf2.o
ISHAResult                                        ./source/isha.o
                                                  ./source/pbkdf2_test.o
                                                  ./source/pbkdf2.o
InstallIRQHandler                                 ./drivers/fsl_common.o
IntDefaultHandler                                 ./startup/startup_mkl25z4.o
LLWU_DriverIRQHandler                             ./startup/startup_mkl25z4.o
LLWU_IRQHandler                                   ./startup/startup_mkl25z4.o
LPSCI_ClearStatusFlags                            ./drivers/fsl_lpsci.o
LPSCI_Deinit                                      ./drivers/fsl_lpsci.o
                                                  ./utilities/fsl_debug_console.o
LPSCI_DisableInterrupts                           ./drivers/fsl_lpsci.o
LPSCI_EnableInterrupts                            ./drivers/fsl_lpsci.o
LPSCI_GetDefaultConfig                            ./drivers/fsl_lpsci.o
                                                  ./utilities/fsl_debug_console.o
LPSCI_GetEnabledInterrupts                        ./drivers/fsl_lpsci.o
LPSCI_GetInstance                                 ./drivers/fsl_lpsci.o
LPSCI_GetStatusFlags                              ./drivers/fsl_lpsci.o
LPSCI_Init                                        ./drivers/fsl_lpsci.o
                                                  ./utilities/fsl_debug_console.o
LPSCI_ReadBlocking                                ./drivers/fsl_lpsci.o
                                                  ./utilities/fsl_debug_console.o
LPSCI_SetBaudRate                                 ./drivers/fsl_lpsci.o
LPSCI_TransferAbortReceive                        ./drivers/fsl_lpsci.o
LPSCI_TransferAbortSend                           ./drivers/fsl_lpsci.o
LPSCI_TransferCreateHandle                        ./drivers/fsl_lpsci.o
LPSCI_TransferGetReceiveCount                     ./drivers/fsl_lpsci.o
LPSCI_TransferGetSendCount                        ./drivers/fsl_lpsci.o
LPSCI_TransferHandleErrorIRQ                      ./drivers/fsl_lpsci.o
LPSCI_TransferHandleIRQ                           ./drivers/fsl_lpsci.o
LPSCI_TransferReceiveNonBlocking                  ./drivers/fsl_lpsci.o
LPSCI_TransferSendNonBlocking                     ./drivers/fsl_lpsci.o
LPSCI_TransferStartRingBuffer                     ./drivers/fsl_lpsci.o
LPSCI_TransferStopRingBuffer                      ./drivers/fsl_lpsci.o
LPSCI_WriteBlocking                               ./drivers/fsl_lpsci.o
                                                  ./utilities/fsl_debug_console.o
LPTMR0_DriverIRQHandler                           ./startup/startup_mkl25z4.o
LPTMR0_IRQHandler                                 ./startup/startup_mkl25z4.o
LVD_LVW_DriverIRQHandler                          ./startup/startup_mkl25z4.o
LVD_LVW_IRQHandler                                ./startup/startup_mkl25z4.o
MCG_DriverIRQHandler                              ./startup/startup_mkl25z4.o
MCG_IRQHandler                                    ./startup/startup_mkl25z4.o
NMI_Handler                                       ./startup/startup_mkl25z4.o
PIT_DriverIRQHandler                              ./startup/startup_mkl25z4.o
PIT_IRQHandler                                    ./startup/startup_mkl25z4.o
PORTA_DriverIRQHandler                            ./startup/startup_mkl25z4.o
PORTA_IRQHandler                                  ./startup/startup_mkl25z4.o
PORTD_DriverIRQHandler                            ./startup/startup_mkl25z4.o
PORTD_IRQHandler                                  ./startup/startup_mkl25z4.o
PendSV_Handler                                    ./startup/startup_mkl25z4.o
RTC_DriverIRQHandler                              ./startup/startup_mkl25z4.o
RTC_IRQHandler                                    ./startup/startup_mkl25z4.o
RTC_Seconds_DriverIRQHandler                      ./startup/startup_mkl25z4.o
RTC_Seconds_IRQHandler                            ./startup/startup_mkl25z4.o
Reserved20_DriverIRQHandler                       ./startup/startup_mkl25z4.o
Reserved20_IRQHandler                             ./startup/startup_mkl25z4.o
Reserved39_DriverIRQHandler                       ./startup/startup_mkl25z4.o
Reserved39_IRQHandler                             ./startup/startup_mkl25z4.o
Reserved45_DriverIRQHandler                       ./startup/startup_mkl25z4.o
Reserved45_IRQHandler                             ./startup/startup_mkl25z4.o
ResetISR                                          ./startup/startup_mkl25z4.o
SMC_PostExitStopModes                             ./drivers/fsl_smc.o
SMC_PreEnterStopModes                             ./drivers/fsl_smc.o
SMC_SetPowerModeLls                               ./drivers/fsl_smc.o
SMC_SetPowerModeRun                               ./drivers/fsl_smc.o
SMC_SetPowerModeStop                              ./drivers/fsl_smc.o
SMC_SetPowerModeVlls                              ./drivers/fsl_smc.o
SMC_SetPowerModeVlpr                              ./drivers/fsl_smc.o
                                                  ./board/clock_config.o
SMC_SetPowerModeVlps                              ./drivers/fsl_smc.o
SMC_SetPowerModeVlpw                              ./drivers/fsl_smc.o
SMC_SetPowerModeWait                              ./drivers/fsl_smc.o
SPI0_DriverIRQHandler                             ./startup/startup_mkl25z4.o
SPI0_IRQHandler                                   ./startup/startup_mkl25z4.o
SPI1_DriverIRQHandler                             ./startup/startup_mkl25z4.o
SPI1_IRQHandler                                   ./startup/startup_mkl25z4.o
SVC_Handler                                       ./startup/startup_mkl25z4.o
SysTick_Handler                                   ./source/ticktime.o
                                                  ./startup/startup_mkl25z4.o
SystemCoreClock                                   ./CMSIS/system_MKL25Z4.o
                                                  ./board/clock_config.o
SystemCoreClockUpdate                             ./CMSIS/system_MKL25Z4.o
SystemInit                                        ./CMSIS/system_MKL25Z4.o
                                                  ./startup/startup_mkl25z4.o
TPM0_DriverIRQHandler                             ./startup/startup_mkl25z4.o
TPM0_IRQHandler                                   ./startup/startup_mkl25z4.o
TPM1_DriverIRQHandler                             ./startup/startup_mkl25z4.o
TPM1_IRQHandler                                   ./startup/startup_mkl25z4.o
TPM2_DriverIRQHandler                             ./startup/startup_mkl25z4.o
TPM2_IRQHandler                                   ./startup/startup_mkl25z4.o
TSI0_DriverIRQHandler                             ./startup/startup_mkl25z4.o
TSI0_IRQHandler                                   ./startup/startup_mkl25z4.o
UART0_DriverIRQHandler                            ./drivers/fsl_lpsci.o
                                                  ./startup/startup_mkl25z4.o
UART0_IRQHandler                                  ./startup/startup_mkl25z4.o
UART1_DriverIRQHandler                            ./drivers/fsl_uart.o
                                                  ./startup/startup_mkl25z4.o
UART1_IRQHandler                                  ./startup/startup_mkl25z4.o
UART1_RX_TX_DriverIRQHandler                      ./drivers/fsl_uart.o
UART2_DriverIRQHandler                            ./drivers/fsl_uart.o
                                                  ./startup/startup_mkl25z4.o
UART2_IRQHandler                                  ./startup/startup_mkl25z4.o
UART2_RX_TX_DriverIRQHandler                      ./drivers/fsl_uart.o
UART_ClearStatusFlags                             ./drivers/fsl_uart.o
UART_Deinit                                       ./drivers/fsl_uart.o
                                                  ./utilities/fsl_debug_console.o
UART_DisableInterrupts                            ./drivers/fsl_uart.o
UART_EnableInterrupts                             ./drivers/fsl_uart.o
UART_GetDefaultConfig                             ./drivers/fsl_uart.o
                                                  ./utilities/fsl_debug_console.o
UART_GetEnabledInterrupts                         ./drivers/fsl_uart.o
UART_GetInstance                                  ./drivers/fsl_uart.o
UART_GetStatusFlags                               ./drivers/fsl_uart.o
UART_Init                                         ./drivers/fsl_uart.o
                                                  ./utilities/fsl_debug_console.o
UART_ReadBlocking                                 ./drivers/fsl_uart.o