Archive member included to satisfy reference by file (symbol)

/Applications/MCUXpressoIDE_11.7.0_9198/ide/plugins/com.nxp.mcuxpresso.tools.macosx_11.7.0.202209140929/tools/bin/../lib/gcc/arm-none-eabi/10.3.1/../../../../arm-none-eabi/lib/thumb/v6-m/nofp/libcr_semihost_nf.a(__ciob.o)
                              ./source/Accumulate_Line.o (__Ciob)
/Applications/MCUXpressoIDE_11.7.0_9198/ide/plugins/com.nxp.mcuxpresso.tools.macosx_11.7.0.202209140929/tools/bin/../lib/gcc/arm-none-eabi/10.3.1/../../../../arm-none-eabi/lib/thumb/v6-m/nofp/libcr_semihost_nf.a(_cr__main.o)
                              ./startup/startup_mkl25z4.o (__main)
/Applications/MCUXpressoIDE_11.7.0_9198/ide/plugins/com.nxp.mcuxpresso.tools.macosx_11.7.0.202209140929/tools/bin/../lib/gcc/arm-none-eabi/10.3.1/../../../../arm-none-eabi/lib/thumb/v6-m/nofp/libcr_c.a(memcpy.o)
                              ./source/main.o (memcpy)
/Applications/MCUXpressoIDE_11.7.0_9198/ide/plugins/com.nxp.mcuxpresso.tools.macosx_11.7.0.202209140929/tools/bin/../lib/gcc/arm-none-eabi/10.3.1/../../../../arm-none-eabi/lib/thumb/v6-m/nofp/libcr_c.a(memset.o)
                              ./source/process_command.o (memset)
/Applications/MCUXpressoIDE_11.7.0_9198/ide/plugins/com.nxp.mcuxpresso.tools.macosx_11.7.0.202209140929/tools/bin/../lib/gcc/arm-none-eabi/10.3.1/../../../../arm-none-eabi/lib/thumb/v6-m/nofp/libcr_c.a(_deferredlazyseek.o)
                              ./source/Accumulate_Line.o (__flsbuf)
/Applications/MCUXpressoIDE_11.7.0_9198/ide/plugins/com.nxp.mcuxpresso.tools.macosx_11.7.0.202209140929/tools/bin/../lib/gcc/arm-none-eabi/10.3.1/../../../../arm-none-eabi/lib/thumb/v6-m/nofp/libcr_c.a(_fflush.o)
                              /Applications/MCUXpressoIDE_11.7.0_9198/ide/plugins/com.nxp.mcuxpresso.tools.macosx_11.7.0.202209140929/tools/bin/../lib/gcc/arm-none-eabi/10.3.1/../../../../arm-none-eabi/lib/thumb/v6-m/nofp/libcr_c.a(_deferredlazyseek.o) (_fflush)
/Applications/MCUXpressoIDE_11.7.0_9198/ide/plugins/com.nxp.mcuxpresso.tools.macosx_11.7.0.202209140929/tools/bin/../lib/gcc/arm-none-eabi/10.3.1/../../../../arm-none-eabi/lib/thumb/v6-m/nofp/libcr_c.a(_writebuf.o)
                              /Applications/MCUXpressoIDE_11.7.0_9198/ide/plugins/com.nxp.mcuxpresso.tools.macosx_11.7.0.202209140929/tools/bin/../lib/gcc/arm-none-eabi/10.3.1/../../../../arm-none-eabi/lib/thumb/v6-m/nofp/libcr_c.a(_deferredlazyseek.o) (_Cwritebuf)
/Applications/MCUXpressoIDE_11.7.0_9198/ide/plugins/com.nxp.mcuxpresso.tools.macosx_11.7.0.202209140929/tools/bin/../lib/gcc/arm-none-eabi/10.3.1/../../../../arm-none-eabi/lib/thumb/v6-m/nofp/libcr_c.a(alloc.o)
                              /Applications/MCUXpressoIDE_11.7.0_9198/ide/plugins/com.nxp.mcuxpresso.tools.macosx_11.7.0.202209140929/tools/bin/../lib/gcc/arm-none-eabi/10.3.1/../../../../arm-none-eabi/lib/thumb/v6-m/nofp/libcr_c.a(_deferredlazyseek.o) (_Csys_alloc)
/Applications/MCUXpressoIDE_11.7.0_9198/ide/plugins/com.nxp.mcuxpresso.tools.macosx_11.7.0.202209140929/tools/bin/../lib/gcc/arm-none-eabi/10.3.1/../../../../arm-none-eabi/lib/thumb/v6-m/nofp/libcr_c.a(fseek.o)
                              /Applications/MCUXpressoIDE_11.7.0_9198/ide/plugins/com.nxp.mcuxpresso.tools.macosx_11.7.0.202209140929/tools/bin/../lib/gcc/arm-none-eabi/10.3.1/../../../../arm-none-eabi/lib/thumb/v6-m/nofp/libcr_c.a(_deferredlazyseek.o) (fseek)
/Applications/MCUXpressoIDE_11.7.0_9198/ide/plugins/com.nxp.mcuxpresso.tools.macosx_11.7.0.202209140929/tools/bin/../lib/gcc/arm-none-eabi/10.3.1/../../../../arm-none-eabi/lib/thumb/v6-m/nofp/libcr_c.a(ftell.o)
                              /Applications/MCUXpressoIDE_11.7.0_9198/ide/plugins/com.nxp.mcuxpresso.tools.macosx_11.7.0.202209140929/tools/bin/../lib/gcc/arm-none-eabi/10.3.1/../../../../arm-none-eabi/lib/thumb/v6-m/nofp/libcr_c.a(fseek.o) (ftell)
/Applications/MCUXpressoIDE_11.7.0_9198/ide/plugins/com.nxp.mcuxpresso.tools.macosx_11.7.0.202209140929/tools/bin/../lib/gcc/arm-none-eabi/10.3.1/../../../../arm-none-eabi/lib/thumb/v6-m/nofp/libcr_c.a(initio.o)
                              /Applications/MCUXpressoIDE_11.7.0_9198/ide/plugins/com.nxp.mcuxpresso.tools.macosx_11.7.0.202209140929/tools/bin/../lib/gcc/arm-none-eabi/10.3.1/../../../../arm-none-eabi/lib/thumb/v6-m/nofp/libcr_semihost_nf.a(_cr__main.o) (_initio)
/Applications/MCUXpressoIDE_11.7.0_9198/ide/plugins/com.nxp.mcuxpresso.tools.macosx_11.7.0.202209140929/tools/bin/../lib/gcc/arm-none-eabi/10.3.1/../../../../arm-none-eabi/lib/thumb/v6-m/nofp/libcr_c.a(printf.o)
                              ./source/Accumulate_Line.o (_printf)
/Applications/MCUXpressoIDE_11.7.0_9198/ide/plugins/com.nxp.mcuxpresso.tools.macosx_11.7.0.202209140929/tools/bin/../lib/gcc/arm-none-eabi/10.3.1/../../../../arm-none-eabi/lib/thumb/v6-m/nofp/libcr_c.a(setvbuf.o)
[...]
Memory Configuration

Name             Origin             Length             Attributes
PROGRAM_FLASH    0x0000000000000000 0x0000000000020000 xr
SRAM             0x000000001ffff000 0x0000000000004000 xrw
*default*        0x0000000000000000 0xffffffffffffffff

Linker script and memory map

LOAD ./utilities/fsl_debug_console.o
LOAD ./startup/startup_mkl25z4.o
LOAD ./source/Accumulate_Line.o
LOAD ./source/TSI.o
LOAD ./source/cbfifo.o
LOAD ./source/i2c.o
LOAD ./source/main.o
LOAD ./source/mtb.o
LOAD ./source/process_command.o
LOAD ./source/pwm.o
LOAD ./source/rgb_led.o
LOAD ./source/semihost_hardfault.o
LOAD ./source/sht21.o
LOAD ./source/state_machine.o
LOAD ./source/sysclock.o
LOAD ./source/test_cbfifo.o
LOAD ./source/test_sht21.o
LOAD ./source/timer.o
LOAD ./source/uart.o
LOAD ./source/wdt.o
LOAD ./drivers/fsl_clock.o
LOAD ./drivers/fsl_common.o
LOAD ./drivers/fsl_flash.o
LOAD ./drivers/fsl_gpio.o
LOAD ./drivers/fsl_lpsci.o
LOAD ./drivers/fsl_smc.o
LOAD ./drivers/fsl_uart.o
LOAD ./board/board.o
LOAD ./board/clock_config.o
LOAD ./board/peripherals.o
LOAD ./board/pin_mux.o
LOAD ./CMSIS/system_MKL25Z4.o
START GROUP
LOAD /Applications/MCUXpressoIDE_11.7.0_9198/ide/plugins/com.nxp.mcuxpresso.tools.macosx_11.7.0.202209140929/tools/bin/../lib/gcc/arm-none-eabi/10.3.1/../../../../arm-none-eabi/lib/thumb/v6-m/nofp/libcr_semihost_nf.a
LOAD /Applications/MCUXpressoIDE_11.7.0_9198/ide/plugins/com.nxp.mcuxpresso.tools.macosx_11.7.0.202209140929/tools/bin/../lib/gcc/arm-none-eabi/10.3.1/../../../../arm-none-eabi/lib/thumb/v6-m/nofp/libcr_c.a
LOAD /Applications/MCUXpressoIDE_11.7.0_9198/ide/plugins/com.nxp.mcuxpresso.tools.macosx_11.7.0.202209140929/tools/bin/../lib/gcc/arm-none-eabi/10.3.1/thumb/v6-m/nofp/libcr_eabihelpers.a
LOAD /Applications/MCUXpressoIDE_11.7.0_9198/ide/plugins/com.nxp.mcuxpresso.tools.macosx_11.7.0.202209140929/tools/bin/../lib/gcc/arm-none-eabi/10.3.1/thumb/v6-m/nofp/libgcc.a
END GROUP
                0x0000000000000000                __base_PROGRAM_FLASH = 0x0
                0x0000000000000000                __base_Flash = 0x0
                0x0000000000020000                __top_PROGRAM_FLASH = 0x20000
                0x0000000000020000                __top_Flash = 0x20000
                0x000000001ffff000                __base_SRAM = 0x1ffff000
                0x000000001ffff000                __base_RAM = 0x1ffff000
                0x0000000020003000                __top_SRAM = 0x20003000
                0x0000000020003000                __top_RAM = 0x20003000

.text           0x0000000000000000     0x467c
 FILL mask 0xff
                0x0000000000000000                __vectors_start__ = ABSOLUTE (.)
 *(SORT_BY_ALIGNMENT(.isr_vector))
 .isr_vector    0x0000000000000000       0xc0 ./startup/startup_mkl25z4.o
                0x0000000000000000                __Vectors
                0x0000000000000000                g_pfnVectors
                0x00000000000000c0                . = ALIGN (0x4)
                0x00000000000000c0                __section_table_start = .
                0x00000000000000c0                __data_section_table = .
                0x00000000000000c0        0x4 LONG 0x467c LOADADDR (.data)
                0x00000000000000c4        0x4 LONG 0x1ffff080 ADDR (.data)
                0x00000000000000c8        0x4 LONG 0x14 SIZEOF (.data)
                0x00000000000000cc                __data_section_table_end = .
                0x00000000000000cc                __bss_section_table = .
                0x00000000000000cc        0x4 LONG 0x1ffff094 ADDR (.bss)
                0x00000000000000d0        0x4 LONG 0x31c SIZEOF (.bss)
                0x00000000000000d4                __bss_section_table_end = .
                0x00000000000000d4                __section_table_end = .
 *(SORT_BY_ALIGNMENT(.after_vectors*))
 .after_vectors.reset
                0x00000000000000d4       0x44 ./startup/startup_mkl25z4.o
                0x00000000000000d4                ResetISR
 .after_vectors
                0x0000000000000118      0x10c ./startup/startup_mkl25z4.o
                0x0000000000000118                NMI_Handler
                0x000000000000011c                SVC_Handler
                0x000000000000011e                PendSV_Handler
                0x0000000000000122                DMA0_DriverIRQHandler
                0x0000000000000122                SPI1_DriverIRQHandler
                0x0000000000000122                LPTMR0_DriverIRQHandler
                0x0000000000000122                I2C0_DriverIRQHandler
                0x0000000000000122                PORTD_DriverIRQHandler
                0x0000000000000122                DMA2_DriverIRQHandler
                0x0000000000000122                TPM2_DriverIRQHandler
                0x0000000000000122                CMP0_DriverIRQHandler
                0x0000000000000122                ADC0_DriverIRQHandler
                0x0000000000000122                TSI0_DriverIRQHandler
                0x0000000000000122                RTC_Seconds_DriverIRQHandler
                0x0000000000000122                SPI0_DriverIRQHandler
                0x0000000000000122                LLWU_DriverIRQHandler
                0x0000000000000122                MCG_DriverIRQHandler
                0x0000000000000122                I2C1_DriverIRQHandler
                0x0000000000000122                DMA1_DriverIRQHandler
                0x0000000000000122                FTFA_DriverIRQHandler
                0x0000000000000122                IntDefaultHandler
                0x0000000000000122                USB0_DriverIRQHandler
                0x0000000000000122                DAC0_DriverIRQHandler
                0x0000000000000122                PORTA_DriverIRQHandler
                0x0000000000000122                Reserved39_DriverIRQHandler
                0x0000000000000122                PIT_DriverIRQHandler
                0x0000000000000122                Reserved45_DriverIRQHandler
                0x0000000000000122                LVD_LVW_DriverIRQHandler
                0x0000000000000122                TPM0_DriverIRQHandler
                0x0000000000000122                RTC_DriverIRQHandler
                0x0000000000000122                TPM1_DriverIRQHandler
                0x0000000000000122                Reserved20_DriverIRQHandler
                0x0000000000000122                DMA3_DriverIRQHandler
                0x0000000000000124                DMA0_IRQHandler
                0x000000000000012c                DMA1_IRQHandler
                0x0000000000000134                DMA2_IRQHandler
                0x000000000000013c                DMA3_IRQHandler
                0x0000000000000144                Reserved20_IRQHandler
                0x000000000000014c                FTFA_IRQHandler
                0x0000000000000154                LVD_LVW_IRQHandler
                0x000000000000015c                LLWU_IRQHandler
                0x0000000000000164                I2C0_IRQHandler
                0x000000000000016c                I2C1_IRQHandler
                0x0000000000000174                SPI0_IRQHandler
                0x000000000000017c                SPI1_IRQHandler
                0x000000000000018c                UART1_IRQHandler
                0x0000000000000194                UART2_IRQHandler
                0x000000000000019c                ADC0_IRQHandler
                0x00000000000001a4                CMP0_IRQHandler
                0x00000000000001ac                TPM0_IRQHandler
                0x00000000000001b4                TPM1_IRQHandler
                0x00000000000001bc                TPM2_IRQHandler
                0x00000000000001c4                RTC_IRQHandler
                0x00000000000001cc                RTC_Seconds_IRQHandler
                0x00000000000001d4                PIT_IRQHandler
                0x00000000000001dc                Reserved39_IRQHandler
                0x00000000000001e4                USB0_IRQHandler
                0x00000000000001ec                DAC0_IRQHandler
                0x00000000000001f4                TSI0_IRQHandler
                0x00000000000001fc                MCG_IRQHandler
                0x0000000000000204                LPTMR0_IRQHandler
                0x000000000000020c                Reserved45_IRQHandler
                0x0000000000000214                PORTA_IRQHandler
                0x000000000000021c                PORTD_IRQHandler
 .after_vectors.init_data
                0x0000000000000224       0x16 ./startup/startup_mkl25z4.o
                0x0000000000000224                data_init
 .after_vectors.init_bss
                0x000000000000023a       0x14 ./startup/startup_mkl25z4.o
                0x000000000000023a                bss_init
                0x0000000000000400                . = 0x400
 *fill*         0x000000000000024e      0x1b2 ff
                0x0000000000000400                PROVIDE (__FLASH_CONFIG_START__ = .)
 *(SORT_BY_ALIGNMENT(.FlashConfig))
 .FlashConfig   0x0000000000000400       0x10 ./startup/startup_mkl25z4.o
                0x0000000000000400                Flash_Config
                0x0000000000000410                PROVIDE (__FLASH_CONFIG_END__ = .)
                0x0000000000000001                ASSERT (! ((__FLASH_CONFIG_START__ == __FLASH_CONFIG_END__)), Linker Flash Config Support Enabled, but no .FlashConfig section provided within application)
 *(SORT_BY_ALIGNMENT(.text*))
 .text.DbgConsole_Init
                0x0000000000000410       0x9c ./utilities/fsl_debug_console.o
                0x0000000000000410                DbgConsole_Init
 .text.input_process_command
                0x00000000000004ac       0x94 ./source/Accumulate_Line.o
                0x00000000000004ac                input_process_command
 .text.init_TSI
                0x0000000000000540       0x24 ./source/TSI.o
                0x0000000000000540                init_TSI
 .text.load_val_TSI
                0x0000000000000564       0x34 ./source/TSI.o
                0x0000000000000564                load_val_TSI
 .text.TSI_Polling
                0x0000000000000598       0x38 ./source/TSI.o
                0x0000000000000598                TSI_Polling
 .text.cbfifo_enqueue
                0x00000000000005d0       0x78 ./source/cbfifo.o
                0x00000000000005d0                cbfifo_enqueue
 .text.cbfifo_dequeue
                0x0000000000000648       0x74 ./source/cbfifo.o
                0x0000000000000648                cbfifo_dequeue
 .text.cbfifo_length
                0x00000000000006bc       0x14 ./source/cbfifo.o
                0x00000000000006bc                cbfifo_length
 .text.init_I2C1
                0x00000000000006d0       0x28 ./source/i2c.o
                0x00000000000006d0                init_I2C1
 .text.I2C1_Set_Flags
                0x00000000000006f8       0x38 ./source/i2c.o
                0x00000000000006f8                I2C1_Set_Flags
 .text.I2C1_read
                0x0000000000000730       0xc8 ./source/i2c.o
                0x0000000000000730                I2C1_read
 .text.startup.main
                0x00000000000007f8       0x80 ./source/main.o
                0x00000000000007f8                main
 .text.handle_author
                0x0000000000000878       0x18 ./source/process_command.o
                0x0000000000000878                handle_author
 .text.handle_test
                0x0000000000000890       0x10 ./source/process_command.o
                0x0000000000000890                handle_test
 .text.handle_help
                0x00000000000008a0       0x7c ./source/process_command.o
                0x00000000000008a0                handle_help
 .text.handle_hum
                0x000000000000091c       0x28 ./source/process_command.o
                0x000000000000091c                handle_hum
 .text.handle_temp
                0x0000000000000944       0x28 ./source/process_command.o
                0x0000000000000944                handle_temp
 .text.handle_statemachine
                0x000000000000096c       0x28 ./source/process_command.o
                0x000000000000096c                handle_statemachine
 .text.process_command
                0x0000000000000994       0xb4 ./source/process_command.o
                0x0000000000000994                process_command
 .text.Init_Blue_LED_PWM
                0x0000000000000a48       0x84 ./source/pwm.o
                0x0000000000000a48                Init_Blue_LED_PWM
 .text.Init_Green_LED_PWM
                0x0000000000000acc       0x84 ./source/pwm.o
                0x0000000000000acc                Init_Green_LED_PWM
 .text.Init_Red_LED_PWM
                0x0000000000000b50       0x84 ./source/pwm.o
                0x0000000000000b50                Init_Red_LED_PWM
 .text.Delay    0x0000000000000bd4       0x24 ./source/rgb_led.o
                0x0000000000000bd4                Delay
 .text.breathing_effect_blue
                0x0000000000000bf8       0x58 ./source/rgb_led.o
                0x0000000000000bf8                breathing_effect_blue
 .text.breathing_effect_red
                0x0000000000000c50       0x58 ./source/rgb_led.o
                0x0000000000000c50                breathing_effect_red
 .text.breathing_effect_white
                0x0000000000000ca8       0x50 ./source/rgb_led.o
                0x0000000000000ca8                breathing_effect_white
 .text.breathing_effect_yellow
                0x0000000000000cf8       0x58 ./source/rgb_led.o
                0x0000000000000cf8                breathing_effect_yellow
 .text.HardFault_Handler
                0x0000000000000d50       0x2c ./source/semihost_hardfault.o
                0x0000000000000d50                HardFault_Handler
 .text.read_temperature
                0x0000000000000d7c       0x40 ./source/sht21.o
                0x0000000000000d7c                read_temperature
 .text.read_humidity
                0x0000000000000dbc       0x38 ./source/sht21.o
                0x0000000000000dbc                read_humidity
 .text.check_temperature
                0x0000000000000df4       0x2c ./source/state_machine.o
                0x0000000000000df4                check_temperature
 .text.check_humidity
                0x0000000000000e20       0x20 ./source/state_machine.o
                0x0000000000000e20                check_humidity
 .text.print_temp_humd
                0x0000000000000e40       0x38 ./source/state_machine.o
                0x0000000000000e40                print_temp_humd
 .text.check_alert_mode_time
                0x0000000000000e78       0x34 ./source/state_machine.o
                0x0000000000000e78                check_alert_mode_time
 .text.check_slider_input
                0x0000000000000eac       0x4c ./source/state_machine.o
                0x0000000000000eac                check_slider_input
 .text.state_machine
                0x0000000000000ef8      0x1f0 ./source/state_machine.o
                0x0000000000000ef8                state_machine
 .text.sysclock_init
                0x00000000000010e8       0x40 ./source/sysclock.o
                0x00000000000010e8                sysclock_init
 .text.init_systick
                0x0000000000001128       0x2c ./source/timer.o
                0x0000000000001128                init_systick
 .text.SysTick_Handler
                0x0000000000001154       0x1c ./source/timer.o
                0x0000000000001154                SysTick_Handler
 .text.reset_timer
                0x0000000000001170       0x18 ./source/timer.o
                0x0000000000001170                reset_timer
 .text.reset_alert_mode_timer
                0x0000000000001188       0x18 ./source/timer.o
                0x0000000000001188                reset_alert_mode_timer
 .text.get_alert_time
                0x00000000000011a0       0x14 ./source/timer.o
                0x00000000000011a0                get_alert_time
 .text.Init_UART0
                0x00000000000011b4       0xdc ./source/uart.o
                0x00000000000011b4                Init_UART0
 .text.UART0_IRQHandler
                0x0000000000001290       0x78 ./source/uart.o
                0x0000000000001290                UART0_IRQHandler
 .text.__sys_write
                0x0000000000001308       0x4c ./source/uart.o
                0x0000000000001308                __sys_write
 .text.print_UI
                0x0000000000001354      0x114 ./source/uart.o
                0x0000000000001354                print_UI
 .text.Init_wdt
                0x0000000000001468       0x28 ./source/wdt.o
                0x0000000000001468                Init_wdt
 .text.Refresh_wdt
                0x0000000000001490       0x18 ./source/wdt.o
                0x0000000000001490                Refresh_wdt
 .text.CLOCK_GetFllRefClkFreq
                0x00000000000014a8       0x4c ./drivers/fsl_clock.o
 .text.CLOCK_SetSimConfig
                0x00000000000014f4       0x4c ./drivers/fsl_clock.o
                0x00000000000014f4                CLOCK_SetSimConfig
 .text.CLOCK_GetFllFreq
                0x0000000000001540       0x3c ./drivers/fsl_clock.o
                0x0000000000001540                CLOCK_GetFllFreq
 .text.CLOCK_GetPll0Freq
                0x000000000000157c       0x34 ./drivers/fsl_clock.o
                0x000000000000157c                CLOCK_GetPll0Freq
 .text.CLOCK_GetPllFllSelClkFreq
                0x00000000000015b0       0x24 ./drivers/fsl_clock.o
                0x00000000000015b0                CLOCK_GetPllFllSelClkFreq
 .text.CLOCK_SetInternalRefClkConfig
                0x00000000000015d4       0x74 ./drivers/fsl_clock.o
                0x00000000000015d4                CLOCK_SetInternalRefClkConfig
 .text.CLOCK_EnablePll0
                0x0000000000001648       0x30 ./drivers/fsl_clock.o
                0x0000000000001648                CLOCK_EnablePll0
 .text.CLOCK_InitOsc0
                0x0000000000001678       0x68 ./drivers/fsl_clock.o
                0x0000000000001678                CLOCK_InitOsc0
 .text.CLOCK_SetPbeMode
                0x00000000000016e0       0x50 ./drivers/fsl_clock.o
                0x00000000000016e0                CLOCK_SetPbeMode
 .text.CLOCK_BootToPeeMode
                0x0000000000001730       0x28 ./drivers/fsl_clock.o
                0x0000000000001730                CLOCK_BootToPeeMode
 .text.LPSCI_Init
                0x0000000000001758      0x12c ./drivers/fsl_lpsci.o
                0x0000000000001758                LPSCI_Init
 .text.LPSCI_ClearStatusFlags
                0x0000000000001884       0x54 ./drivers/fsl_lpsci.o
                0x0000000000001884                LPSCI_ClearStatusFlags
 .text.LPSCI_ReadBlocking
                0x00000000000018d8       0x78 ./drivers/fsl_lpsci.o
                0x00000000000018d8                LPSCI_ReadBlocking
 .text.UART0_DriverIRQHandler
                0x0000000000001950       0x1c ./drivers/fsl_lpsci.o
                0x0000000000001950                UART0_DriverIRQHandler
 .text.UART_GetInstance
                0x000000000000196c       0x20 ./drivers/fsl_uart.o
                0x000000000000196c                UART_GetInstance
 .text.UART_Init
                0x000000000000198c       0xe4 ./drivers/fsl_uart.o
                0x000000000000198c                UART_Init
 .text.UART_ReadBlocking
                0x0000000000001a70       0x60 ./drivers/fsl_uart.o
                0x0000000000001a70                UART_ReadBlocking
 .text.UART1_DriverIRQHandler
                0x0000000000001ad0       0x1c ./drivers/fsl_uart.o
                0x0000000000001ad0                UART1_DriverIRQHandler
 .text.UART2_DriverIRQHandler
                0x0000000000001aec       0x1c ./drivers/fsl_uart.o
                0x0000000000001aec                UART2_DriverIRQHandler
 .text.BOARD_InitDebugConsole
                0x0000000000001b08       0x38 ./board/board.o
                0x0000000000001b08                BOARD_InitDebugConsole
 .text.BOARD_BootClockRUN
                0x0000000000001b40       0x70 ./board/clock_config.o
                0x0000000000001b40                BOARD_BootClockRUN
 .text.BOARD_InitPins
                0x0000000000001bb0       0x44 ./board/pin_mux.o
                0x0000000000001bb0                BOARD_InitPins
 .text.SystemInit
                0x0000000000001bf4       0x10 ./CMSIS/system_MKL25Z4.o
                0x0000000000001bf4                SystemInit
 .text._deferredlazyseek
                0x0000000000001c04       0x40 /Applications/MCUXpressoIDE_11.7.0_9198/ide/plugins/com.nxp.mcuxpresso.tools.macosx_11.7.0.202209140929/tools/bin/../lib/gcc/arm-none-eabi/10.3.1/../../../../arm-none-eabi/lib/thumb/v6-m/nofp/libcr_c.a(_deferredlazyseek.o)
                0x0000000000001c04                _deferredlazyseek
 .text.__flsbuf
                0x0000000000001c44      0x150 /Applications/MCUXpressoIDE_11.7.0_9198/ide/plugins/com.nxp.mcuxpresso.tools.macosx_11.7.0.202209140929/tools/bin/../lib/gcc/arm-none-eabi/10.3.1/../../../../arm-none-eabi/lib/thumb/v6-m/nofp/libcr_c.a(_deferredlazyseek.o)
                0x0000000000001c44                __flsbuf
 .text._fflush  0x0000000000001d94       0x60 /Applications/MCUXpressoIDE_11.7.0_9198/ide/plugins/com.nxp.mcuxpresso.tools.macosx_11.7.0.202209140929/tools/bin/../lib/gcc/arm-none-eabi/10.3.1/../../../../arm-none-eabi/lib/thumb/v6-m/nofp/libcr_c.a(_fflush.o)
                0x0000000000001d94                _fflush
 .text._Cwritebuf
                0x0000000000001df4       0x68 /Applications/MCUXpressoIDE_11.7.0_9198/ide/plugins/com.nxp.mcuxpresso.tools.macosx_11.7.0.202209140929/tools/bin/../lib/gcc/arm-none-eabi/10.3.1/../../../../arm-none-eabi/lib/thumb/v6-m/nofp/libcr_c.a(_writebuf.o)
                0x0000000000001df4                _Cwritebuf
 .text.malloc   0x0000000000001e5c       0xcc /Applications/MCUXpressoIDE_11.7.0_9198/ide/plugins/com.nxp.mcuxpresso.tools.macosx_11.7.0.202209140929/tools/bin/../lib/gcc/arm-none-eabi/10.3.1/../../../../arm-none-eabi/lib/thumb/v6-m/nofp/libcr_c.a(alloc.o)
                0x0000000000001e5c                malloc
 .text._Csys_alloc
                0x0000000000001f28       0x20 /Applications/MCUXpressoIDE_11.7.0_9198/ide/plugins/com.nxp.mcuxpresso.tools.macosx_11.7.0.202209140929/tools/bin/../lib/gcc/arm-none-eabi/10.3.1/../../../../arm-none-eabi/lib/thumb/v6-m/nofp/libcr_c.a(alloc.o)
                0x0000000000001f28                _Csys_alloc
 .text.fseek    0x0000000000001f48       0xf0 /Applications/MCUXpressoIDE_11.7.0_9198/ide/plugins/com.nxp.mcuxpresso.tools.macosx_11.7.0.202209140929/tools/bin/../lib/gcc/arm-none-eabi/10.3.1/../../../../arm-none-eabi/lib/thumb/v6-m/nofp/libcr_c.a(fseek.o)
                0x0000000000001f48                fseek
 .text.ftell    0x0000000000002038       0x48 /Applications/MCUXpressoIDE_11.7.0_9198/ide/plugins/com.nxp.mcuxpresso.tools.macosx_11.7.0.202209140929/tools/bin/../lib/gcc/arm-none-eabi/10.3.1/../../../../arm-none-eabi/lib/thumb/v6-m/nofp/libcr_c.a(ftell.o)
                0x0000000000002038                ftell
 .text._initio  0x0000000000002080       0x7c /Applications/MCUXpressoIDE_11.7.0_9198/ide/plugins/com.nxp.mcuxpresso.tools.macosx_11.7.0.202209140929/tools/bin/../lib/gcc/arm-none-eabi/10.3.1/../../../../arm-none-eabi/lib/thumb/v6-m/nofp/libcr_c.a(initio.o)
                0x0000000000002080                _initio
 .text.__vfprintf
                0x00000000000020fc      0xd40 /Applications/MCUXpressoIDE_11.7.0_9198/ide/plugins/com.nxp.mcuxpresso.tools.macosx_11.7.0.202209140929/tools/bin/../lib/gcc/arm-none-eabi/10.3.1/../../../../arm-none-eabi/lib/thumb/v6-m/nofp/libcr_c.a(printf.o)
                0x00000000000020fc                __vfprintf
 .text._vsnprintf
                0x0000000000002e3c       0x70 /Applications/MCUXpressoIDE_11.7.0_9198/ide/plugins/com.nxp.mcuxpresso.tools.macosx_11.7.0.202209140929/tools/bin/../lib/gcc/arm-none-eabi/10.3.1/../../../../arm-none-eabi/lib/thumb/v6-m/nofp/libcr_c.a(printf.o)
                0x0000000000002e3c                _vsnprintf
 .text._printf  0x0000000000002eac       0x50 /Applications/MCUXpressoIDE_11.7.0_9198/ide/plugins/com.nxp.mcuxpresso.tools.macosx_11.7.0.202209140929/tools/bin/../lib/gcc/arm-none-eabi/10.3.1/../../../../arm-none-eabi/lib/thumb/v6-m/nofp/libcr_c.a(printf.o)
                0x0000000000002eac                _printf
 .text.setvbuf  0x0000000000002efc       0x4c /Applications/MCUXpressoIDE_11.7.0_9198/ide/plugins/com.nxp.mcuxpresso.tools.macosx_11.7.0.202209140929/tools/bin/../lib/gcc/arm-none-eabi/10.3.1/../../../../arm-none-eabi/lib/thumb/v6-m/nofp/libcr_c.a(setvbuf.o)
                0x0000000000002efc                setvbuf
 .text.strlen   0x0000000000002f48       0x58 /Applications/MCUXpressoIDE_11.7.0_9198/ide/plugins/com.nxp.mcuxpresso.tools.macosx_11.7.0.202209140929/tools/bin/../lib/gcc/arm-none-eabi/10.3.1/../../../../arm-none-eabi/lib/thumb/v6-m/nofp/libcr_c.a(strlen.o)
                0x0000000000002f48                strlen
 .text._sbrk    0x0000000000002fa0       0x44 /Applications/MCUXpressoIDE_11.7.0_9198/ide/plugins/com.nxp.mcuxpresso.tools.macosx_11.7.0.202209140929/tools/bin/../lib/gcc/arm-none-eabi/10.3.1/../../../../arm-none-eabi/lib/thumb/v6-m/nofp/libcr_c.a(_cr_sbrk.o)
                0x0000000000002fa0                _sbrk
 .text._fdopen  0x0000000000002fe4       0x74 /Applications/MCUXpressoIDE_11.7.0_9198/ide/plugins/com.nxp.mcuxpresso.tools.macosx_11.7.0.202209140929/tools/bin/../lib/gcc/arm-none-eabi/10.3.1/../../../../arm-none-eabi/lib/thumb/v6-m/nofp/libcr_c.a(_fdopen.o)
                0x0000000000002fe4                _fdopen
 .text.tolower  0x0000000000003058       0x14 /Applications/MCUXpressoIDE_11.7.0_9198/ide/plugins/com.nxp.mcuxpresso.tools.macosx_11.7.0.202209140929/tools/bin/../lib/gcc/arm-none-eabi/10.3.1/../../../../arm-none-eabi/lib/thumb/v6-m/nofp/libcr_c.a(ctype.o)
                0x0000000000003058                tolower
 .text.fclose   0x000000000000306c       0x5c /Applications/MCUXpressoIDE_11.7.0_9198/ide/plugins/com.nxp.mcuxpresso.tools.macosx_11.7.0.202209140929/tools/bin/../lib/gcc/arm-none-eabi/10.3.1/../../../../arm-none-eabi/lib/thumb/v6-m/nofp/libcr_c.a(fclose.o)
                0x000000000000306c                fclose
 .text.fflush   0x00000000000030c8       0x44 /Applications/MCUXpressoIDE_11.7.0_9198/ide/plugins/com.nxp.mcuxpresso.tools.macosx_11.7.0.202209140929/tools/bin/../lib/gcc/arm-none-eabi/10.3.1/../../../../arm-none-eabi/lib/thumb/v6-m/nofp/libcr_c.a(fflush.o)
                0x00000000000030c8                fflush
 .text.__check_heap_overflow
                0x000000000000310c       0x18 /Applications/MCUXpressoIDE_11.7.0_9198/ide/plugins/com.nxp.mcuxpresso.tools.macosx_11.7.0.202209140929/tools/bin/../lib/gcc/arm-none-eabi/10.3.1/../../../../arm-none-eabi/lib/thumb/v6-m/nofp/libcr_c.a(_cr_check_heap.o)
                0x000000000000310c                __check_heap_overflow
 .text._do_fflush
                0x0000000000003124       0x48 /Applications/MCUXpressoIDE_11.7.0_9198/ide/plugins/com.nxp.mcuxpresso.tools.macosx_11.7.0.202209140929/tools/bin/../lib/gcc/arm-none-eabi/10.3.1/../../../../arm-none-eabi/lib/thumb/v6-m/nofp/libcr_c.a(_do_fflush.o)
                0x0000000000003124                _do_fflush
 .text.__aeabi_dmul
                0x000000000000316c      0x184 /Applications/MCUXpressoIDE_11.7.0_9198/ide/plugins/com.nxp.mcuxpresso.tools.macosx_11.7.0.202209140929/tools/bin/../lib/gcc/arm-none-eabi/10.3.1/thumb/v6-m/nofp/libcr_eabihelpers.a(double.o)
                0x000000000000316c                __aeabi_dmul
 .text.__aeabi_ddiv
                0x00000000000032f0      0x14c /Applications/MCUXpressoIDE_11.7.0_9198/ide/plugins/com.nxp.mcuxpresso.tools.macosx_11.7.0.202209140929/tools/bin/../lib/gcc/arm-none-eabi/10.3.1/thumb/v6-m/nofp/libcr_eabihelpers.a(double.o)
                0x00000000000032f0                __aeabi_ddiv
 .text.__aeabi_dsub
                0x000000000000343c      0x1c0 /Applications/MCUXpressoIDE_11.7.0_9198/ide/plugins/com.nxp.mcuxpresso.tools.macosx_11.7.0.202209140929/tools/bin/../lib/gcc/arm-none-eabi/10.3.1/thumb/v6-m/nofp/libcr_eabihelpers.a(double.o)
                0x000000000000343c                __aeabi_dsub
 .text.__aeabi_dadd
                0x00000000000035fc      0x134 /Applications/MCUXpressoIDE_11.7.0_9198/ide/plugins/com.nxp.mcuxpresso.tools.macosx_11.7.0.202209140929/tools/bin/../lib/gcc/arm-none-eabi/10.3.1/thumb/v6-m/nofp/libcr_eabihelpers.a(double.o)
                0x00000000000035fc                __aeabi_dadd
 .text.__aeabi_d2f
                0x0000000000003730       0x60 /Applications/MCUXpressoIDE_11.7.0_9198/ide/plugins/com.nxp.mcuxpresso.tools.macosx_11.7.0.202209140929/tools/bin/../lib/gcc/arm-none-eabi/10.3.1/thumb/v6-m/nofp/libcr_eabihelpers.a(double.o)
                0x0000000000003730                __aeabi_d2f
 .text.__aeabi_d2uiz
                0x0000000000003790       0x38 /Applications/MCUXpressoIDE_11.7.0_9198/ide/plugins/com.nxp.mcuxpresso.tools.macosx_11.7.0.202209140929/tools/bin/../lib/gcc/arm-none-eabi/10.3.1/thumb/v6-m/nofp/libcr_eabihelpers.a(double.o)
                0x0000000000003790                __aeabi_d2uiz
 .text.__aeabi_f2d
                0x00000000000037c8       0x40 /Applications/MCUXpressoIDE_11.7.0_9198/ide/plugins/com.nxp.mcuxpresso.tools.macosx_11.7.0.202209140929/tools/bin/../lib/gcc/arm-none-eabi/10.3.1/thumb/v6-m/nofp/libcr_eabihelpers.a(float.o)
                0x00000000000037c8                __aeabi_f2d
 .text.__sys_appexit
                0x0000000000003808        0xc /Applications/MCUXpressoIDE_11.7.0_9198/ide/plugins/com.nxp.mcuxpresso.tools.macosx_11.7.0.202209140929/tools/bin/../lib/gcc/arm-none-eabi/10.3.1/../../../../arm-none-eabi/lib/thumb/v6-m/nofp/libcr_semihost_nf.a(__sys_appexit.o)
                0x0000000000003808                __exit
                0x0000000000003808                __sys_appexit
 .text.cbfifo_capacity
                0x0000000000003814        0x6 ./source/cbfifo.o
                0x0000000000003814                cbfifo_capacity
 .text.delay_100ms
                0x000000000000381a        0x2 ./source/process_command.o
                0x000000000000381a                delay_100ms
 .text.LPSCI_GetDefaultConfig
                0x000000000000381c        0xc ./drivers/fsl_lpsci.o
                0x000000000000381c                LPSCI_GetDefaultConfig
 .text.LPSCI_WriteBlocking
                0x0000000000003828       0x18 ./drivers/fsl_lpsci.o
                0x0000000000003828                LPSCI_WriteBlocking
 .text.UART_GetDefaultConfig
                0x0000000000003840        0xc ./drivers/fsl_uart.o
                0x0000000000003840                UART_GetDefaultConfig
 .text.UART_WriteBlocking
                0x000000000000384c       0x18 ./drivers/fsl_uart.o
                0x000000000000384c                UART_WriteBlocking
 .text.BOARD_InitBootClocks
                0x0000000000003864        0x8 ./board/clock_config.o
                0x0000000000003864                BOARD_InitBootClocks
 .text.BOARD_InitBootPeripherals
                0x000000000000386c        0x2 ./board/peripherals.o
                0x000000000000386c                BOARD_InitBootPeripherals
 .text.BOARD_InitBootPins
                0x000000000000386e        0x8 ./board/pin_mux.o
                0x000000000000386e                BOARD_InitBootPins
 .text.__main   0x0000000000003876        0xc /Applications/MCUXpressoIDE_11.7.0_9198/ide/plugins/com.nxp.mcuxpresso.tools.macosx_11.7.0.202209140929/tools/bin/../lib/gcc/arm-none-eabi/10.3.1/../../../../arm-none-eabi/lib/thumb/v6-m/nofp/libcr_semihost_nf.a(_cr__main.o)
                0x0000000000003876                __main
                0x0000000000003876                __CR_SEMIHOST
 .text.memcpy   0x0000000000003882        0x8 /Applications/MCUXpressoIDE_11.7.0_9198/ide/plugins/com.nxp.mcuxpresso.tools.macosx_11.7.0.202209140929/tools/bin/../lib/gcc/arm-none-eabi/10.3.1/../../../../arm-none-eabi/lib/thumb/v6-m/nofp/libcr_c.a(memcpy.o)
                0x0000000000003882                memcpy
 .text.memset   0x000000000000388a        0x8 /Applications/MCUXpressoIDE_11.7.0_9198/ide/plugins/com.nxp.mcuxpresso.tools.macosx_11.7.0.202209140929/tools/bin/../lib/gcc/arm-none-eabi/10.3.1/../../../../arm-none-eabi/lib/thumb/v6-m/nofp/libcr_c.a(memset.o)
                0x000000000000388a                memset
 .text.free     0x0000000000003892       0x2c /Applications/MCUXpressoIDE_11.7.0_9198/ide/plugins/com.nxp.mcuxpresso.tools.macosx_11.7.0.202209140929/tools/bin/../lib/gcc/arm-none-eabi/10.3.1/../../../../arm-none-eabi/lib/thumb/v6-m/nofp/libcr_c.a(alloc.o)
                0x0000000000003892                free
 .text.no_fp_display
                0x00000000000038be        0x4 /Applications/MCUXpressoIDE_11.7.0_9198/ide/plugins/com.nxp.mcuxpresso.tools.macosx_11.7.0.202209140929/tools/bin/../lib/gcc/arm-none-eabi/10.3.1/../../../../arm-none-eabi/lib/thumb/v6-m/nofp/libcr_c.a(printf.o)
 .text.strcasecmp
                0x00000000000038c2       0x32 /Applications/MCUXpressoIDE_11.7.0_9198/ide/plugins/com.nxp.mcuxpresso.tools.macosx_11.7.0.202209140929/tools/bin/../lib/gcc/arm-none-eabi/10.3.1/../../../../arm-none-eabi/lib/thumb/v6-m/nofp/libcr_c.a(strcasecmp.o)
                0x00000000000038c2                strcasecmp
 .text.remove   0x00000000000038f4       0x12 /Applications/MCUXpressoIDE_11.7.0_9198/ide/plugins/com.nxp.mcuxpresso.tools.macosx_11.7.0.202209140929/tools/bin/../lib/gcc/arm-none-eabi/10.3.1/../../../../arm-none-eabi/lib/thumb/v6-m/nofp/libcr_c.a(remove.o)
                0x00000000000038f4                remove
 .text.__aeabi_division_idivmod
                0x0000000000003906       0x78 /Applications/MCUXpressoIDE_11.7.0_9198/ide/plugins/com.nxp.mcuxpresso.tools.macosx_11.7.0.202209140929/tools/bin/../lib/gcc/arm-none-eabi/10.3.1/thumb/v6-m/nofp/libcr_eabihelpers.a(division_32.o)
                0x0000000000003906                __aeabi_idiv
                0x0000000000003906                __aeabi_idivmod
                0x000000000000390c                __aeabi_uidiv
                0x000000000000390c                __aeabi_uidivmod
 .text.__aeabi_division_idiv0
                0x000000000000397e        0x2 /Applications/MCUXpressoIDE_11.7.0_9198/ide/plugins/com.nxp.mcuxpresso.tools.macosx_11.7.0.202209140929/tools/bin/../lib/gcc/arm-none-eabi/10.3.1/thumb/v6-m/nofp/libcr_eabihelpers.a(division_idiv0.o)
                0x000000000000397e                __aeabi_idiv0
 .text.__bhs_ui2d
                0x0000000000003980       0x5e /Applications/MCUXpressoIDE_11.7.0_9198/ide/plugins/com.nxp.mcuxpresso.tools.macosx_11.7.0.202209140929/tools/bin/../lib/gcc/arm-none-eabi/10.3.1/thumb/v6-m/nofp/libcr_eabihelpers.a(double.o)
                0x0000000000003980                __bhs_ui2d
 .text.__aeabi_ui2d
                0x00000000000039de        0xc /Applications/MCUXpressoIDE_11.7.0_9198/ide/plugins/com.nxp.mcuxpresso.tools.macosx_11.7.0.202209140929/tools/bin/../lib/gcc/arm-none-eabi/10.3.1/thumb/v6-m/nofp/libcr_eabihelpers.a(double.o)
                0x00000000000039de                __aeabi_ui2d
 .text.__bhs_ui2f
                0x00000000000039ea       0x60 /Applications/MCUXpressoIDE_11.7.0_9198/ide/plugins/com.nxp.mcuxpresso.tools.macosx_11.7.0.202209140929/tools/bin/../lib/gcc/arm-none-eabi/10.3.1/thumb/v6-m/nofp/libcr_eabihelpers.a(float.o)
                0x00000000000039ea                __bhs_ui2f
 .text.__aeabi_ui2f
                0x0000000000003a4a        0xc /Applications/MCUXpressoIDE_11.7.0_9198/ide/plugins/com.nxp.mcuxpresso.tools.macosx_11.7.0.202209140929/tools/bin/../lib/gcc/arm-none-eabi/10.3.1/thumb/v6-m/nofp/libcr_eabihelpers.a(float.o)
                0x0000000000003a4a                __aeabi_ui2f
 .text.__aeabi_fcmplt
                0x0000000000003a56       0x42 /Applications/MCUXpressoIDE_11.7.0_9198/ide/plugins/com.nxp.mcuxpresso.tools.macosx_11.7.0.202209140929/tools/bin/../lib/gcc/arm-none-eabi/10.3.1/thumb/v6-m/nofp/libcr_eabihelpers.a(float.o)
                0x0000000000003a56                __aeabi_fcmplt
 .text.__aeabi_fcmpge
                0x0000000000003a98       0x42 /Applications/MCUXpressoIDE_11.7.0_9198/ide/plugins/com.nxp.mcuxpresso.tools.macosx_11.7.0.202209140929/tools/bin/../lib/gcc/arm-none-eabi/10.3.1/thumb/v6-m/nofp/libcr_eabihelpers.a(float.o)
                0x0000000000003a98                __aeabi_fcmpge
 .text.__aeabi_llong_lmul
                0x0000000000003ada       0x2e /Applications/MCUXpressoIDE_11.7.0_9198/ide/plugins/com.nxp.mcuxpresso.tools.macosx_11.7.0.202209140929/tools/bin/../lib/gcc/arm-none-eabi/10.3.1/thumb/v6-m/nofp/libcr_eabihelpers.a(llong.o)
                0x0000000000003ada                __aeabi_lmul
 .text.__aeabi_memcpy
                0x0000000000003b08       0x2c /Applications/MCUXpressoIDE_11.7.0_9198/ide/plugins/com.nxp.mcuxpresso.tools.macosx_11.7.0.202209140929/tools/bin/../lib/gcc/arm-none-eabi/10.3.1/thumb/v6-m/nofp/libcr_eabihelpers.a(memcpy.o)
                0x0000000000003b08                __aeabi_memcpy
                0x0000000000003b08                __aeabi_memcpy4
                0x0000000000003b08                __aeabi_memcpy8
 .text.__aeabi_memset_lowlevel
                0x0000000000003b34       0x2a /Applications/MCUXpressoIDE_11.7.0_9198/ide/plugins/com.nxp.mcuxpresso.tools.macosx_11.7.0.202209140929/tools/bin/../lib/gcc/arm-none-eabi/10.3.1/thumb/v6-m/nofp/libcr_eabihelpers.a(memcpy.o)
                0x0000000000003b34                __aeabi_lowlevel_memset
 .text.__gnu_thumb1_case_uqi
                0x0000000000003b5e       0x10 /Applications/MCUXpressoIDE_11.7.0_9198/ide/plugins/com.nxp.mcuxpresso.tools.macosx_11.7.0.202209140929/tools/bin/../lib/gcc/arm-none-eabi/10.3.1/thumb/v6-m/nofp/libcr_eabihelpers.a(thumb1_switch_helpers.o)
                0x0000000000003b5e                __gnu_thumb1_case_uqi
 .text.__gnu_thumb1_case_shi
                0x0000000000003b6e       0x10 /Applications/MCUXpressoIDE_11.7.0_9198/ide/plugins/com.nxp.mcuxpresso.tools.macosx_11.7.0.202209140929/tools/bin/../lib/gcc/arm-none-eabi/10.3.1/thumb/v6-m/nofp/libcr_eabihelpers.a(thumb1_switch_helpers.o)
                0x0000000000003b6e                __gnu_thumb1_case_shi
 .text.__sys_close
                0x0000000000003b7e        0xc /Applications/MCUXpressoIDE_11.7.0_9198/ide/plugins/com.nxp.mcuxpresso.tools.macosx_11.7.0.202209140929/tools/bin/../lib/gcc/arm-none-eabi/10.3.1/../../../../arm-none-eabi/lib/thumb/v6-m/nofp/libcr_semihost_nf.a(__sys_close.o)
                0x0000000000003b7e                __sys_close
 .text.__sys_flen
                0x0000000000003b8a        0xc /Applications/MCUXpressoIDE_11.7.0_9198/ide/plugins/com.nxp.mcuxpresso.tools.macosx_11.7.0.202209140929/tools/bin/../lib/gcc/arm-none-eabi/10.3.1/../../../../arm-none-eabi/lib/thumb/v6-m/nofp/libcr_semihost_nf.a(__sys_flen.o)
                0x0000000000003b8a                __sys_flen
 .text.__sys_istty
                0x0000000000003b96        0xc /Applications/MCUXpressoIDE_11.7.0_9198/ide/plugins/com.nxp.mcuxpresso.tools.macosx_11.7.0.202209140929/tools/bin/../lib/gcc/arm-none-eabi/10.3.1/../../../../arm-none-eabi/lib/thumb/v6-m/nofp/libcr_semihost_nf.a(__sys_istty.o)
                0x0000000000003b96                __sys_istty
 .text.__sys_remove
                0x0000000000003ba2        0xc /Applications/MCUXpressoIDE_11.7.0_9198/ide/plugins/com.nxp.mcuxpresso.tools.macosx_11.7.0.202209140929/tools/bin/../lib/gcc/arm-none-eabi/10.3.1/../../../../arm-none-eabi/lib/thumb/v6-m/nofp/libcr_semihost_nf.a(__sys_remove.o)
                0x0000000000003ba2                __sys_remove
 .text.__sys_seek
                0x0000000000003bae        0xc /Applications/MCUXpressoIDE_11.7.0_9198/ide/plugins/com.nxp.mcuxpresso.tools.macosx_11.7.0.202209140929/tools/bin/../lib/gcc/arm-none-eabi/10.3.1/../../../../arm-none-eabi/lib/thumb/v6-m/nofp/libcr_semihost_nf.a(__sys_seek.o)
                0x0000000000003bae                __sys_seek
 .text.__sys_tmpnam
                0x0000000000003bba        0xc /Applications/MCUXpressoIDE_11.7.0_9198/ide/plugins/com.nxp.mcuxpresso.tools.macosx_11.7.0.202209140929/tools/bin/../lib/gcc/arm-none-eabi/10.3.1/../../../../arm-none-eabi/lib/thumb/v6-m/nofp/libcr_semihost_nf.a(__sys_tmpnam.o)
                0x0000000000003bba                __sys_tmpnam
 *(SORT_BY_ALIGNMENT(.rodata) SORT_BY_ALIGNMENT(.rodata.*) SORT_BY_ALIGNMENT(.constdata) SORT_BY_ALIGNMENT(.constdata.*))
 *fill*         0x0000000000003bc6        0x2 ff
 .rodata.commands
                0x0000000000003bc8       0x48 ./source/process_command.o
 .rodata.s_uartClock
                0x0000000000003c10        0xc ./drivers/fsl_uart.o
 .rodata.oscConfig_BOARD_BootClockRUN
                0x0000000000003c1c        0x8 ./board/clock_config.o
                0x0000000000003c1c                oscConfig_BOARD_BootClockRUN
 .rodata.simConfig_BOARD_BootClockRUN
                0x0000000000003c24        0x8 ./board/clock_config.o
                0x0000000000003c24                simConfig_BOARD_BootClockRUN
 .rodata.__num_Ciob_streams
                0x0000000000003c2c        0x4 /Applications/MCUXpressoIDE_11.7.0_9198/ide/plugins/com.nxp.mcuxpresso.tools.macosx_11.7.0.202209140929/tools/bin/../lib/gcc/arm-none-eabi/10.3.1/../../../../arm-none-eabi/lib/thumb/v6-m/nofp/libcr_semihost_nf.a(__ciob.o)
                0x0000000000003c2c                __num_Ciob_streams
 .rodata.fllFactorTable.1
                0x0000000000003c30       0x10 ./drivers/fsl_clock.o
 .rodata.input_process_command.str1.1
                0x0000000000003c40        0x3 ./source/Accumulate_Line.o
                                          0x6 (size before relaxing)
 .rodata.main.str1.1
                0x0000000000003c43       0x5c ./source/main.o
                                         0x5f (size before relaxing)
 .rodata        0x0000000000003c9f        0x3 ./source/main.o
 .rodata.handle_author.str1.1
                0x0000000000003ca2       0x19 ./source/process_command.o
                                         0x1c (size before relaxing)
 .rodata.handle_help.str1.1
                0x0000000000003cbb      0x2b9 ./source/process_command.o
 .rodata.handle_hum.str1.1
                0x0000000000003f74       0x15 ./source/process_command.o
 .rodata.handle_temp.str1.1
                0x0000000000003f89       0x18 ./source/process_command.o
 .rodata.handle_statemachine.str1.1
                0x0000000000003fa1       0x2e ./source/process_command.o
                                         0x5c (size before relaxing)
 .rodata.process_command.str1.1
                0x0000000000003fcf       0x1b ./source/process_command.o
 .rodata.str1.1
                0x0000000000003fea       0x70 ./source/process_command.o
                                         0x75 (size before relaxing)
 .rodata.print_temp_humd.str1.1
                0x000000000000405a       0x2d ./source/state_machine.o
 .rodata.state_machine.str1.1
                0x000000000000405a      0x27d ./source/state_machine.o
 .rodata.print_UI.str1.1
                0x00000000000042d7      0x1cb ./source/uart.o
                                        0x1f9 (size before relaxing)
 .rodata.mcgConfig_BOARD_BootClockRUN
                0x00000000000044a2        0xa ./board/clock_config.o
                0x00000000000044a2                mcgConfig_BOARD_BootClockRUN
 .rodata._Csys_alloc.str1.1
                0x00000000000044ac       0x18 /Applications/MCUXpressoIDE_11.7.0_9198/ide/plugins/com.nxp.mcuxpresso.tools.macosx_11.7.0.202209140929/tools/bin/../lib/gcc/arm-none-eabi/10.3.1/../../../../arm-none-eabi/lib/thumb/v6-m/nofp/libcr_c.a(alloc.o)
 .rodata._initio.str1.1
                0x00000000000044c4        0x2 /Applications/MCUXpressoIDE_11.7.0_9198/ide/plugins/com.nxp.mcuxpresso.tools.macosx_11.7.0.202209140929/tools/bin/../lib/gcc/arm-none-eabi/10.3.1/../../../../arm-none-eabi/lib/thumb/v6-m/nofp/libcr_c.a(initio.o)
                                          0x4 (size before relaxing)
 .rodata.__vfprintf.str1.1
                0x00000000000044c6       0x35 /Applications/MCUXpressoIDE_11.7.0_9198/ide/plugins/com.nxp.mcuxpresso.tools.macosx_11.7.0.202209140929/tools/bin/../lib/gcc/arm-none-eabi/10.3.1/../../../../arm-none-eabi/lib/thumb/v6-m/nofp/libcr_c.a(printf.o)
                                         0x38 (size before relaxing)
 .rodata.__ctype
                0x00000000000044fb      0x180 /Applications/MCUXpressoIDE_11.7.0_9198/ide/plugins/com.nxp.mcuxpresso.tools.macosx_11.7.0.202209140929/tools/bin/../lib/gcc/arm-none-eabi/10.3.1/../../../../arm-none-eabi/lib/thumb/v6-m/nofp/libcr_c.a(ctype.o)
                0x00000000000044fb                __ctype
                0x000000000000467c                . = ALIGN (0x4)
 *fill*         0x000000000000467b        0x1 ff

.glue_7         0x000000000000467c        0x0
 .glue_7        0x000000000000467c        0x0 linker stubs

.glue_7t        0x000000000000467c        0x0
 .glue_7t       0x000000000000467c        0x0 linker stubs

.vfp11_veneer   0x000000000000467c        0x0
 .vfp11_veneer  0x000000000000467c        0x0 linker stubs

.v4_bx          0x000000000000467c        0x0
 .v4_bx         0x000000000000467c        0x0 linker stubs

.iplt           0x000000000000467c        0x0
 .iplt          0x000000000000467c        0x0 ./utilities/fsl_debug_console.o

.rel.dyn        0x000000000000467c        0x0
 .rel.iplt      0x000000000000467c        0x0 ./utilities/fsl_debug_console.o

.ARM.extab
 *(SORT_BY_ALIGNMENT(.ARM.extab*) SORT_BY_ALIGNMENT(.gnu.linkonce.armextab.*))

.ARM.exidx      0x000000000000467c        0x0
                0x000000000000467c                __exidx_start = .
 *(SORT_BY_ALIGNMENT(.ARM.exidx*) SORT_BY_ALIGNMENT(.gnu.linkonce.armexidx.*))
                0x000000000000467c                __exidx_end = .
                0x000000000000467c                _etext = .

.m_usb_data
 *(SORT_BY_ALIGNMENT(m_usb_bdt))

.mtb_buffer_default
                0x000000001ffff000       0x80
 *(SORT_BY_ALIGNMENT(.mtb*))
 .mtb.$RAM1     0x000000001ffff000       0x80 ./source/mtb.o
                0x000000001ffff000                __mtb_buffer__

.uninit_RESERVED
                0x000000001ffff080        0x0
                0x000000001ffff080                _start_uninit_RESERVED = .
 *(SORT_BY_ALIGNMENT(.bss.$RESERVED*))
                0x000000001ffff080                . = ALIGN (0x4)
                0x000000001ffff080                _end_uninit_RESERVED = .

.data           0x000000001ffff080       0x14 load address 0x000000000000467c
 FILL mask 0xff
                0x000000001ffff080                _data = .
                [!provide]                        PROVIDE (__start_data_RAM = .)
                [!provide]                        PROVIDE (__start_data_SRAM = .)
 *(SORT_BY_ALIGNMENT(vtable))
 *(SORT_BY_ALIGNMENT(.ramfunc*))
 *(SORT_BY_ALIGNMENT(CodeQuickAccess))
 *(SORT_BY_ALIGNMENT(DataQuickAccess))
 *(SORT_BY_ALIGNMENT(RamFunction))
 *(SORT_BY_ALIGNMENT(.data*))
 .data.HUMD_THRESHOLD
                0x000000001ffff080        0x4 ./source/state_machine.o
 .data.TEMP_THRESHOLD
                0x000000001ffff084        0x4 ./source/state_machine.o
 .data.previous_touch
                0x000000001ffff088        0x4 ./source/state_machine.o
 .data.s_slowIrcFreq
                0x000000001ffff08c        0x4 ./drivers/fsl_clock.o
 .data.SystemCoreClock
                0x000000001ffff090        0x4 ./CMSIS/system_MKL25Z4.o
                0x000000001ffff090                SystemCoreClock
                0x000000001ffff094                . = ALIGN (0x4)
                0x000000001ffff094                _edata = .
                [!provide]                        PROVIDE (__end_data_RAM = .)
                [!provide]                        PROVIDE (__end_data_SRAM = .)

.igot.plt       0x000000001ffff094        0x0 load address 0x0000000000004690
 .igot.plt      0x000000001ffff094        0x0 ./utilities/fsl_debug_console.o

.bss            0x000000001ffff094      0x31c
                0x000000001ffff094                _bss = .
                [!provide]                        PROVIDE (__start_bss_RAM = .)
                [!provide]                        PROVIDE (__start_bss_SRAM = .)
 *(SORT_BY_ALIGNMENT(.bss*))
 .bss.s_debugConsole
                0x000000001ffff094       0x10 ./utilities/fsl_debug_console.o
 .bss.CB_fifo_type
                0x000000001ffff0a4      0x218 ./source/cbfifo.o
                0x000000001ffff0a4                CB_fifo_type
 .bss.time_alert_mode
                0x000000001ffff2bc        0x4 ./source/state_machine.o
                0x000000001ffff2bc                time_alert_mode
 .bss.time_in_alert_mode
                0x000000001ffff2c0        0x4 ./source/timer.o
                0x000000001ffff2c0                time_in_alert_mode
 .bss.time_in_reset_alert_mode
                0x000000001ffff2c4        0x4 ./source/timer.o
                0x000000001ffff2c4                time_in_reset_alert_mode
 .bss.timer_reset_value
                0x000000001ffff2c8        0x4 ./source/timer.o
                0x000000001ffff2c8                timer_reset_value
 .bss.timer_value
                0x000000001ffff2cc        0x4 ./source/timer.o
                0x000000001ffff2cc                timer_value
 .bss.g_xtal0Freq
                0x000000001ffff2d0        0x4 ./drivers/fsl_clock.o
                0x000000001ffff2d0                g_xtal0Freq
 .bss.s_lpsciHandle
                0x000000001ffff2d4        0x4 ./drivers/fsl_lpsci.o
 .bss.s_lpsciIsr
                0x000000001ffff2d8        0x4 ./drivers/fsl_lpsci.o
 .bss.s_uartHandle
                0x000000001ffff2dc        0xc ./drivers/fsl_uart.o
 .bss.s_uartIsr
                0x000000001ffff2e8        0x4 ./drivers/fsl_uart.o
 .bss.__Ciob    0x000000001ffff2ec       0xb4 /Applications/MCUXpressoIDE_11.7.0_9198/ide/plugins/com.nxp.mcuxpresso.tools.macosx_11.7.0.202209140929/tools/bin/../lib/gcc/arm-none-eabi/10.3.1/../../../../arm-none-eabi/lib/thumb/v6-m/nofp/libcr_semihost_nf.a(__ciob.o)
                0x000000001ffff2ec                __Ciob
 .bss.__end_of_heap
                0x000000001ffff3a0        0x4 /Applications/MCUXpressoIDE_11.7.0_9198/ide/plugins/com.nxp.mcuxpresso.tools.macosx_11.7.0.202209140929/tools/bin/../lib/gcc/arm-none-eabi/10.3.1/../../../../arm-none-eabi/lib/thumb/v6-m/nofp/libcr_c.a(__init_alloc.o)
                0x000000001ffff3a0                __end_of_heap
 .bss.__heaps   0x000000001ffff3a4        0x4 /Applications/MCUXpressoIDE_11.7.0_9198/ide/plugins/com.nxp.mcuxpresso.tools.macosx_11.7.0.202209140929/tools/bin/../lib/gcc/arm-none-eabi/10.3.1/../../../../arm-none-eabi/lib/thumb/v6-m/nofp/libcr_c.a(__init_alloc.o)
                0x000000001ffff3a4                __heaps
 .bss.errno     0x000000001ffff3a8        0x4 /Applications/MCUXpressoIDE_11.7.0_9198/ide/plugins/com.nxp.mcuxpresso.tools.macosx_11.7.0.202209140929/tools/bin/../lib/gcc/arm-none-eabi/10.3.1/../../../../arm-none-eabi/lib/thumb/v6-m/nofp/libcr_c.a(errno.o)
                0x000000001ffff3a8                errno
 .bss.current_state
                0x000000001ffff3ac        0x1 ./source/state_machine.o
                0x000000001ffff3ac                current_state
 *(SORT_BY_ALIGNMENT(COMMON))
                0x000000001ffff3b0                . = ALIGN (0x4)
 *fill*         0x000000001ffff3ad        0x3 
                0x000000001ffff3b0                _ebss = .
                [!provide]                        PROVIDE (__end_bss_RAM = .)
                [!provide]                        PROVIDE (__end_bss_SRAM = .)
                [!provide]                        PROVIDE (end = .)

.noinit         0x000000001ffff3b0        0x0
                0x000000001ffff3b0                _noinit = .
                [!provide]                        PROVIDE (__start_noinit_RAM = .)
                [!provide]                        PROVIDE (__start_noinit_SRAM = .)
 *(SORT_BY_ALIGNMENT(.noinit*))
                0x000000001ffff3b0                . = ALIGN (0x4)
                0x000000001ffff3b0                _end_noinit = .
                [!provide]                        PROVIDE (__end_noinit_RAM = .)
                [!provide]                        PROVIDE (__end_noinit_SRAM = .)
                0x0000000000000400                _HeapSize = 0x400

.heap           0x000000001ffff3b0      0x400
                0x000000001ffff3b0                _pvHeapStart = .
                0x000000001ffff7b0                . = (. + _HeapSize)
 *fill*         0x000000001ffff3b0      0x400 
                0x000000001ffff7b0                . = ALIGN (0x4)
                0x000000001ffff7b0                _pvHeapLimit = .
                0x0000000000000400                _StackSize = 0x400

.heap2stackfill
                0x000000001ffff7b0      0x400
                0x000000001ffffbb0                . = (. + _StackSize)
 *fill*         0x000000001ffff7b0      0x400 

.stack          0x0000000020002c00        0x0
                0x0000000020002c00                _vStackBase = .
                0x0000000020002c00                . = ALIGN (0x4)
                0x0000000020003000                _vStackTop = (. + _StackSize)
                0x0000000000000000                _image_start = LOADADDR (.text)
                0x0000000000004690                _image_end = (LOADADDR (.data) + SIZEOF (.data))
                0x0000000000004690                _image_size = (_image_end - _image_start)
OUTPUT(Home-Safe.axf elf32-littlearm)
LOAD linker stubs

.debug_info     0x0000000000000000     0xcae6
 .debug_info    0x0000000000000000      0x9a9 ./utilities/fsl_debug_console.o
 .debug_info    0x00000000000009a9      0x6a9 ./startup/startup_mkl25z4.o
 .debug_info    0x0000000000001052      0x2b5 ./source/Accumulate_Line.o
 .debug_info    0x0000000000001307      0x4ed ./source/TSI.o
 .debug_info    0x00000000000017f4      0x3db ./source/cbfifo.o
 .debug_info    0x0000000000001bcf      0x475 ./source/i2c.o
 .debug_info    0x0000000000002044      0x2e8 ./source/main.o
 .debug_info    0x000000000000232c       0x4f ./source/mtb.o
 .debug_info    0x000000000000237b      0x860 ./source/process_command.o
 .debug_info    0x0000000000002bdb      0x47b ./source/pwm.o
 .debug_info    0x0000000000003056      0x8e0 ./source/rgb_led.o
 .debug_info    0x0000000000003936       0x38 ./source/semihost_hardfault.o
 .debug_info    0x000000000000396e      0x1ab ./source/sht21.o
 .debug_info    0x0000000000003b19      0x8a9 ./source/state_machine.o
 .debug_info    0x00000000000043c2      0x190 ./source/sysclock.o
 .debug_info    0x0000000000004552      0x51c ./source/timer.o
 .debug_info    0x0000000000004a6e      0xc5b ./source/uart.o
 .debug_info    0x00000000000056c9      0x316 ./source/wdt.o
 .debug_info    0x00000000000059df     0x20c9 ./drivers/fsl_clock.o
 .debug_info    0x0000000000007aa8     0x1b20 ./drivers/fsl_lpsci.o
 .debug_info    0x00000000000095c8     0x1a91 ./drivers/fsl_uart.o
 .debug_info    0x000000000000b059      0x3f9 ./board/board.o
 .debug_info    0x000000000000b452      0xc50 ./board/clock_config.o
 .debug_info    0x000000000000c0a2       0x38 ./board/peripherals.o
 .debug_info    0x000000000000c0da      0x5e1 ./board/pin_mux.o
 .debug_info    0x000000000000c6bb      0x42b ./CMSIS/system_MKL25Z4.o

.debug_abbrev   0x0000000000000000     0x2b8e
 .debug_abbrev  0x0000000000000000      0x247 ./utilities/fsl_debug_console.o
 .debug_abbrev  0x0000000000000247      0x160 ./startup/startup_mkl25z4.o
 .debug_abbrev  0x00000000000003a7      0x136 ./source/Accumulate_Line.o
 .debug_abbrev  0x00000000000004dd      0x14d ./source/TSI.o
 .debug_abbrev  0x000000000000062a      0x1de ./source/cbfifo.o
 .debug_abbrev  0x0000000000000808      0x131 ./source/i2c.o
 .debug_abbrev  0x0000000000000939       0xd0 ./source/main.o
 .debug_abbrev  0x0000000000000a09       0x43 ./source/mtb.o
 .debug_abbrev  0x0000000000000a4c      0x1cd ./source/process_command.o
 .debug_abbrev  0x0000000000000c19      0x10c ./source/pwm.o
 .debug_abbrev  0x0000000000000d25      0x1d8 ./source/rgb_led.o
 .debug_abbrev  0x0000000000000efd       0x2e ./source/semihost_hardfault.o
 .debug_abbrev  0x0000000000000f2b       0xaf ./source/sht21.o
 .debug_abbrev  0x0000000000000fda      0x1b0 ./source/state_machine.o
 .debug_abbrev  0x000000000000118a       0xb1 ./source/sysclock.o
 .debug_abbrev  0x000000000000123b      0x1e7 ./source/timer.o
 .debug_abbrev  0x0000000000001422      0x235 ./source/uart.o
 .debug_abbrev  0x0000000000001657      0x112 ./source/wdt.o
 .debug_abbrev  0x0000000000001769      0x4b2 ./drivers/fsl_clock.o
 .debug_abbrev  0x0000000000001c1b      0x417 ./drivers/fsl_lpsci.o
 .debug_abbrev  0x0000000000002032      0x406 ./drivers/fsl_uart.o
 .debug_abbrev  0x0000000000002438      0x17e ./board/board.o
 .debug_abbrev  0x00000000000025b6      0x29c ./board/clock_config.o
 .debug_abbrev  0x0000000000002852       0x2e ./board/peripherals.o
 .debug_abbrev  0x0000000000002880      0x1c8 ./board/pin_mux.o
 .debug_abbrev  0x0000000000002a48      0x146 ./CMSIS/system_MKL25Z4.o

.debug_loc      0x0000000000000000     0x500a
 .debug_loc     0x0000000000000000      0x1dd ./utilities/fsl_debug_console.o
 .debug_loc     0x00000000000001dd      0x234 ./startup/startup_mkl25z4.o
 .debug_loc     0x0000000000000411       0x30 ./source/Accumulate_Line.o
 .debug_loc     0x0000000000000441       0xa8 ./source/TSI.o
 .debug_loc     0x00000000000004e9      0x36a ./source/cbfifo.o
 .debug_loc     0x0000000000000853       0x82 ./source/i2c.o
 .debug_loc     0x00000000000008d5      0x397 ./source/process_command.o
 .debug_loc     0x0000000000000c6c       0x6f ./source/pwm.o
 .debug_loc     0x0000000000000cdb      0x6e1 ./source/rgb_led.o
 .debug_loc     0x00000000000013bc       0x4e ./source/sht21.o
 .debug_loc     0x000000000000140a       0xcf ./source/state_machine.o
 .debug_loc     0x00000000000014d9       0x2d ./source/timer.o
 .debug_loc     0x0000000000001506      0x135 ./source/uart.o
 .debug_loc     0x000000000000163b     0x13d9 ./drivers/fsl_clock.o
 .debug_loc     0x0000000000002a14     0x1260 ./drivers/fsl_lpsci.o
 .debug_loc     0x0000000000003c74     0x1180 ./drivers/fsl_uart.o
 .debug_loc     0x0000000000004df4       0x38 ./board/board.o
 .debug_loc     0x0000000000004e2c       0x7b ./board/clock_config.o
 .debug_loc     0x0000000000004ea7       0xaa ./board/pin_mux.o
 .debug_loc     0x0000000000004f51       0xb9 ./CMSIS/system_MKL25Z4.o

.debug_aranges  0x0000000000000000      0x8f0
 .debug_aranges
                0x0000000000000000       0x28 ./utilities/fsl_debug_console.o
 .debug_aranges
                0x0000000000000028      0x160 ./startup/startup_mkl25z4.o
 .debug_aranges
                0x0000000000000188       0x20 ./source/Accumulate_Line.o
 .debug_aranges
                0x00000000000001a8       0x30 ./source/TSI.o
 .debug_aranges
                0x00000000000001d8       0x40 ./source/cbfifo.o
 .debug_aranges
                0x0000000000000218       0x30 ./source/i2c.o
 .debug_aranges
                0x0000000000000248       0x20 ./source/main.o
 .debug_aranges
                0x0000000000000268       0x18 ./source/mtb.o
 .debug_aranges
                0x0000000000000280       0x58 ./source/process_command.o
 .debug_aranges
                0x00000000000002d8       0x30 ./source/pwm.o
 .debug_aranges
                0x0000000000000308       0x60 ./source/rgb_led.o
 .debug_aranges
                0x0000000000000368       0x20 ./source/semihost_hardfault.o
 .debug_aranges
                0x0000000000000388       0x28 ./source/sht21.o
 .debug_aranges
                0x00000000000003b0       0x50 ./source/state_machine.o
 .debug_aranges
                0x0000000000000400       0x20 ./source/sysclock.o
 .debug_aranges
                0x0000000000000420       0x58 ./source/timer.o
 .debug_aranges
                0x0000000000000478       0x40 ./source/uart.o
 .debug_aranges
                0x00000000000004b8       0x30 ./source/wdt.o
 .debug_aranges
                0x00000000000004e8      0x170 ./drivers/fsl_clock.o
 .debug_aranges
                0x0000000000000658       0xe0 ./drivers/fsl_lpsci.o
 .debug_aranges
                0x0000000000000738       0xf8 ./drivers/fsl_uart.o
 .debug_aranges
                0x0000000000000830       0x20 ./board/board.o
 .debug_aranges
                0x0000000000000850       0x30 ./board/clock_config.o
 .debug_aranges
                0x0000000000000880       0x20 ./board/peripherals.o
 .debug_aranges
                0x00000000000008a0       0x28 ./board/pin_mux.o
 .debug_aranges
                0x00000000000008c8       0x28 ./CMSIS/system_MKL25Z4.o

.debug_ranges   0x0000000000000000      0xc80
 .debug_ranges  0x0000000000000000       0x48 ./utilities/fsl_debug_console.o
 .debug_ranges  0x0000000000000048      0x150 ./startup/startup_mkl25z4.o
 .debug_ranges  0x0000000000000198       0x10 ./source/Accumulate_Line.o
 .debug_ranges  0x00000000000001a8       0x20 ./source/TSI.o
 .debug_ranges  0x00000000000001c8       0x60 ./source/cbfifo.o
 .debug_ranges  0x0000000000000228       0x20 ./source/i2c.o
 .debug_ranges  0x0000000000000248       0x10 ./source/main.o
 .debug_ranges  0x0000000000000258       0x60 ./source/process_command.o
 .debug_ranges  0x00000000000002b8       0x20 ./source/pwm.o
 .debug_ranges  0x00000000000002d8      0x218 ./source/rgb_led.o
 .debug_ranges  0x00000000000004f0       0x10 ./source/semihost_hardfault.o
 .debug_ranges  0x0000000000000500       0x18 ./source/sht21.o
 .debug_ranges  0x0000000000000518       0x70 ./source/state_machine.o
 .debug_ranges  0x0000000000000588       0x10 ./source/sysclock.o
 .debug_ranges  0x0000000000000598       0xa0 ./source/timer.o
 .debug_ranges  0x0000000000000638       0x50 ./source/uart.o
 .debug_ranges  0x0000000000000688       0x20 ./source/wdt.o
 .debug_ranges  0x00000000000006a8      0x278 ./drivers/fsl_clock.o
 .debug_ranges  0x0000000000000920      0x100 ./drivers/fsl_lpsci.o
 .debug_ranges  0x0000000000000a20      0x100 ./drivers/fsl_uart.o
 .debug_ranges  0x0000000000000b20       0x30 ./board/board.o
 .debug_ranges  0x0000000000000b50       0xa0 ./board/clock_config.o
 .debug_ranges  0x0000000000000bf0       0x10 ./board/peripherals.o
 .debug_ranges  0x0000000000000c00       0x68 ./board/pin_mux.o
 .debug_ranges  0x0000000000000c68       0x18 ./CMSIS/system_MKL25Z4.o

.debug_line     0x0000000000000000     0x7b95
 .debug_line    0x0000000000000000      0x3a0 ./utilities/fsl_debug_console.o
 .debug_line    0x00000000000003a0      0x3cb ./startup/startup_mkl25z4.o
 .debug_line    0x000000000000076b      0x213 ./source/Accumulate_Line.o
 .debug_line    0x000000000000097e      0x22b ./source/TSI.o
 .debug_line    0x0000000000000ba9      0x3cf ./source/cbfifo.o
 .debug_line    0x0000000000000f78      0x33f ./source/i2c.o
 .debug_line    0x00000000000012b7      0x1e8 ./source/main.o
 .debug_line    0x000000000000149f       0x30 ./source/mtb.o
 .debug_line    0x00000000000014cf      0x5b5 ./source/process_command.o
 .debug_line    0x0000000000001a84      0x2ad ./source/pwm.o
 .debug_line    0x0000000000001d31      0xc7f ./source/rgb_led.o
 .debug_line    0x00000000000029b0       0x5a ./source/semihost_hardfault.o
 .debug_line    0x0000000000002a0a      0x130 ./source/sht21.o
 .debug_line    0x0000000000002b3a      0x463 ./source/state_machine.o
 .debug_line    0x0000000000002f9d      0x15e ./source/sysclock.o
 .debug_line    0x00000000000030fb      0x2b0 ./source/timer.o
 .debug_line    0x00000000000033ab      0x4e9 ./source/uart.o
 .debug_line    0x0000000000003894      0x178 ./source/wdt.o
 .debug_line    0x0000000000003a0c     0x1821 ./drivers/fsl_clock.o
 .debug_line    0x000000000000522d      0xfef ./drivers/fsl_lpsci.o
 .debug_line    0x000000000000621c      0xfbe ./drivers/fsl_uart.o
 .debug_line    0x00000000000071da      0x1f6 ./board/board.o
 .debug_line    0x00000000000073d0      0x2e3 ./board/clock_config.o
 .debug_line    0x00000000000076b3       0x4b ./board/peripherals.o
 .debug_line    0x00000000000076fe      0x218 ./board/pin_mux.o
 .debug_line    0x0000000000007916      0x27f ./CMSIS/system_MKL25Z4.o

.debug_str      0x0000000000000000     0x4012
 .debug_str     0x0000000000000000      0xa11 ./utilities/fsl_debug_console.o
                                        0xa87 (size before relaxing)
 .debug_str     0x0000000000000a11      0x392 ./startup/startup_mkl25z4.o
                                        0x49d (size before relaxing)
 .debug_str     0x0000000000000da3      0x124 ./source/Accumulate_Line.o
                                        0x2c3 (size before relaxing)
 .debug_str     0x0000000000000ec7      0x15d ./source/TSI.o
                                        0x76d (size before relaxing)
 .debug_str     0x0000000000001024       0xd7 ./source/cbfifo.o
                                        0x2a1 (size before relaxing)
 .debug_str     0x00000000000010fb       0x89 ./source/i2c.o
                                        0x30a (size before relaxing)
 .debug_str     0x0000000000001184      0x126 ./source/main.o
                                        0x2ee (size before relaxing)
 .debug_str     0x00000000000012aa       0x1f ./source/mtb.o
                                        0x129 (size before relaxing)
 .debug_str     0x00000000000012c9      0x126 ./source/process_command.o
                                        0x777 (size before relaxing)
 .debug_str     0x00000000000013ef       0x3a ./source/pwm.o
                                        0x2fe (size before relaxing)
 .debug_str     0x0000000000001429       0xc2 ./source/rgb_led.o
                                        0x2a5 (size before relaxing)
 .debug_str     0x00000000000014eb       0x1f ./source/semihost_hardfault.o
                                        0x129 (size before relaxing)
 .debug_str     0x000000000000150a       0x4e ./source/sht21.o
                                        0x215 (size before relaxing)
 .debug_str     0x0000000000001558      0x163 ./source/state_machine.o
                                        0x846 (size before relaxing)
 .debug_str     0x00000000000016bb       0x2a ./source/sysclock.o
                                        0x1c7 (size before relaxing)
 .debug_str     0x00000000000016e5      0x2e5 ./source/timer.o
                                        0x4dd (size before relaxing)
 .debug_str     0x00000000000019ca       0x98 ./source/uart.o
                                        0x643 (size before relaxing)
 .debug_str     0x0000000000001a62       0x1b ./source/wdt.o
                                        0x2c1 (size before relaxing)
 .debug_str     0x0000000000001a7d      0xfb6 ./drivers/fsl_clock.o
                                       0x1792 (size before relaxing)
 .debug_str     0x0000000000002a33      0x930 ./drivers/fsl_lpsci.o
                                       0x1548 (size before relaxing)
 .debug_str     0x0000000000003363      0x7ed ./drivers/fsl_uart.o
                                       0x1554 (size before relaxing)
 .debug_str     0x0000000000003b50       0x35 ./board/board.o
                                        0x2eb (size before relaxing)
 .debug_str     0x0000000000003b85      0x2f8 ./board/clock_config.o
                                        0xdec (size before relaxing)
 .debug_str     0x0000000000003e7d       0x17 ./board/peripherals.o
                                        0x129 (size before relaxing)
 .debug_str     0x0000000000003e94      0x13a ./board/pin_mux.o
                                        0x55b (size before relaxing)
 .debug_str     0x0000000000003fce       0x44 ./CMSIS/system_MKL25Z4.o
                                        0x2e3 (size before relaxing)

.comment        0x0000000000000000       0x49
 .comment       0x0000000000000000       0x49 ./utilities/fsl_debug_console.o
                                         0x4a (size before relaxing)
 .comment       0x0000000000000049       0x4a ./startup/startup_mkl25z4.o
 .comment       0x0000000000000049       0x4a ./source/Accumulate_Line.o
 .comment       0x0000000000000049       0x4a ./source/TSI.o
 .comment       0x0000000000000049       0x4a ./source/cbfifo.o
 .comment       0x0000000000000049       0x4a ./source/i2c.o
 .comment       0x0000000000000049       0x4a ./source/main.o
 .comment       0x0000000000000049       0x4a ./source/mtb.o
 .comment       0x0000000000000049       0x4a ./source/process_command.o
 .comment       0x0000000000000049       0x4a ./source/pwm.o
 .comment       0x0000000000000049       0x4a ./source/rgb_led.o
 .comment       0x0000000000000049       0x4a ./source/semihost_hardfault.o
 .comment       0x0000000000000049       0x4a ./source/sht21.o
 .comment       0x0000000000000049       0x4a ./source/state_machine.o
 .comment       0x0000000000000049       0x4a ./source/sysclock.o
 .comment       0x0000000000000049       0x4a ./source/timer.o
 .comment       0x0000000000000049       0x4a ./source/uart.o
 .comment       0x0000000000000049       0x4a ./source/wdt.o
 .comment       0x0000000000000049       0x4a ./drivers/fsl_clock.o
 .comment       0x0000000000000049       0x4a ./drivers/fsl_lpsci.o
 .comment       0x0000000000000049       0x4a ./drivers/fsl_uart.o
 .comment       0x0000000000000049       0x4a ./board/board.o
 .comment       0x0000000000000049       0x4a ./board/clock_config.o
 .comment       0x0000000000000049       0x4a ./board/peripherals.o
 .comment       0x0000000000000049       0x4a ./board/pin_mux.o
 .comment       0x0000000000000049       0x4a ./CMSIS/system_MKL25Z4.o
 .comment       0x0000000000000049       0x4a /Applications/MCUXpressoIDE_11.7.0_9198/ide/plugins/com.nxp.mcuxpresso.tools.macosx_11.7.0.202209140929/tools/bin/../lib/gcc/arm-none-eabi/10.3.1/../../../../arm-none-eabi/lib/thumb/v6-m/nofp/libcr_semihost_nf.a(__ciob.o)
 .comment       0x0000000000000049       0x4a /Applications/MCUXpressoIDE_11.7.0_9198/ide/plugins/com.nxp.mcuxpresso.tools.macosx_11.7.0.202209140929/tools/bin/../lib/gcc/arm-none-eabi/10.3.1/../../../../arm-none-eabi/lib/thumb/v6-m/nofp/libcr_semihost_nf.a(_cr__main.o)
 .comment       0x0000000000000049       0x4a /Applications/MCUXpressoIDE_11.7.0_9198/ide/plugins/com.nxp.mcuxpresso.tools.macosx_11.7.0.202209140929/tools/bin/../lib/gcc/arm-none-eabi/10.3.1/../../../../arm-none-eabi/lib/thumb/v6-m/nofp/libcr_c.a(memcpy.o)
 .comment       0x0000000000000049       0x4a /Applications/MCUXpressoIDE_11.7.0_9198/ide/plugins/com.nxp.mcuxpresso.tools.macosx_11.7.0.202209140929/tools/bin/../lib/gcc/arm-none-eabi/10.3.1/../../../../arm-none-eabi/lib/thumb/v6-m/nofp/libcr_c.a(memset.o)
 .comment       0x0000000000000049       0x4a /Applications/MCUXpressoIDE_11.7.0_9198/ide/plugins/com.nxp.mcuxpresso.tools.macosx_11.7.0.202209140929/tools/bin/../lib/gcc/arm-none-eabi/10.3.1/../../../../arm-none-eabi/lib/thumb/v6-m/nofp/libcr_c.a(_deferredlazyseek.o)
 .comment       0x0000000000000049       0x4a /Applications/MCUXpressoIDE_11.7.0_9198/ide/plugins/com.nxp.mcuxpresso.tools.macosx_11.7.0.202209140929/tools/bin/../lib/gcc/arm-none-eabi/10.3.1/../../../../arm-none-eabi/lib/thumb/v6-m/nofp/libcr_c.a(_fflush.o)
 .comment       0x0000000000000049       0x4a /Applications/MCUXpressoIDE_11.7.0_9198/ide/plugins/com.nxp.mcuxpresso.tools.macosx_11.7.0.202209140929/tools/bin/../lib/gcc/arm-none-eabi/10.3.1/../../../../arm-none-eabi/lib/thumb/v6-m/nofp/libcr_c.a(_writebuf.o)
 .comment       0x0000000000000049       0x4a /Applications/MCUXpressoIDE_11.7.0_9198/ide/plugins/com.nxp.mcuxpresso.tools.macosx_11.7.0.202209140929/tools/bin/../lib/gcc/arm-none-eabi/10.3.1/../../../../arm-none-eabi/lib/thumb/v6-m/nofp/libcr_c.a(alloc.o)
 .comment       0x0000000000000049       0x4a /Applications/MCUXpressoIDE_11.7.0_9198/ide/plugins/com.nxp.mcuxpresso.tools.macosx_11.7.0.202209140929/tools/bin/../lib/gcc/arm-none-eabi/10.3.1/../../../../arm-none-eabi/lib/thumb/v6-m/nofp/libcr_c.a(fseek.o)
 .comment       0x0000000000000049       0x4a /Applications/MCUXpressoIDE_11.7.0_9198/ide/plugins/com.nxp.mcuxpresso.tools.macosx_11.7.0.202209140929/tools/bin/../lib/gcc/arm-none-eabi/10.3.1/../../../../arm-none-eabi/lib/thumb/v6-m/nofp/libcr_c.a(ftell.o)
 .comment       0x0000000000000049       0x4a /Applications/MCUXpressoIDE_11.7.0_9198/ide/plugins/com.nxp.mcuxpresso.tools.macosx_11.7.0.202209140929/tools/bin/../lib/gcc/arm-none-eabi/10.3.1/../../../../arm-none-eabi/lib/thumb/v6-m/nofp/libcr_c.a(initio.o)
 .comment       0x0000000000000049       0x4a /Applications/MCUXpressoIDE_11.7.0_9198/ide/plugins/com.nxp.mcuxpresso.tools.macosx_11.7.0.202209140929/tools/bin/../lib/gcc/arm-none-eabi/10.3.1/../../../../arm-none-eabi/lib/thumb/v6-m/nofp/libcr_c.a(printf.o)
 .comment       0x0000000000000049       0x4a /Applications/MCUXpressoIDE_11.7.0_9198/ide/plugins/com.nxp.mcuxpresso.tools.macosx_11.7.0.202209140929/tools/bin/../lib/gcc/arm-none-eabi/10.3.1/../../../../arm-none-eabi/lib/thumb/v6-m/nofp/libcr_c.a(setvbuf.o)
 .comment       0x0000000000000049       0x4a /Applications/MCUXpressoIDE_11.7.0_9198/ide/plugins/com.nxp.mcuxpresso.tools.macosx_11.7.0.202209140929/tools/bin/../lib/gcc/arm-none-eabi/10.3.1/../../../../arm-none-eabi/lib/thumb/v6-m/nofp/libcr_c.a(strcasecmp.o)
 .comment       0x0000000000000049       0x4a /Applications/MCUXpressoIDE_11.7.0_9198/ide/plugins/com.nxp.mcuxpresso.tools.macosx_11.7.0.202209140929/tools/bin/../lib/gcc/arm-none-eabi/10.3.1/../../../../arm-none-eabi/lib/thumb/v6-m/nofp/libcr_c.a(strlen.o)
 .comment       0x0000000000000049       0x4a /Applications/MCUXpressoIDE_11.7.0_9198/ide/plugins/com.nxp.mcuxpresso.tools.macosx_11.7.0.202209140929/tools/bin/../lib/gcc/arm-none-eabi/10.3.1/../../../../arm-none-eabi/lib/thumb/v6-m/nofp/libcr_c.a(__init_alloc.o)
 .comment       0x0000000000000049       0x4a /Applications/MCUXpressoIDE_11.7.0_9198/ide/plugins/com.nxp.mcuxpresso.tools.macosx_11.7.0.202209140929/tools/bin/../lib/gcc/arm-none-eabi/10.3.1/../../../../arm-none-eabi/lib/thumb/v6-m/nofp/libcr_c.a(_cr_sbrk.o)
 .comment       0x0000000000000049       0x4a /Applications/MCUXpressoIDE_11.7.0_9198/ide/plugins/com.nxp.mcuxpresso.tools.macosx_11.7.0.202209140929/tools/bin/../lib/gcc/arm-none-eabi/10.3.1/../../../../arm-none-eabi/lib/thumb/v6-m/nofp/libcr_c.a(_fdopen.o)
 .comment       0x0000000000000049       0x4a /Applications/MCUXpressoIDE_11.7.0_9198/ide/plugins/com.nxp.mcuxpresso.tools.macosx_11.7.0.202209140929/tools/bin/../lib/gcc/arm-none-eabi/10.3.1/../../../../arm-none-eabi/lib/thumb/v6-m/nofp/libcr_c.a(ctype.o)
 .comment       0x0000000000000049       0x4a /Applications/MCUXpressoIDE_11.7.0_9198/ide/plugins/com.nxp.mcuxpresso.tools.macosx_11.7.0.202209140929/tools/bin/../lib/gcc/arm-none-eabi/10.3.1/../../../../arm-none-eabi/lib/thumb/v6-m/nofp/libcr_c.a(errno.o)
 .comment       0x0000000000000049       0x4a /Applications/MCUXpressoIDE_11.7.0_9198/ide/plugins/com.nxp.mcuxpresso.tools.macosx_11.7.0.202209140929/tools/bin/../lib/gcc/arm-none-eabi/10.3.1/../../../../arm-none-eabi/lib/thumb/v6-m/nofp/libcr_c.a(fclose.o)
 .comment       0x0000000000000049       0x4a /Applications/MCUXpressoIDE_11.7.0_9198/ide/plugins/com.nxp.mcuxpresso.tools.macosx_11.7.0.202209140929/tools/bin/../lib/gcc/arm-none-eabi/10.3.1/../../../../arm-none-eabi/lib/thumb/v6-m/nofp/libcr_c.a(fflush.o)
 .comment       0x0000000000000049       0x4a /Applications/MCUXpressoIDE_11.7.0_9198/ide/plugins/com.nxp.mcuxpresso.tools.macosx_11.7.0.202209140929/tools/bin/../lib/gcc/arm-none-eabi/10.3.1/../../../../arm-none-eabi/lib/thumb/v6-m/nofp/libcr_c.a(remove.o)
 .comment       0x0000000000000049       0x4a /Applications/MCUXpressoIDE_11.7.0_9198/ide/plugins/com.nxp.mcuxpresso.tools.macosx_11.7.0.202209140929/tools/bin/../lib/gcc/arm-none-eabi/10.3.1/../../../../arm-none-eabi/lib/thumb/v6-m/nofp/libcr_c.a(_cr_check_heap.o)
 .comment       0x0000000000000049       0x4a /Applications/MCUXpressoIDE_11.7.0_9198/ide/plugins/com.nxp.mcuxpresso.tools.macosx_11.7.0.202209140929/tools/bin/../lib/gcc/arm-none-eabi/10.3.1/../../../../arm-none-eabi/lib/thumb/v6-m/nofp/libcr_c.a(_do_fflush.o)
 .comment       0x0000000000000049       0x4a /Applications/MCUXpressoIDE_11.7.0_9198/ide/plugins/com.nxp.mcuxpresso.tools.macosx_11.7.0.202209140929/tools/bin/../lib/gcc/arm-none-eabi/10.3.1/thumb/v6-m/nofp/libcr_eabihelpers.a(double.o)
 .comment       0x0000000000000049       0x4a /Applications/MCUXpressoIDE_11.7.0_9198/ide/plugins/com.nxp.mcuxpresso.tools.macosx_11.7.0.202209140929/tools/bin/../lib/gcc/arm-none-eabi/10.3.1/thumb/v6-m/nofp/libcr_eabihelpers.a(float.o)

.ARM.attributes
                0x0000000000000000       0x2a
 .ARM.attributes
                0x0000000000000000       0x2c ./utilities/fsl_debug_console.o
 .ARM.attributes
                0x000000000000002c       0x2c ./startup/startup_mkl25z4.o
 .ARM.attributes
                0x0000000000000058       0x2c ./source/Accumulate_Line.o
 .ARM.attributes
                0x0000000000000084       0x2c ./source/TSI.o
 .ARM.attributes
                0x00000000000000b0       0x2c ./source/cbfifo.o
 .ARM.attributes
                0x00000000000000dc       0x2c ./source/i2c.o
 .ARM.attributes
                0x0000000000000108       0x2c ./source/main.o
 .ARM.attributes
                0x0000000000000134       0x2c ./source/mtb.o
 .ARM.attributes
                0x0000000000000160       0x2c ./source/process_command.o
 .ARM.attributes
                0x000000000000018c       0x2c ./source/pwm.o
 .ARM.attributes
                0x00000000000001b8       0x2c ./source/rgb_led.o
 .ARM.attributes
                0x00000000000001e4       0x2c ./source/semihost_hardfault.o
 .ARM.attributes
                0x0000000000000210       0x2c ./source/sht21.o
 .ARM.attributes
                0x000000000000023c       0x2c ./source/state_machine.o
 .ARM.attributes
                0x0000000000000268       0x2c ./source/sysclock.o
 .ARM.attributes
                0x0000000000000294       0x2c ./source/timer.o
 .ARM.attributes
                0x00000000000002c0       0x2c ./source/uart.o
 .ARM.attributes
                0x00000000000002ec       0x2c ./source/wdt.o
 .ARM.attributes
                0x0000000000000318       0x2c ./drivers/fsl_clock.o
 .ARM.attributes
                0x0000000000000344       0x2c ./drivers/fsl_lpsci.o
 .ARM.attributes
                0x0000000000000370       0x2c ./drivers/fsl_uart.o
 .ARM.attributes
                0x000000000000039c       0x2c ./board/board.o
 .ARM.attributes
                0x00000000000003c8       0x2c ./board/clock_config.o
 .ARM.attributes
                0x00000000000003f4       0x2c ./board/peripherals.o
 .ARM.attributes
                0x0000000000000420       0x2c ./board/pin_mux.o
 .ARM.attributes
                0x000000000000044c       0x2c ./CMSIS/system_MKL25Z4.o
 .ARM.attributes
                0x0000000000000478       0x2c /Applications/MCUXpressoIDE_11.7.0_9198/ide/plugins/com.nxp.mcuxpresso.tools.macosx_11.7.0.202209140929/tools/bin/../lib/gcc/arm-none-eabi/10.3.1/../../../../arm-none-eabi/lib/thumb/v6-m/nofp/libcr_semihost_nf.a(__ciob.o)
 .ARM.attributes
                0x00000000000004a4       0x2c /Applications/MCUXpressoIDE_11.7.0_9198/ide/plugins/com.nxp.mcuxpresso.tools.macosx_11.7.0.202209140929/tools/bin/../lib/gcc/arm-none-eabi/10.3.1/../../../../arm-none-eabi/lib/thumb/v6-m/nofp/libcr_semihost_nf.a(_cr__main.o)
 .ARM.attributes
                0x00000000000004d0       0x2c /Applications/MCUXpressoIDE_11.7.0_9198/ide/plugins/com.nxp.mcuxpresso.tools.macosx_11.7.0.202209140929/tools/bin/../lib/gcc/arm-none-eabi/10.3.1/../../../../arm-none-eabi/lib/thumb/v6-m/nofp/libcr_c.a(memcpy.o)
 .ARM.attributes
                0x00000000000004fc       0x2c /Applications/MCUXpressoIDE_11.7.0_9198/ide/plugins/com.nxp.mcuxpresso.tools.macosx_11.7.0.202209140929/tools/bin/../lib/gcc/arm-none-eabi/10.3.1/../../../../arm-none-eabi/lib/thumb/v6-m/nofp/libcr_c.a(memset.o)
 .ARM.attributes
                0x0000000000000528       0x2c /Applications/MCUXpressoIDE_11.7.0_9198/ide/plugins/com.nxp.mcuxpresso.tools.macosx_11.7.0.202209140929/tools/bin/../lib/gcc/arm-none-eabi/10.3.1/../../../../arm-none-eabi/lib/thumb/v6-m/nofp/libcr_c.a(_deferredlazyseek.o)
 .ARM.attributes
                0x0000000000000554       0x2c /Applications/MCUXpressoIDE_11.7.0_9198/ide/plugins/com.nxp.mcuxpresso.tools.macosx_11.7.0.202209140929/tools/bin/../lib/gcc/arm-none-eabi/10.3.1/../../../../arm-none-eabi/lib/thumb/v6-m/nofp/libcr_c.a(_fflush.o)
 .ARM.attributes
                0x0000000000000580       0x2c /Applications/MCUXpressoIDE_11.7.0_9198/ide/plugins/com.nxp.mcuxpresso.tools.macosx_11.7.0.202209140929/tools/bin/../lib/gcc/arm-none-eabi/10.3.1/../../../../arm-none-eabi/lib/thumb/v6-m/nofp/libcr_c.a(_writebuf.o)
 .ARM.attributes
                0x00000000000005ac       0x2c /Applications/MCUXpressoIDE_11.7.0_9198/ide/plugins/com.nxp.mcuxpresso.tools.macosx_11.7.0.202209140929/tools/bin/../lib/gcc/arm-none-eabi/10.3.1/../../../../arm-none-eabi/lib/thumb/v6-m/nofp/libcr_c.a(alloc.o)
 .ARM.attributes
                0x00000000000005d8       0x2c /Applications/MCUXpressoIDE_11.7.0_9198/ide/plugins/com.nxp.mcuxpresso.tools.macosx_11.7.0.202209140929/tools/bin/../lib/gcc/arm-none-eabi/10.3.1/../../../../arm-none-eabi/lib/thumb/v6-m/nofp/libcr_c.a(fseek.o)
 .ARM.attributes
                0x0000000000000604       0x2c /Applications/MCUXpressoIDE_11.7.0_9198/ide/plugins/com.nxp.mcuxpresso.tools.macosx_11.7.0.202209140929/tools/bin/../lib/gcc/arm-none-eabi/10.3.1/../../../../arm-none-eabi/lib/thumb/v6-m/nofp/libcr_c.a(ftell.o)
 .ARM.attributes
                0x0000000000000630       0x2c /Applications/MCUXpressoIDE_11.7.0_9198/ide/plugins/com.nxp.mcuxpresso.tools.macosx_11.7.0.202209140929/tools/bin/../lib/gcc/arm-none-eabi/10.3.1/../../../../arm-none-eabi/lib/thumb/v6-m/nofp/libcr_c.a(initio.o)
 .ARM.attributes
                0x000000000000065c       0x2c /Applications/MCUXpressoIDE_11.7.0_9198/ide/plugins/com.nxp.mcuxpresso.tools.macosx_11.7.0.202209140929/tools/bin/../lib/gcc/arm-none-eabi/10.3.1/../../../../arm-none-eabi/lib/thumb/v6-m/nofp/libcr_c.a(printf.o)
 .ARM.attributes
                0x0000000000000688       0x2c /Applications/MCUXpressoIDE_11.7.0_9198/ide/plugins/com.nxp.mcuxpresso.tools.macosx_11.7.0.202209140929/tools/bin/../lib/gcc/arm-none-eabi/10.3.1/../../../../arm-none-eabi/lib/thumb/v6-m/nofp/libcr_c.a(setvbuf.o)
 .ARM.attributes
                0x00000000000006b4       0x2c /Applications/MCUXpressoIDE_11.7.0_9198/ide/plugins/com.nxp.mcuxpresso.tools.macosx_11.7.0.202209140929/tools/bin/../lib/gcc/arm-none-eabi/10.3.1/../../../../arm-none-eabi/lib/thumb/v6-m/nofp/libcr_c.a(strcasecmp.o)
 .ARM.attributes
                0x00000000000006e0       0x2c /Applications/MCUXpressoIDE_11.7.0_9198/ide/plugins/com.nxp.mcuxpresso.tools.macosx_11.7.0.202209140929/tools/bin/../lib/gcc/arm-none-eabi/10.3.1/../../../../arm-none-eabi/lib/thumb/v6-m/nofp/libcr_c.a(strlen.o)
 .ARM.attributes
                0x000000000000070c       0x2c /Applications/MCUXpressoIDE_11.7.0_9198/ide/plugins/com.nxp.mcuxpresso.tools.macosx_11.7.0.202209140929/tools/bin/../lib/gcc/arm-none-eabi/10.3.1/../../../../arm-none-eabi/lib/thumb/v6-m/nofp/libcr_c.a(__init_alloc.o)
 .ARM.attributes
                0x0000000000000738       0x2c /Applications/MCUXpressoIDE_11.7.0_9198/ide/plugins/com.nxp.mcuxpresso.tools.macosx_11.7.0.202209140929/tools/bin/../lib/gcc/arm-none-eabi/10.3.1/../../../../arm-none-eabi/lib/thumb/v6-m/nofp/libcr_c.a(_cr_sbrk.o)
 .ARM.attributes
                0x0000000000000764       0x2c /Applications/MCUXpressoIDE_11.7.0_9198/ide/plugins/com.nxp.mcuxpresso.tools.macosx_11.7.0.202209140929/tools/bin/../lib/gcc/arm-none-eabi/10.3.1/../../../../arm-none-eabi/lib/thumb/v6-m/nofp/libcr_c.a(_fdopen.o)
 .ARM.attributes
                0x0000000000000790       0x2c /Applications/MCUXpressoIDE_11.7.0_9198/ide/plugins/com.nxp.mcuxpresso.tools.macosx_11.7.0.202209140929/tools/bin/../lib/gcc/arm-none-eabi/10.3.1/../../../../arm-none-eabi/lib/thumb/v6-m/nofp/libcr_c.a(ctype.o)
 .ARM.attributes
                0x00000000000007bc       0x2c /Applications/MCUXpressoIDE_11.7.0_9198/ide/plugins/com.nxp.mcuxpresso.tools.macosx_11.7.0.202209140929/tools/bin/../lib/gcc/arm-none-eabi/10.3.1/../../../../arm-none-eabi/lib/thumb/v6-m/nofp/libcr_c.a(errno.o)
 .ARM.attributes
                0x00000000000007e8       0x2c /Applications/MCUXpressoIDE_11.7.0_9198/ide/plugins/com.nxp.mcuxpresso.tools.macosx_11.7.0.202209140929/tools/bin/../lib/gcc/arm-none-eabi/10.3.1/../../../../arm-none-eabi/lib/thumb/v6-m/nofp/libcr_c.a(fclose.o)
 .ARM.attributes
                0x0000000000000814       0x2c /Applications/MCUXpressoIDE_11.7.0_9198/ide/plugins/com.nxp.mcuxpresso.tools.macosx_11.7.0.202209140929/tools/bin/../lib/gcc/arm-none-eabi/10.3.1/../../../../arm-none-eabi/lib/thumb/v6-m/nofp/libcr_c.a(fflush.o)
 .ARM.attributes
                0x0000000000000840       0x2c /Applications/MCUXpressoIDE_11.7.0_9198/ide/plugins/com.nxp.mcuxpresso.tools.macosx_11.7.0.202209140929/tools/bin/../lib/gcc/arm-none-eabi/10.3.1/../../../../arm-none-eabi/lib/thumb/v6-m/nofp/libcr_c.a(remove.o)
 .ARM.attributes
                0x000000000000086c       0x2c /Applications/MCUXpressoIDE_11.7.0_9198/ide/plugins/com.nxp.mcuxpresso.tools.macosx_11.7.0.202209140929/tools/bin/../lib/gcc/arm-none-eabi/10.3.1/../../../../arm-none-eabi/lib/thumb/v6-m/nofp/libcr_c.a(_cr_check_heap.o)
 .ARM.attributes
                0x0000000000000898       0x2c /Applications/MCUXpressoIDE_11.7.0_9198/ide/plugins/com.nxp.mcuxpresso.tools.macosx_11.7.0.202209140929/tools/bin/../lib/gcc/arm-none-eabi/10.3.1/../../../../arm-none-eabi/lib/thumb/v6-m/nofp/libcr_c.a(_do_fflush.o)
 .ARM.attributes
                0x00000000000008c4       0x1c /Applications/MCUXpressoIDE_11.7.0_9198/ide/plugins/com.nxp.mcuxpresso.tools.macosx_11.7.0.202209140929/tools/bin/../lib/gcc/arm-none-eabi/10.3.1/thumb/v6-m/nofp/libcr_eabihelpers.a(division_32.o)
 .ARM.attributes
                0x00000000000008e0       0x1c /Applications/MCUXpressoIDE_11.7.0_9198/ide/plugins/com.nxp.mcuxpresso.tools.macosx_11.7.0.202209140929/tools/bin/../lib/gcc/arm-none-eabi/10.3.1/thumb/v6-m/nofp/libcr_eabihelpers.a(division_idiv0.o)
 .ARM.attributes
                0x00000000000008fc       0x2c /Applications/MCUXpressoIDE_11.7.0_9198/ide/plugins/com.nxp.mcuxpresso.tools.macosx_11.7.0.202209140929/tools/bin/../lib/gcc/arm-none-eabi/10.3.1/thumb/v6-m/nofp/libcr_eabihelpers.a(double.o)
 .ARM.attributes
                0x0000000000000928       0x2c /Applications/MCUXpressoIDE_11.7.0_9198/ide/plugins/com.nxp.mcuxpresso.tools.macosx_11.7.0.202209140929/tools/bin/../lib/gcc/arm-none-eabi/10.3.1/thumb/v6-m/nofp/libcr_eabihelpers.a(float.o)
 .ARM.attributes
                0x0000000000000954       0x1c /Applications/MCUXpressoIDE_11.7.0_9198/ide/plugins/com.nxp.mcuxpresso.tools.macosx_11.7.0.202209140929/tools/bin/../lib/gcc/arm-none-eabi/10.3.1/thumb/v6-m/nofp/libcr_eabihelpers.a(llong.o)
 .ARM.attributes
                0x0000000000000970       0x1c /Applications/MCUXpressoIDE_11.7.0_9198/ide/plugins/com.nxp.mcuxpresso.tools.macosx_11.7.0.202209140929/tools/bin/../lib/gcc/arm-none-eabi/10.3.1/thumb/v6-m/nofp/libcr_eabihelpers.a(memcpy.o)
 .ARM.attributes
                0x000000000000098c       0x1c /Applications/MCUXpressoIDE_11.7.0_9198/ide/plugins/com.nxp.mcuxpresso.tools.macosx_11.7.0.202209140929/tools/bin/../lib/gcc/arm-none-eabi/10.3.1/thumb/v6-m/nofp/libcr_eabihelpers.a(thumb1_switch_helpers.o)
 .ARM.attributes
                0x00000000000009a8       0x1c /Applications/MCUXpressoIDE_11.7.0_9198/ide/plugins/com.nxp.mcuxpresso.tools.macosx_11.7.0.202209140929/tools/bin/../lib/gcc/arm-none-eabi/10.3.1/../../../../arm-none-eabi/lib/thumb/v6-m/nofp/libcr_semihost_nf.a(__sys_appexit.o)
 .ARM.attributes
                0x00000000000009c4       0x1c /Applications/MCUXpressoIDE_11.7.0_9198/ide/plugins/com.nxp.mcuxpresso.tools.macosx_11.7.0.202209140929/tools/bin/../lib/gcc/arm-none-eabi/10.3.1/../../../../arm-none-eabi/lib/thumb/v6-m/nofp/libcr_semihost_nf.a(__sys_close.o)
 .ARM.attributes
                0x00000000000009e0       0x1c /Applications/MCUXpressoIDE_11.7.0_9198/ide/plugins/com.nxp.mcuxpresso.tools.macosx_11.7.0.202209140929/tools/bin/../lib/gcc/arm-none-eabi/10.3.1/../../../../arm-none-eabi/lib/thumb/v6-m/nofp/libcr_semihost_nf.a(__sys_flen.o)
 .ARM.attributes
                0x00000000000009fc       0x1c /Applications/MCUXpressoIDE_11.7.0_9198/ide/plugins/com.nxp.mcuxpresso.tools.macosx_11.7.0.202209140929/tools/bin/../lib/gcc/arm-none-eabi/10.3.1/../../../../arm-none-eabi/lib/thumb/v6-m/nofp/libcr_semihost_nf.a(__sys_istty.o)
 .ARM.attributes
                0x0000000000000a18       0x1c /Applications/MCUXpressoIDE_11.7.0_9198/ide/plugins/com.nxp.mcuxpresso.tools.macosx_11.7.0.202209140929/tools/bin/../lib/gcc/arm-none-eabi/10.3.1/../../../../arm-none-eabi/lib/thumb/v6-m/nofp/libcr_semihost_nf.a(__sys_remove.o)
 .ARM.attributes
                0x0000000000000a34       0x1c /Applications/MCUXpressoIDE_11.7.0_9198/ide/plugins/com.nxp.mcuxpresso.tools.macosx_11.7.0.202209140929/tools/bin/../lib/gcc/arm-none-eabi/10.3.1/../../../../arm-none-eabi/lib/thumb/v6-m/nofp/libcr_semihost_nf.a(__sys_seek.o)
 .ARM.attributes
                0x0000000000000a50       0x1c /Applications/MCUXpressoIDE_11.7.0_9198/ide/plugins/com.nxp.mcuxpresso.tools.macosx_11.7.0.202209140929/tools/bin/../lib/gcc/arm-none-eabi/10.3.1/../../../../arm-none-eabi/lib/thumb/v6-m/nofp/libcr_semihost_nf.a(__sys_tmpnam.o)

.debug_frame    0x0000000000000000     0x14b8
 .debug_frame   0x0000000000000000       0x4c ./utilities/fsl_debug_console.o
 .debug_frame   0x000000000000004c      0x3bc ./startup/startup_mkl25z4.o
 .debug_frame   0x0000000000000408       0x30 ./source/Accumulate_Line.o
 .debug_frame   0x0000000000000438       0x48 ./source/TSI.o
 .debug_frame   0x0000000000000480       0x80 ./source/cbfifo.o
 .debug_frame   0x0000000000000500       0x48 ./source/i2c.o
 .debug_frame   0x0000000000000548       0x2c ./source/main.o
 .debug_frame   0x0000000000000574       0xd0 ./source/process_command.o
 .debug_frame   0x0000000000000644       0x58 ./source/pwm.o
 .debug_frame   0x000000000000069c      0x124 ./source/rgb_led.o
 .debug_frame   0x00000000000007c0       0x20 ./source/semihost_hardfault.o
 .debug_frame   0x00000000000007e0       0x40 ./source/sht21.o
 .debug_frame   0x0000000000000820       0xac ./source/state_machine.o
 .debug_frame   0x00000000000008cc       0x20 ./source/sysclock.o
 .debug_frame   0x00000000000008ec       0x98 ./source/timer.o
 .debug_frame   0x0000000000000984       0xa0 ./source/uart.o
 .debug_frame   0x0000000000000a24       0x40 ./source/wdt.o
 .debug_frame   0x0000000000000a64      0x45c ./drivers/fsl_clock.o
 .debug_frame   0x0000000000000ec0      0x244 ./drivers/fsl_lpsci.o
 .debug_frame   0x0000000000001104      0x2a0 ./drivers/fsl_uart.o
 .debug_frame   0x00000000000013a4       0x28 ./board/board.o
 .debug_frame   0x00000000000013cc       0x58 ./board/clock_config.o
 .debug_frame   0x0000000000001424       0x20 ./board/peripherals.o
 .debug_frame   0x0000000000001444       0x38 ./board/pin_mux.o
 .debug_frame   0x000000000000147c       0x3c ./CMSIS/system_MKL25Z4.o

Cross Reference Table

Symbol                                            File
ADC0_DriverIRQHandler                             ./startup/startup_mkl25z4.o
ADC0_IRQHandler                                   ./startup/startup_mkl25z4.o
BOARD_BootClockRUN                                ./board/clock_config.o
BOARD_BootClockVLPR                               ./board/clock_config.o
BOARD_InitBootClocks                              ./board/clock_config.o
                                                  ./source/main.o
BOARD_InitBootPeripherals                         ./board/peripherals.o
                                                  ./source/main.o
BOARD_InitBootPins                                ./board/pin_mux.o
                                                  ./source/main.o
BOARD_InitDebugConsole                            ./board/board.o
                                                  ./source/main.o
BOARD_InitPins                                    ./board/pin_mux.o
CB_fifo_type                                      ./source/cbfifo.o
CLOCK_BootToBlpeMode                              ./drivers/fsl_clock.o
CLOCK_BootToBlpiMode                              ./drivers/fsl_clock.o
                                                  ./board/clock_config.o
CLOCK_BootToFeeMode                               ./drivers/fsl_clock.o
CLOCK_BootToFeiMode                               ./drivers/fsl_clock.o
CLOCK_BootToPeeMode                               ./drivers/fsl_clock.o
                                                  ./board/clock_config.o
CLOCK_CalcPllDiv                                  ./drivers/fsl_clock.o
CLOCK_ClearStatusFlags                            ./drivers/fsl_clock.o
CLOCK_DeinitOsc0                                  ./drivers/fsl_clock.o
CLOCK_EnablePll0                                  ./drivers/fsl_clock.o
CLOCK_EnableUsbfs0Clock                           ./drivers/fsl_clock.o
CLOCK_ExternalModeToFbeModeQuick                  ./drivers/fsl_clock.o
CLOCK_FllStableDelay                              ./drivers/fsl_clock.o
CLOCK_GetBusClkFreq                               ./drivers/fsl_clock.o
CLOCK_GetCoreSysClkFreq                           ./drivers/fsl_clock.o
CLOCK_GetEr32kClkFreq                             ./drivers/fsl_clock.o
CLOCK_GetFixedFreqClkFreq                         ./drivers/fsl_clock.o
CLOCK_GetFlashClkFreq                             ./drivers/fsl_clock.o
CLOCK_GetFllFreq                                  ./drivers/fsl_clock.o
CLOCK_GetFreq                                     ./drivers/fsl_clock.o
CLOCK_GetInternalRefClkFreq                       ./drivers/fsl_clock.o
CLOCK_GetMode                                     ./drivers/fsl_clock.o
CLOCK_GetOsc0ErClkFreq                            ./drivers/fsl_clock.o
CLOCK_GetOutClkFreq                               ./drivers/fsl_clock.o
CLOCK_GetPlatClkFreq                              ./drivers/fsl_clock.o
CLOCK_GetPll0Freq                                 ./drivers/fsl_clock.o
CLOCK_GetPllFllSelClkFreq                         ./drivers/fsl_clock.o
                                                  ./board/board.o
CLOCK_GetStatusFlags                              ./drivers/fsl_clock.o
CLOCK_InitOsc0                                    ./drivers/fsl_clock.o
                                                  ./board/clock_config.o
CLOCK_InternalModeToFbiModeQuick                  ./drivers/fsl_clock.o